/home/gek/Programming/3ds/templates/TinyGLDemo/source/arrays.c: In function 'glNormalPointer':
/home/gek/Programming/3ds/templates/TinyGLDemo/source/arrays.c:181:11: warning: variable 'p' set but not used [-Wunused-but-set-variable]
  181 |   GLParam p[3];
      |           ^
/home/gek/Programming/3ds/templates/TinyGLDemo/source/arrays.c: In function 'glTexCoordPointer':
/home/gek/Programming/3ds/templates/TinyGLDemo/source/arrays.c:200:11: warning: variable 'p' set but not used [-Wunused-but-set-variable]
  200 |   GLParam p[4];
      |           ^
/home/gek/Programming/3ds/templates/TinyGLDemo/source/api.c: In function 'glPolygonOffset':
/home/gek/Programming/3ds/templates/TinyGLDemo/source/api.c:627:11: warning: variable 'p' set but not used [-Wunused-but-set-variable]
  627 |   GLParam p[3];
      |           ^
In file included from /home/gek/Programming/3ds/templates/TinyGLDemo/source/main.c:14:
/home/gek/Programming/3ds/templates/TinyGLDemo/source/include/api.h: In function 'tri2dND':
/home/gek/Programming/3ds/templates/TinyGLDemo/source/include/api.h:754:26: warning: unused variable 'z2' [-Wunused-variable]
  754 |  const float z0=0, z1=0, z2=0;
      |                          ^~
/home/gek/Programming/3ds/templates/TinyGLDemo/source/include/api.h:754:20: warning: unused variable 'z1' [-Wunused-variable]
  754 |  const float z0=0, z1=0, z2=0;
      |                    ^~
/home/gek/Programming/3ds/templates/TinyGLDemo/source/include/api.h:754:14: warning: unused variable 'z0' [-Wunused-variable]
  754 |  const float z0=0, z1=0, z2=0;
      |              ^~
/home/gek/Programming/3ds/templates/TinyGLDemo/source/include/api.h: In function 'cWin':
/home/gek/Programming/3ds/templates/TinyGLDemo/source/include/api.h:1039:2: warning: this 'if' clause does not guard... [-Wmisleading-indentation]
 1039 |  if(dbuff)free(dbuff);dbuff=NULL;
      |  ^~
/home/gek/Programming/3ds/templates/TinyGLDemo/source/include/api.h:1039:23: note: ...this statement, but the latter is misleadingly indented as if it were guarded by the 'if'
 1039 |  if(dbuff)free(dbuff);dbuff=NULL;
      |                       ^~~~~
/home/gek/Programming/3ds/templates/TinyGLDemo/source/include/api.h: In function 'clean':
/home/gek/Programming/3ds/templates/TinyGLDemo/source/include/api.h:1070:2: warning: this 'if' clause does not guard... [-Wmisleading-indentation]
 1070 |  if(actualSurf.pixels)free(actualSurf.pixels); actualSurf.pixels = NULL;
      |  ^~
/home/gek/Programming/3ds/templates/TinyGLDemo/source/include/api.h:1070:48: note: ...this statement, but the latter is misleadingly indented as if it were guarded by the 'if'
 1070 |  if(actualSurf.pixels)free(actualSurf.pixels); actualSurf.pixels = NULL;
      |                                                ^~~~~~~~~~
In file included from /home/gek/Programming/3ds/templates/TinyGLDemo/source/include/api.h:38,
                 from /home/gek/Programming/3ds/templates/TinyGLDemo/source/include/gl_helpers.h:5,
                 from /home/gek/Programming/3ds/templates/TinyGLDemo/source/main.c:15:
/home/gek/Programming/3ds/templates/TinyGLDemo/source/include/stb_image.h: At top level:
/home/gek/Programming/3ds/templates/TinyGLDemo/source/include/stb_image.h:752:3: error: conflicting types for 'stbi__context'
  752 | } stbi__context;
      |   ^~~~~~~~~~~~~
In file included from /home/gek/Programming/3ds/templates/TinyGLDemo/source/include/api.h:38,
                 from /home/gek/Programming/3ds/templates/TinyGLDemo/source/main.c:14:
/home/gek/Programming/3ds/templates/TinyGLDemo/source/include/stb_image.h:752:3: note: previous declaration of 'stbi__context' was here
  752 | } stbi__context;
      |   ^~~~~~~~~~~~~
In file included from /home/gek/Programming/3ds/templates/TinyGLDemo/source/include/api.h:38,
                 from /home/gek/Programming/3ds/templates/TinyGLDemo/source/include/gl_helpers.h:5,
                 from /home/gek/Programming/3ds/templates/TinyGLDemo/source/main.c:15:
/home/gek/Programming/3ds/templates/TinyGLDemo/source/include/stb_image.h:754:13: error: conflicting types for 'stbi__refill_buffer'
  754 | static void stbi__refill_buffer(stbi__context* s);
      |             ^~~~~~~~~~~~~~~~~~~
In file included from /home/gek/Programming/3ds/templates/TinyGLDemo/source/include/api.h:38,
                 from /home/gek/Programming/3ds/templates/TinyGLDemo/source/main.c:14:
/home/gek/Programming/3ds/templates/TinyGLDemo/source/include/stb_image.h:1434:13: note: previous definition of 'stbi__refill_buffer' was here
 1434 | static void stbi__refill_buffer(stbi__context* s) {
      |             ^~~~~~~~~~~~~~~~~~~
In file included from /home/gek/Programming/3ds/templates/TinyGLDemo/source/include/api.h:38,
                 from /home/gek/Programming/3ds/templates/TinyGLDemo/source/include/gl_helpers.h:5,
                 from /home/gek/Programming/3ds/templates/TinyGLDemo/source/main.c:15:
/home/gek/Programming/3ds/templates/TinyGLDemo/source/include/stb_image.h:757:13: error: conflicting types for 'stbi__start_mem'
  757 | static void stbi__start_mem(stbi__context* s, stbi_uc const* buffer, int len) {
      |             ^~~~~~~~~~~~~~~
In file included from /home/gek/Programming/3ds/templates/TinyGLDemo/source/include/api.h:38,
                 from /home/gek/Programming/3ds/templates/TinyGLDemo/source/main.c:14:
/home/gek/Programming/3ds/templates/TinyGLDemo/source/include/stb_image.h:757:13: note: previous definition of 'stbi__start_mem' was here
  757 | static void stbi__start_mem(stbi__context* s, stbi_uc const* buffer, int len) {
      |             ^~~~~~~~~~~~~~~
In file included from /home/gek/Programming/3ds/templates/TinyGLDemo/source/include/api.h:38,
                 from /home/gek/Programming/3ds/templates/TinyGLDemo/source/include/gl_helpers.h:5,
                 from /home/gek/Programming/3ds/templates/TinyGLDemo/source/main.c:15:
/home/gek/Programming/3ds/templates/TinyGLDemo/source/include/stb_image.h:765:13: error: conflicting types for 'stbi__start_callbacks'
  765 | static void stbi__start_callbacks(stbi__context* s, stbi_io_callbacks* c, void* user) {
      |             ^~~~~~~~~~~~~~~~~~~~~
In file included from /home/gek/Programming/3ds/templates/TinyGLDemo/source/include/api.h:38,
                 from /home/gek/Programming/3ds/templates/TinyGLDemo/source/main.c:14:
/home/gek/Programming/3ds/templates/TinyGLDemo/source/include/stb_image.h:765:13: note: previous definition of 'stbi__start_callbacks' was here
  765 | static void stbi__start_callbacks(stbi__context* s, stbi_io_callbacks* c, void* user) {
      |             ^~~~~~~~~~~~~~~~~~~~~
In file included from /home/gek/Programming/3ds/templates/TinyGLDemo/source/include/api.h:38,
                 from /home/gek/Programming/3ds/templates/TinyGLDemo/source/include/gl_helpers.h:5,
                 from /home/gek/Programming/3ds/templates/TinyGLDemo/source/main.c:15:
/home/gek/Programming/3ds/templates/TinyGLDemo/source/include/stb_image.h:777:12: error: redefinition of 'stbi__stdio_read'
  777 | static int stbi__stdio_read(void* user, char* data, int size) { return (int)fread(data, 1, size, (FILE*)user); }
      |            ^~~~~~~~~~~~~~~~
In file included from /home/gek/Programming/3ds/templates/TinyGLDemo/source/include/api.h:38,
                 from /home/gek/Programming/3ds/templates/TinyGLDemo/source/main.c:14:
/home/gek/Programming/3ds/templates/TinyGLDemo/source/include/stb_image.h:777:12: note: previous definition of 'stbi__stdio_read' was here
  777 | static int stbi__stdio_read(void* user, char* data, int size) { return (int)fread(data, 1, size, (FILE*)user); }
      |            ^~~~~~~~~~~~~~~~
In file included from /home/gek/Programming/3ds/templates/TinyGLDemo/source/include/api.h:38,
                 from /home/gek/Programming/3ds/templates/TinyGLDemo/source/include/gl_helpers.h:5,
                 from /home/gek/Programming/3ds/templates/TinyGLDemo/source/main.c:15:
/home/gek/Programming/3ds/templates/TinyGLDemo/source/include/stb_image.h:779:13: error: redefinition of 'stbi__stdio_skip'
  779 | static void stbi__stdio_skip(void* user, int n) { fseek((FILE*)user, n, SEEK_CUR); }
      |             ^~~~~~~~~~~~~~~~
In file included from /home/gek/Programming/3ds/templates/TinyGLDemo/source/include/api.h:38,
                 from /home/gek/Programming/3ds/templates/TinyGLDemo/source/main.c:14:
/home/gek/Programming/3ds/templates/TinyGLDemo/source/include/stb_image.h:779:13: note: previous definition of 'stbi__stdio_skip' was here
  779 | static void stbi__stdio_skip(void* user, int n) { fseek((FILE*)user, n, SEEK_CUR); }
      |             ^~~~~~~~~~~~~~~~
In file included from /home/gek/Programming/3ds/templates/TinyGLDemo/source/include/api.h:38,
                 from /home/gek/Programming/3ds/templates/TinyGLDemo/source/include/gl_helpers.h:5,
                 from /home/gek/Programming/3ds/templates/TinyGLDemo/source/main.c:15:
/home/gek/Programming/3ds/templates/TinyGLDemo/source/include/stb_image.h:781:12: error: redefinition of 'stbi__stdio_eof'
  781 | static int stbi__stdio_eof(void* user) { return feof((FILE*)user); }
      |            ^~~~~~~~~~~~~~~
In file included from /home/gek/Programming/3ds/templates/TinyGLDemo/source/include/api.h:38,
                 from /home/gek/Programming/3ds/templates/TinyGLDemo/source/main.c:14:
/home/gek/Programming/3ds/templates/TinyGLDemo/source/include/stb_image.h:781:12: note: previous definition of 'stbi__stdio_eof' was here
  781 | static int stbi__stdio_eof(void* user) { return feof((FILE*)user); }
      |            ^~~~~~~~~~~~~~~
In file included from /home/gek/Programming/3ds/templates/TinyGLDemo/source/include/api.h:38,
                 from /home/gek/Programming/3ds/templates/TinyGLDemo/source/include/gl_helpers.h:5,
                 from /home/gek/Programming/3ds/templates/TinyGLDemo/source/main.c:15:
/home/gek/Programming/3ds/templates/TinyGLDemo/source/include/stb_image.h:783:26: error: redefinition of 'stbi__stdio_callbacks'
  783 | static stbi_io_callbacks stbi__stdio_callbacks = {
      |                          ^~~~~~~~~~~~~~~~~~~~~
In file included from /home/gek/Programming/3ds/templates/TinyGLDemo/source/include/api.h:38,
                 from /home/gek/Programming/3ds/templates/TinyGLDemo/source/main.c:14:
/home/gek/Programming/3ds/templates/TinyGLDemo/source/include/stb_image.h:783:26: note: previous definition of 'stbi__stdio_callbacks' was here
  783 | static stbi_io_callbacks stbi__stdio_callbacks = {
      |                          ^~~~~~~~~~~~~~~~~~~~~
In file included from /home/gek/Programming/3ds/templates/TinyGLDemo/source/include/api.h:38,
                 from /home/gek/Programming/3ds/templates/TinyGLDemo/source/include/gl_helpers.h:5,
                 from /home/gek/Programming/3ds/templates/TinyGLDemo/source/main.c:15:
/home/gek/Programming/3ds/templates/TinyGLDemo/source/include/stb_image.h:789:13: error: conflicting types for 'stbi__start_file'
  789 | static void stbi__start_file(stbi__context* s, FILE* f) { stbi__start_callbacks(s, &stbi__stdio_callbacks, (void*)f); }
      |             ^~~~~~~~~~~~~~~~
In file included from /home/gek/Programming/3ds/templates/TinyGLDemo/source/include/api.h:38,
                 from /home/gek/Programming/3ds/templates/TinyGLDemo/source/main.c:14:
/home/gek/Programming/3ds/templates/TinyGLDemo/source/include/stb_image.h:789:13: note: previous definition of 'stbi__start_file' was here
  789 | static void stbi__start_file(stbi__context* s, FILE* f) { stbi__start_callbacks(s, &stbi__stdio_callbacks, (void*)f); }
      |             ^~~~~~~~~~~~~~~~
In file included from /home/gek/Programming/3ds/templates/TinyGLDemo/source/include/api.h:38,
                 from /home/gek/Programming/3ds/templates/TinyGLDemo/source/include/gl_helpers.h:5,
                 from /home/gek/Programming/3ds/templates/TinyGLDemo/source/main.c:15:
/home/gek/Programming/3ds/templates/TinyGLDemo/source/include/stb_image.h:795:13: error: conflicting types for 'stbi__rewind'
  795 | static void stbi__rewind(stbi__context* s) {
      |             ^~~~~~~~~~~~
In file included from /home/gek/Programming/3ds/templates/TinyGLDemo/source/include/api.h:38,
                 from /home/gek/Programming/3ds/templates/TinyGLDemo/source/main.c:14:
/home/gek/Programming/3ds/templates/TinyGLDemo/source/include/stb_image.h:795:13: note: previous definition of 'stbi__rewind' was here
  795 | static void stbi__rewind(stbi__context* s) {
      |             ^~~~~~~~~~~~
In file included from /home/gek/Programming/3ds/templates/TinyGLDemo/source/include/api.h:38,
                 from /home/gek/Programming/3ds/templates/TinyGLDemo/source/include/gl_helpers.h:5,
                 from /home/gek/Programming/3ds/templates/TinyGLDemo/source/main.c:15:
/home/gek/Programming/3ds/templates/TinyGLDemo/source/include/stb_image.h:804:8: error: redeclaration of enumerator 'STBI_ORDER_RGB'
  804 | enum { STBI_ORDER_RGB, STBI_ORDER_BGR };
      |        ^~~~~~~~~~~~~~
In file included from /home/gek/Programming/3ds/templates/TinyGLDemo/source/include/api.h:38,
                 from /home/gek/Programming/3ds/templates/TinyGLDemo/source/main.c:14:
/home/gek/Programming/3ds/templates/TinyGLDemo/source/include/stb_image.h:804:8: note: previous definition of 'STBI_ORDER_RGB' was here
  804 | enum { STBI_ORDER_RGB, STBI_ORDER_BGR };
      |        ^~~~~~~~~~~~~~
In file included from /home/gek/Programming/3ds/templates/TinyGLDemo/source/include/api.h:38,
                 from /home/gek/Programming/3ds/templates/TinyGLDemo/source/include/gl_helpers.h:5,
                 from /home/gek/Programming/3ds/templates/TinyGLDemo/source/main.c:15:
/home/gek/Programming/3ds/templates/TinyGLDemo/source/include/stb_image.h:804:24: error: redeclaration of enumerator 'STBI_ORDER_BGR'
  804 | enum { STBI_ORDER_RGB, STBI_ORDER_BGR };
      |                        ^~~~~~~~~~~~~~
In file included from /home/gek/Programming/3ds/templates/TinyGLDemo/source/include/api.h:38,
                 from /home/gek/Programming/3ds/templates/TinyGLDemo/source/main.c:14:
/home/gek/Programming/3ds/templates/TinyGLDemo/source/include/stb_image.h:804:24: note: previous definition of 'STBI_ORDER_BGR' was here
  804 | enum { STBI_ORDER_RGB, STBI_ORDER_BGR };
      |                        ^~~~~~~~~~~~~~
In file included from /home/gek/Programming/3ds/templates/TinyGLDemo/source/include/api.h:38,
                 from /home/gek/Programming/3ds/templates/TinyGLDemo/source/include/gl_helpers.h:5,
                 from /home/gek/Programming/3ds/templates/TinyGLDemo/source/main.c:15:
/home/gek/Programming/3ds/templates/TinyGLDemo/source/include/stb_image.h:810:3: error: conflicting types for 'stbi__result_info'
  810 | } stbi__result_info;
      |   ^~~~~~~~~~~~~~~~~
In file included from /home/gek/Programming/3ds/templates/TinyGLDemo/source/include/api.h:38,
                 from /home/gek/Programming/3ds/templates/TinyGLDemo/source/main.c:14:
/home/gek/Programming/3ds/templates/TinyGLDemo/source/include/stb_image.h:810:3: note: previous declaration of 'stbi__result_info' was here
  810 | } stbi__result_info;
      |   ^~~~~~~~~~~~~~~~~
In file included from /home/gek/Programming/3ds/templates/TinyGLDemo/source/include/api.h:38,
                 from /home/gek/Programming/3ds/templates/TinyGLDemo/source/include/gl_helpers.h:5,
                 from /home/gek/Programming/3ds/templates/TinyGLDemo/source/main.c:15:
/home/gek/Programming/3ds/templates/TinyGLDemo/source/include/stb_image.h:813:12: error: conflicting types for 'stbi__jpeg_test'
  813 | static int stbi__jpeg_test(stbi__context* s);
      |            ^~~~~~~~~~~~~~~
In file included from /home/gek/Programming/3ds/templates/TinyGLDemo/source/include/api.h:38,
                 from /home/gek/Programming/3ds/templates/TinyGLDemo/source/main.c:14:
/home/gek/Programming/3ds/templates/TinyGLDemo/source/include/stb_image.h:4055:12: note: previous definition of 'stbi__jpeg_test' was here
 4055 | static int stbi__jpeg_test(stbi__context* s) {
      |            ^~~~~~~~~~~~~~~
In file included from /home/gek/Programming/3ds/templates/TinyGLDemo/source/include/api.h:38,
                 from /home/gek/Programming/3ds/templates/TinyGLDemo/source/include/gl_helpers.h:5,
                 from /home/gek/Programming/3ds/templates/TinyGLDemo/source/main.c:15:
/home/gek/Programming/3ds/templates/TinyGLDemo/source/include/stb_image.h:814:14: error: conflicting types for 'stbi__jpeg_load'
  814 | static void* stbi__jpeg_load(stbi__context* s, int* x, int* y, int* comp, int req_comp, stbi__result_info* ri);
      |              ^~~~~~~~~~~~~~~
In file included from /home/gek/Programming/3ds/templates/TinyGLDemo/source/include/api.h:38,
                 from /home/gek/Programming/3ds/templates/TinyGLDemo/source/main.c:14:
/home/gek/Programming/3ds/templates/TinyGLDemo/source/include/stb_image.h:4044:14: note: previous definition of 'stbi__jpeg_load' was here
 4044 | static void* stbi__jpeg_load(stbi__context* s, int* x, int* y, int* comp, int req_comp, stbi__result_info* ri) {
      |              ^~~~~~~~~~~~~~~
In file included from /home/gek/Programming/3ds/templates/TinyGLDemo/source/include/api.h:38,
                 from /home/gek/Programming/3ds/templates/TinyGLDemo/source/include/gl_helpers.h:5,
                 from /home/gek/Programming/3ds/templates/TinyGLDemo/source/main.c:15:
/home/gek/Programming/3ds/templates/TinyGLDemo/source/include/stb_image.h:815:12: error: conflicting types for 'stbi__jpeg_info'
  815 | static int stbi__jpeg_info(stbi__context* s, int* x, int* y, int* comp);
      |            ^~~~~~~~~~~~~~~
In file included from /home/gek/Programming/3ds/templates/TinyGLDemo/source/include/api.h:38,
                 from /home/gek/Programming/3ds/templates/TinyGLDemo/source/main.c:14:
/home/gek/Programming/3ds/templates/TinyGLDemo/source/include/stb_image.h:4080:12: note: previous definition of 'stbi__jpeg_info' was here
 4080 | static int stbi__jpeg_info(stbi__context* s, int* x, int* y, int* comp) {
      |            ^~~~~~~~~~~~~~~
In file included from /home/gek/Programming/3ds/templates/TinyGLDemo/source/include/api.h:38,
                 from /home/gek/Programming/3ds/templates/TinyGLDemo/source/include/gl_helpers.h:5,
                 from /home/gek/Programming/3ds/templates/TinyGLDemo/source/main.c:15:
/home/gek/Programming/3ds/templates/TinyGLDemo/source/include/stb_image.h:819:12: error: conflicting types for 'stbi__png_test'
  819 | static int stbi__png_test(stbi__context* s);
      |            ^~~~~~~~~~~~~~
In file included from /home/gek/Programming/3ds/templates/TinyGLDemo/source/include/api.h:38,
                 from /home/gek/Programming/3ds/templates/TinyGLDemo/source/main.c:14:
/home/gek/Programming/3ds/templates/TinyGLDemo/source/include/stb_image.h:5366:12: note: previous definition of 'stbi__png_test' was here
 5366 | static int stbi__png_test(stbi__context* s) {
      |            ^~~~~~~~~~~~~~
In file included from /home/gek/Programming/3ds/templates/TinyGLDemo/source/include/api.h:38,
                 from /home/gek/Programming/3ds/templates/TinyGLDemo/source/include/gl_helpers.h:5,
                 from /home/gek/Programming/3ds/templates/TinyGLDemo/source/main.c:15:
/home/gek/Programming/3ds/templates/TinyGLDemo/source/include/stb_image.h:820:14: error: conflicting types for 'stbi__png_load'
  820 | static void* stbi__png_load(stbi__context* s, int* x, int* y, int* comp, int req_comp, stbi__result_info* ri);
      |              ^~~~~~~~~~~~~~
In file included from /home/gek/Programming/3ds/templates/TinyGLDemo/source/include/api.h:38,
                 from /home/gek/Programming/3ds/templates/TinyGLDemo/source/main.c:14:
/home/gek/Programming/3ds/templates/TinyGLDemo/source/include/stb_image.h:5360:14: note: previous definition of 'stbi__png_load' was here
 5360 | static void* stbi__png_load(stbi__context* s, int* x, int* y, int* comp, int req_comp, stbi__result_info* ri) {
      |              ^~~~~~~~~~~~~~
In file included from /home/gek/Programming/3ds/templates/TinyGLDemo/source/include/api.h:38,
                 from /home/gek/Programming/3ds/templates/TinyGLDemo/source/include/gl_helpers.h:5,
                 from /home/gek/Programming/3ds/templates/TinyGLDemo/source/main.c:15:
/home/gek/Programming/3ds/templates/TinyGLDemo/source/include/stb_image.h:821:12: error: conflicting types for 'stbi__png_info'
  821 | static int stbi__png_info(stbi__context* s, int* x, int* y, int* comp);
      |            ^~~~~~~~~~~~~~
In file included from /home/gek/Programming/3ds/templates/TinyGLDemo/source/include/api.h:38,
                 from /home/gek/Programming/3ds/templates/TinyGLDemo/source/main.c:14:
/home/gek/Programming/3ds/templates/TinyGLDemo/source/include/stb_image.h:5387:12: note: previous definition of 'stbi__png_info' was here
 5387 | static int stbi__png_info(stbi__context* s, int* x, int* y, int* comp) {
      |            ^~~~~~~~~~~~~~
In file included from /home/gek/Programming/3ds/templates/TinyGLDemo/source/include/api.h:38,
                 from /home/gek/Programming/3ds/templates/TinyGLDemo/source/include/gl_helpers.h:5,
                 from /home/gek/Programming/3ds/templates/TinyGLDemo/source/main.c:15:
/home/gek/Programming/3ds/templates/TinyGLDemo/source/include/stb_image.h:822:12: error: conflicting types for 'stbi__png_is16'
  822 | static int stbi__png_is16(stbi__context* s);
      |            ^~~~~~~~~~~~~~
In file included from /home/gek/Programming/3ds/templates/TinyGLDemo/source/include/api.h:38,
                 from /home/gek/Programming/3ds/templates/TinyGLDemo/source/main.c:14:
/home/gek/Programming/3ds/templates/TinyGLDemo/source/include/stb_image.h:5393:12: note: previous definition of 'stbi__png_is16' was here
 5393 | static int stbi__png_is16(stbi__context* s) {
      |            ^~~~~~~~~~~~~~
In file included from /home/gek/Programming/3ds/templates/TinyGLDemo/source/include/api.h:38,
                 from /home/gek/Programming/3ds/templates/TinyGLDemo/source/include/gl_helpers.h:5,
                 from /home/gek/Programming/3ds/templates/TinyGLDemo/source/main.c:15:
/home/gek/Programming/3ds/templates/TinyGLDemo/source/include/stb_image.h:826:12: error: conflicting types for 'stbi__bmp_test'
  826 | static int stbi__bmp_test(stbi__context* s);
      |            ^~~~~~~~~~~~~~
In file included from /home/gek/Programming/3ds/templates/TinyGLDemo/source/include/api.h:38,
                 from /home/gek/Programming/3ds/templates/TinyGLDemo/source/main.c:14:
/home/gek/Programming/3ds/templates/TinyGLDemo/source/include/stb_image.h:5425:12: note: previous definition of 'stbi__bmp_test' was here
 5425 | static int stbi__bmp_test(stbi__context* s) {
      |            ^~~~~~~~~~~~~~
In file included from /home/gek/Programming/3ds/templates/TinyGLDemo/source/include/api.h:38,
                 from /home/gek/Programming/3ds/templates/TinyGLDemo/source/include/gl_helpers.h:5,
                 from /home/gek/Programming/3ds/templates/TinyGLDemo/source/main.c:15:
/home/gek/Programming/3ds/templates/TinyGLDemo/source/include/stb_image.h:827:14: error: conflicting types for 'stbi__bmp_load'
  827 | static void* stbi__bmp_load(stbi__context* s, int* x, int* y, int* comp, int req_comp, stbi__result_info* ri);
      |              ^~~~~~~~~~~~~~
In file included from /home/gek/Programming/3ds/templates/TinyGLDemo/source/include/api.h:38,
                 from /home/gek/Programming/3ds/templates/TinyGLDemo/source/main.c:14:
/home/gek/Programming/3ds/templates/TinyGLDemo/source/include/stb_image.h:5591:14: note: previous definition of 'stbi__bmp_load' was here
 5591 | static void* stbi__bmp_load(stbi__context* s, int* x, int* y, int* comp, int req_comp, stbi__result_info* ri) {
      |              ^~~~~~~~~~~~~~
In file included from /home/gek/Programming/3ds/templates/TinyGLDemo/source/include/api.h:38,
                 from /home/gek/Programming/3ds/templates/TinyGLDemo/source/include/gl_helpers.h:5,
                 from /home/gek/Programming/3ds/templates/TinyGLDemo/source/main.c:15:
/home/gek/Programming/3ds/templates/TinyGLDemo/source/include/stb_image.h:828:12: error: conflicting types for 'stbi__bmp_info'
  828 | static int stbi__bmp_info(stbi__context* s, int* x, int* y, int* comp);
      |            ^~~~~~~~~~~~~~
In file included from /home/gek/Programming/3ds/templates/TinyGLDemo/source/include/api.h:38,
                 from /home/gek/Programming/3ds/templates/TinyGLDemo/source/main.c:14:
/home/gek/Programming/3ds/templates/TinyGLDemo/source/include/stb_image.h:7413:12: note: previous definition of 'stbi__bmp_info' was here
 7413 | static int stbi__bmp_info(stbi__context* s, int* x, int* y, int* comp) {
      |            ^~~~~~~~~~~~~~
In file included from /home/gek/Programming/3ds/templates/TinyGLDemo/source/include/api.h:38,
                 from /home/gek/Programming/3ds/templates/TinyGLDemo/source/include/gl_helpers.h:5,
                 from /home/gek/Programming/3ds/templates/TinyGLDemo/source/main.c:15:
/home/gek/Programming/3ds/templates/TinyGLDemo/source/include/stb_image.h:832:12: error: conflicting types for 'stbi__tga_test'
  832 | static int stbi__tga_test(stbi__context* s);
      |            ^~~~~~~~~~~~~~
In file included from /home/gek/Programming/3ds/templates/TinyGLDemo/source/include/api.h:38,
                 from /home/gek/Programming/3ds/templates/TinyGLDemo/source/main.c:14:
/home/gek/Programming/3ds/templates/TinyGLDemo/source/include/stb_image.h:5901:12: note: previous definition of 'stbi__tga_test' was here
 5901 | static int stbi__tga_test(stbi__context* s) {
      |            ^~~~~~~~~~~~~~
In file included from /home/gek/Programming/3ds/templates/TinyGLDemo/source/include/api.h:38,
                 from /home/gek/Programming/3ds/templates/TinyGLDemo/source/include/gl_helpers.h:5,
                 from /home/gek/Programming/3ds/templates/TinyGLDemo/source/main.c:15:
/home/gek/Programming/3ds/templates/TinyGLDemo/source/include/stb_image.h:833:14: error: conflicting types for 'stbi__tga_load'
  833 | static void* stbi__tga_load(stbi__context* s, int* x, int* y, int* comp, int req_comp, stbi__result_info* ri);
      |              ^~~~~~~~~~~~~~
In file included from /home/gek/Programming/3ds/templates/TinyGLDemo/source/include/api.h:38,
                 from /home/gek/Programming/3ds/templates/TinyGLDemo/source/main.c:14:
/home/gek/Programming/3ds/templates/TinyGLDemo/source/include/stb_image.h:5961:14: note: previous definition of 'stbi__tga_load' was here
 5961 | static void* stbi__tga_load(stbi__context* s, int* x, int* y, int* comp, int req_comp, stbi__result_info* ri) {
      |              ^~~~~~~~~~~~~~
In file included from /home/gek/Programming/3ds/templates/TinyGLDemo/source/include/api.h:38,
                 from /home/gek/Programming/3ds/templates/TinyGLDemo/source/include/gl_helpers.h:5,
                 from /home/gek/Programming/3ds/templates/TinyGLDemo/source/main.c:15:
/home/gek/Programming/3ds/templates/TinyGLDemo/source/include/stb_image.h:834:12: error: conflicting types for 'stbi__tga_info'
  834 | static int stbi__tga_info(stbi__context* s, int* x, int* y, int* comp);
      |            ^~~~~~~~~~~~~~
In file included from /home/gek/Programming/3ds/templates/TinyGLDemo/source/include/api.h:38,
                 from /home/gek/Programming/3ds/templates/TinyGLDemo/source/main.c:14:
/home/gek/Programming/3ds/templates/TinyGLDemo/source/include/stb_image.h:5833:12: note: previous definition of 'stbi__tga_info' was here
 5833 | static int stbi__tga_info(stbi__context* s, int* x, int* y, int* comp) {
      |            ^~~~~~~~~~~~~~
In file included from /home/gek/Programming/3ds/templates/TinyGLDemo/source/include/api.h:38,
                 from /home/gek/Programming/3ds/templates/TinyGLDemo/source/include/gl_helpers.h:5,
                 from /home/gek/Programming/3ds/templates/TinyGLDemo/source/main.c:15:
/home/gek/Programming/3ds/templates/TinyGLDemo/source/include/stb_image.h:838:12: error: conflicting types for 'stbi__psd_test'
  838 | static int stbi__psd_test(stbi__context* s);
      |            ^~~~~~~~~~~~~~
In file included from /home/gek/Programming/3ds/templates/TinyGLDemo/source/include/api.h:38,
                 from /home/gek/Programming/3ds/templates/TinyGLDemo/source/main.c:14:
/home/gek/Programming/3ds/templates/TinyGLDemo/source/include/stb_image.h:6153:12: note: previous definition of 'stbi__psd_test' was here
 6153 | static int stbi__psd_test(stbi__context* s) {
      |            ^~~~~~~~~~~~~~
In file included from /home/gek/Programming/3ds/templates/TinyGLDemo/source/include/api.h:38,
                 from /home/gek/Programming/3ds/templates/TinyGLDemo/source/include/gl_helpers.h:5,
                 from /home/gek/Programming/3ds/templates/TinyGLDemo/source/main.c:15:
/home/gek/Programming/3ds/templates/TinyGLDemo/source/include/stb_image.h:839:14: error: conflicting types for 'stbi__psd_load'
  839 | static void* stbi__psd_load(stbi__context* s, int* x, int* y, int* comp, int req_comp, stbi__result_info* ri, int bpc);
      |              ^~~~~~~~~~~~~~
In file included from /home/gek/Programming/3ds/templates/TinyGLDemo/source/include/api.h:38,
                 from /home/gek/Programming/3ds/templates/TinyGLDemo/source/main.c:14:
/home/gek/Programming/3ds/templates/TinyGLDemo/source/include/stb_image.h:6198:14: note: previous definition of 'stbi__psd_load' was here
 6198 | static void* stbi__psd_load(stbi__context* s, int* x, int* y, int* comp, int req_comp, stbi__result_info* ri, int bpc) {
      |              ^~~~~~~~~~~~~~
In file included from /home/gek/Programming/3ds/templates/TinyGLDemo/source/include/api.h:38,
                 from /home/gek/Programming/3ds/templates/TinyGLDemo/source/include/gl_helpers.h:5,
                 from /home/gek/Programming/3ds/templates/TinyGLDemo/source/main.c:15:
/home/gek/Programming/3ds/templates/TinyGLDemo/source/include/stb_image.h:840:12: error: conflicting types for 'stbi__psd_info'
  840 | static int stbi__psd_info(stbi__context* s, int* x, int* y, int* comp);
      |            ^~~~~~~~~~~~~~
In file included from /home/gek/Programming/3ds/templates/TinyGLDemo/source/include/api.h:38,
                 from /home/gek/Programming/3ds/templates/TinyGLDemo/source/main.c:14:
/home/gek/Programming/3ds/templates/TinyGLDemo/source/include/stb_image.h:7437:12: note: previous definition of 'stbi__psd_info' was here
 7437 | static int stbi__psd_info(stbi__context* s, int* x, int* y, int* comp) {
      |            ^~~~~~~~~~~~~~
In file included from /home/gek/Programming/3ds/templates/TinyGLDemo/source/include/api.h:38,
                 from /home/gek/Programming/3ds/templates/TinyGLDemo/source/include/gl_helpers.h:5,
                 from /home/gek/Programming/3ds/templates/TinyGLDemo/source/main.c:15:
/home/gek/Programming/3ds/templates/TinyGLDemo/source/include/stb_image.h:841:12: error: conflicting types for 'stbi__psd_is16'
  841 | static int stbi__psd_is16(stbi__context* s);
      |            ^~~~~~~~~~~~~~
In file included from /home/gek/Programming/3ds/templates/TinyGLDemo/source/include/api.h:38,
                 from /home/gek/Programming/3ds/templates/TinyGLDemo/source/main.c:14:
/home/gek/Programming/3ds/templates/TinyGLDemo/source/include/stb_image.h:7474:12: note: previous definition of 'stbi__psd_is16' was here
 7474 | static int stbi__psd_is16(stbi__context* s) {
      |            ^~~~~~~~~~~~~~
In file included from /home/gek/Programming/3ds/templates/TinyGLDemo/source/include/api.h:38,
                 from /home/gek/Programming/3ds/templates/TinyGLDemo/source/include/gl_helpers.h:5,
                 from /home/gek/Programming/3ds/templates/TinyGLDemo/source/main.c:15:
/home/gek/Programming/3ds/templates/TinyGLDemo/source/include/stb_image.h:845:12: error: conflicting types for 'stbi__hdr_test'
  845 | static int stbi__hdr_test(stbi__context* s);
      |            ^~~~~~~~~~~~~~
In file included from /home/gek/Programming/3ds/templates/TinyGLDemo/source/include/api.h:38,
                 from /home/gek/Programming/3ds/templates/TinyGLDemo/source/main.c:14:
/home/gek/Programming/3ds/templates/TinyGLDemo/source/include/stb_image.h:7149:12: note: previous definition of 'stbi__hdr_test' was here
 7149 | static int stbi__hdr_test(stbi__context* s) {
      |            ^~~~~~~~~~~~~~
In file included from /home/gek/Programming/3ds/templates/TinyGLDemo/source/include/api.h:38,
                 from /home/gek/Programming/3ds/templates/TinyGLDemo/source/include/gl_helpers.h:5,
                 from /home/gek/Programming/3ds/templates/TinyGLDemo/source/main.c:15:
/home/gek/Programming/3ds/templates/TinyGLDemo/source/include/stb_image.h:846:15: error: conflicting types for 'stbi__hdr_load'
  846 | static float* stbi__hdr_load(stbi__context* s, int* x, int* y, int* comp, int req_comp, stbi__result_info* ri);
      |               ^~~~~~~~~~~~~~
In file included from /home/gek/Programming/3ds/templates/TinyGLDemo/source/include/api.h:38,
                 from /home/gek/Programming/3ds/templates/TinyGLDemo/source/main.c:14:
/home/gek/Programming/3ds/templates/TinyGLDemo/source/include/stb_image.h:7213:15: note: previous definition of 'stbi__hdr_load' was here
 7213 | static float* stbi__hdr_load(stbi__context* s, int* x, int* y, int* comp, int req_comp, stbi__result_info* ri) {
      |               ^~~~~~~~~~~~~~
In file included from /home/gek/Programming/3ds/templates/TinyGLDemo/source/include/api.h:38,
                 from /home/gek/Programming/3ds/templates/TinyGLDemo/source/include/gl_helpers.h:5,
                 from /home/gek/Programming/3ds/templates/TinyGLDemo/source/main.c:15:
/home/gek/Programming/3ds/templates/TinyGLDemo/source/include/stb_image.h:847:12: error: conflicting types for 'stbi__hdr_info'
  847 | static int stbi__hdr_info(stbi__context* s, int* x, int* y, int* comp);
      |            ^~~~~~~~~~~~~~
In file included from /home/gek/Programming/3ds/templates/TinyGLDemo/source/include/api.h:38,
                 from /home/gek/Programming/3ds/templates/TinyGLDemo/source/main.c:14:
/home/gek/Programming/3ds/templates/TinyGLDemo/source/include/stb_image.h:7362:12: note: previous definition of 'stbi__hdr_info' was here
 7362 | static int stbi__hdr_info(stbi__context* s, int* x, int* y, int* comp) {
      |            ^~~~~~~~~~~~~~
In file included from /home/gek/Programming/3ds/templates/TinyGLDemo/source/include/api.h:38,
                 from /home/gek/Programming/3ds/templates/TinyGLDemo/source/include/gl_helpers.h:5,
                 from /home/gek/Programming/3ds/templates/TinyGLDemo/source/main.c:15:
/home/gek/Programming/3ds/templates/TinyGLDemo/source/include/stb_image.h:851:12: error: conflicting types for 'stbi__pic_test'
  851 | static int stbi__pic_test(stbi__context* s);
      |            ^~~~~~~~~~~~~~
In file included from /home/gek/Programming/3ds/templates/TinyGLDemo/source/include/api.h:38,
                 from /home/gek/Programming/3ds/templates/TinyGLDemo/source/main.c:14:
/home/gek/Programming/3ds/templates/TinyGLDemo/source/include/stb_image.h:6612:12: note: previous definition of 'stbi__pic_test' was here
 6612 | static int stbi__pic_test(stbi__context* s) {
      |            ^~~~~~~~~~~~~~
In file included from /home/gek/Programming/3ds/templates/TinyGLDemo/source/include/api.h:38,
                 from /home/gek/Programming/3ds/templates/TinyGLDemo/source/include/gl_helpers.h:5,
                 from /home/gek/Programming/3ds/templates/TinyGLDemo/source/main.c:15:
/home/gek/Programming/3ds/templates/TinyGLDemo/source/include/stb_image.h:852:14: error: conflicting types for 'stbi__pic_load'
  852 | static void* stbi__pic_load(stbi__context* s, int* x, int* y, int* comp, int req_comp, stbi__result_info* ri);
      |              ^~~~~~~~~~~~~~
In file included from /home/gek/Programming/3ds/templates/TinyGLDemo/source/include/api.h:38,
                 from /home/gek/Programming/3ds/templates/TinyGLDemo/source/main.c:14:
/home/gek/Programming/3ds/templates/TinyGLDemo/source/include/stb_image.h:6573:14: note: previous definition of 'stbi__pic_load' was here
 6573 | static void* stbi__pic_load(stbi__context* s, int* px, int* py, int* comp, int req_comp, stbi__result_info* ri) {
      |              ^~~~~~~~~~~~~~
In file included from /home/gek/Programming/3ds/templates/TinyGLDemo/source/include/api.h:38,
                 from /home/gek/Programming/3ds/templates/TinyGLDemo/source/include/gl_helpers.h:5,
                 from /home/gek/Programming/3ds/templates/TinyGLDemo/source/main.c:15:
/home/gek/Programming/3ds/templates/TinyGLDemo/source/include/stb_image.h:853:12: error: conflicting types for 'stbi__pic_info'
  853 | static int stbi__pic_info(stbi__context* s, int* x, int* y, int* comp);
      |            ^~~~~~~~~~~~~~
In file included from /home/gek/Programming/3ds/templates/TinyGLDemo/source/include/api.h:38,
                 from /home/gek/Programming/3ds/templates/TinyGLDemo/source/main.c:14:
/home/gek/Programming/3ds/templates/TinyGLDemo/source/include/stb_image.h:7502:12: note: previous definition of 'stbi__pic_info' was here
 7502 | static int stbi__pic_info(stbi__context* s, int* x, int* y, int* comp) {
      |            ^~~~~~~~~~~~~~
In file included from /home/gek/Programming/3ds/templates/TinyGLDemo/source/include/api.h:38,
                 from /home/gek/Programming/3ds/templates/TinyGLDemo/source/include/gl_helpers.h:5,
                 from /home/gek/Programming/3ds/templates/TinyGLDemo/source/main.c:15:
/home/gek/Programming/3ds/templates/TinyGLDemo/source/include/stb_image.h:857:12: error: conflicting types for 'stbi__gif_test'
  857 | static int stbi__gif_test(stbi__context* s);
      |            ^~~~~~~~~~~~~~
In file included from /home/gek/Programming/3ds/templates/TinyGLDemo/source/include/api.h:38,
                 from /home/gek/Programming/3ds/templates/TinyGLDemo/source/main.c:14:
/home/gek/Programming/3ds/templates/TinyGLDemo/source/include/stb_image.h:6660:12: note: previous definition of 'stbi__gif_test' was here
 6660 | static int stbi__gif_test(stbi__context* s) {
      |            ^~~~~~~~~~~~~~
In file included from /home/gek/Programming/3ds/templates/TinyGLDemo/source/include/api.h:38,
                 from /home/gek/Programming/3ds/templates/TinyGLDemo/source/include/gl_helpers.h:5,
                 from /home/gek/Programming/3ds/templates/TinyGLDemo/source/main.c:15:
/home/gek/Programming/3ds/templates/TinyGLDemo/source/include/stb_image.h:858:14: error: conflicting types for 'stbi__gif_load'
  858 | static void* stbi__gif_load(stbi__context* s, int* x, int* y, int* comp, int req_comp, stbi__result_info* ri);
      |              ^~~~~~~~~~~~~~
In file included from /home/gek/Programming/3ds/templates/TinyGLDemo/source/include/api.h:38,
                 from /home/gek/Programming/3ds/templates/TinyGLDemo/source/main.c:14:
/home/gek/Programming/3ds/templates/TinyGLDemo/source/include/stb_image.h:7104:14: note: previous definition of 'stbi__gif_load' was here
 7104 | static void* stbi__gif_load(stbi__context* s, int* x, int* y, int* comp, int req_comp, stbi__result_info* ri) {
      |              ^~~~~~~~~~~~~~
In file included from /home/gek/Programming/3ds/templates/TinyGLDemo/source/include/api.h:38,
                 from /home/gek/Programming/3ds/templates/TinyGLDemo/source/include/gl_helpers.h:5,
                 from /home/gek/Programming/3ds/templates/TinyGLDemo/source/main.c:15:
/home/gek/Programming/3ds/templates/TinyGLDemo/source/include/stb_image.h:859:14: error: conflicting types for 'stbi__load_gif_main'
  859 | static void* stbi__load_gif_main(stbi__context* s, int** delays, int* x, int* y, int* z, int* comp, int req_comp);
      |              ^~~~~~~~~~~~~~~~~~~
In file included from /home/gek/Programming/3ds/templates/TinyGLDemo/source/include/api.h:38,
                 from /home/gek/Programming/3ds/templates/TinyGLDemo/source/main.c:14:
/home/gek/Programming/3ds/templates/TinyGLDemo/source/include/stb_image.h:7035:14: note: previous definition of 'stbi__load_gif_main' was here
 7035 | static void* stbi__load_gif_main(stbi__context* s, int** delays, int* x, int* y, int* z, int* comp, int req_comp) {
      |              ^~~~~~~~~~~~~~~~~~~
In file included from /home/gek/Programming/3ds/templates/TinyGLDemo/source/include/api.h:38,
                 from /home/gek/Programming/3ds/templates/TinyGLDemo/source/include/gl_helpers.h:5,
                 from /home/gek/Programming/3ds/templates/TinyGLDemo/source/main.c:15:
/home/gek/Programming/3ds/templates/TinyGLDemo/source/include/stb_image.h:860:12: error: conflicting types for 'stbi__gif_info'
  860 | static int stbi__gif_info(stbi__context* s, int* x, int* y, int* comp);
      |            ^~~~~~~~~~~~~~
In file included from /home/gek/Programming/3ds/templates/TinyGLDemo/source/include/api.h:38,
                 from /home/gek/Programming/3ds/templates/TinyGLDemo/source/main.c:14:
/home/gek/Programming/3ds/templates/TinyGLDemo/source/include/stb_image.h:7133:12: note: previous definition of 'stbi__gif_info' was here
 7133 | static int stbi__gif_info(stbi__context* s, int* x, int* y, int* comp) { return stbi__gif_info_raw(s, x, y, comp); }
      |            ^~~~~~~~~~~~~~
In file included from /home/gek/Programming/3ds/templates/TinyGLDemo/source/include/api.h:38,
                 from /home/gek/Programming/3ds/templates/TinyGLDemo/source/include/gl_helpers.h:5,
                 from /home/gek/Programming/3ds/templates/TinyGLDemo/source/main.c:15:
/home/gek/Programming/3ds/templates/TinyGLDemo/source/include/stb_image.h:864:12: error: conflicting types for 'stbi__pnm_test'
  864 | static int stbi__pnm_test(stbi__context* s);
      |            ^~~~~~~~~~~~~~
In file included from /home/gek/Programming/3ds/templates/TinyGLDemo/source/include/api.h:38,
                 from /home/gek/Programming/3ds/templates/TinyGLDemo/source/main.c:14:
/home/gek/Programming/3ds/templates/TinyGLDemo/source/include/stb_image.h:7576:12: note: previous definition of 'stbi__pnm_test' was here
 7576 | static int stbi__pnm_test(stbi__context* s) {
      |            ^~~~~~~~~~~~~~
In file included from /home/gek/Programming/3ds/templates/TinyGLDemo/source/include/api.h:38,
                 from /home/gek/Programming/3ds/templates/TinyGLDemo/source/include/gl_helpers.h:5,
                 from /home/gek/Programming/3ds/templates/TinyGLDemo/source/main.c:15:
/home/gek/Programming/3ds/templates/TinyGLDemo/source/include/stb_image.h:865:14: error: conflicting types for 'stbi__pnm_load'
  865 | static void* stbi__pnm_load(stbi__context* s, int* x, int* y, int* comp, int req_comp, stbi__result_info* ri);
      |              ^~~~~~~~~~~~~~
In file included from /home/gek/Programming/3ds/templates/TinyGLDemo/source/include/api.h:38,
                 from /home/gek/Programming/3ds/templates/TinyGLDemo/source/main.c:14:
/home/gek/Programming/3ds/templates/TinyGLDemo/source/include/stb_image.h:7587:14: note: previous definition of 'stbi__pnm_load' was here
 7587 | static void* stbi__pnm_load(stbi__context* s, int* x, int* y, int* comp, int req_comp, stbi__result_info* ri) {
      |              ^~~~~~~~~~~~~~
In file included from /home/gek/Programming/3ds/templates/TinyGLDemo/source/include/api.h:38,
                 from /home/gek/Programming/3ds/templates/TinyGLDemo/source/include/gl_helpers.h:5,
                 from /home/gek/Programming/3ds/templates/TinyGLDemo/source/main.c:15:
/home/gek/Programming/3ds/templates/TinyGLDemo/source/include/stb_image.h:866:12: error: conflicting types for 'stbi__pnm_info'
  866 | static int stbi__pnm_info(stbi__context* s, int* x, int* y, int* comp);
      |            ^~~~~~~~~~~~~~
In file included from /home/gek/Programming/3ds/templates/TinyGLDemo/source/include/api.h:38,
                 from /home/gek/Programming/3ds/templates/TinyGLDemo/source/main.c:14:
/home/gek/Programming/3ds/templates/TinyGLDemo/source/include/stb_image.h:7643:12: note: previous definition of 'stbi__pnm_info' was here
 7643 | static int stbi__pnm_info(stbi__context* s, int* x, int* y, int* comp) {
      |            ^~~~~~~~~~~~~~
In file included from /home/gek/Programming/3ds/templates/TinyGLDemo/source/include/api.h:38,
                 from /home/gek/Programming/3ds/templates/TinyGLDemo/source/include/gl_helpers.h:5,
                 from /home/gek/Programming/3ds/templates/TinyGLDemo/source/main.c:15:
/home/gek/Programming/3ds/templates/TinyGLDemo/source/include/stb_image.h:875:21: error: redefinition of 'stbi_failure_reason'
  875 | STBIDEF const char* stbi_failure_reason(void) { return stbi__g_failure_reason; }
      |                     ^~~~~~~~~~~~~~~~~~~
In file included from /home/gek/Programming/3ds/templates/TinyGLDemo/source/include/api.h:38,
                 from /home/gek/Programming/3ds/templates/TinyGLDemo/source/main.c:14:
/home/gek/Programming/3ds/templates/TinyGLDemo/source/include/stb_image.h:875:21: note: previous definition of 'stbi_failure_reason' was here
  875 | STBIDEF const char* stbi_failure_reason(void) { return stbi__g_failure_reason; }
      |                     ^~~~~~~~~~~~~~~~~~~
In file included from /home/gek/Programming/3ds/templates/TinyGLDemo/source/include/api.h:38,
                 from /home/gek/Programming/3ds/templates/TinyGLDemo/source/include/gl_helpers.h:5,
                 from /home/gek/Programming/3ds/templates/TinyGLDemo/source/main.c:15:
/home/gek/Programming/3ds/templates/TinyGLDemo/source/include/stb_image.h:878:37: error: macro "stbi__err" requires 2 arguments, but only 1 given
  878 | static int stbi__err(const char* str) {
      |                                     ^
In file included from /home/gek/Programming/3ds/templates/TinyGLDemo/source/include/api.h:38,
                 from /home/gek/Programming/3ds/templates/TinyGLDemo/source/main.c:14:
/home/gek/Programming/3ds/templates/TinyGLDemo/source/include/stb_image.h:969: note: macro "stbi__err" defined here
  969 | #define stbi__err(x, y) stbi__err(x)
      | 
In file included from /home/gek/Programming/3ds/templates/TinyGLDemo/source/include/api.h:38,
                 from /home/gek/Programming/3ds/templates/TinyGLDemo/source/include/gl_helpers.h:5,
                 from /home/gek/Programming/3ds/templates/TinyGLDemo/source/main.c:15:
/home/gek/Programming/3ds/templates/TinyGLDemo/source/include/stb_image.h:878:39: error: expected '=', ',', ';', 'asm' or '__attribute__' before '{' token
  878 | static int stbi__err(const char* str) {
      |                                       ^
/home/gek/Programming/3ds/templates/TinyGLDemo/source/include/stb_image.h:884:14: error: redefinition of 'stbi__malloc'
  884 | static void* stbi__malloc(size_t size) { return STBI_MALLOC(size); }
      |              ^~~~~~~~~~~~
In file included from /home/gek/Programming/3ds/templates/TinyGLDemo/source/include/api.h:38,
                 from /home/gek/Programming/3ds/templates/TinyGLDemo/source/main.c:14:
/home/gek/Programming/3ds/templates/TinyGLDemo/source/include/stb_image.h:884:14: note: previous definition of 'stbi__malloc' was here
  884 | static void* stbi__malloc(size_t size) { return STBI_MALLOC(size); }
      |              ^~~~~~~~~~~~
In file included from /home/gek/Programming/3ds/templates/TinyGLDemo/source/include/api.h:38,
                 from /home/gek/Programming/3ds/templates/TinyGLDemo/source/include/gl_helpers.h:5,
                 from /home/gek/Programming/3ds/templates/TinyGLDemo/source/main.c:15:
/home/gek/Programming/3ds/templates/TinyGLDemo/source/include/stb_image.h:898:12: error: redefinition of 'stbi__addsizes_valid'
  898 | static int stbi__addsizes_valid(int a, int b) {
      |            ^~~~~~~~~~~~~~~~~~~~
In file included from /home/gek/Programming/3ds/templates/TinyGLDemo/source/include/api.h:38,
                 from /home/gek/Programming/3ds/templates/TinyGLDemo/source/main.c:14:
/home/gek/Programming/3ds/templates/TinyGLDemo/source/include/stb_image.h:898:12: note: previous definition of 'stbi__addsizes_valid' was here
  898 | static int stbi__addsizes_valid(int a, int b) {
      |            ^~~~~~~~~~~~~~~~~~~~
In file included from /home/gek/Programming/3ds/templates/TinyGLDemo/source/include/api.h:38,
                 from /home/gek/Programming/3ds/templates/TinyGLDemo/source/include/gl_helpers.h:5,
                 from /home/gek/Programming/3ds/templates/TinyGLDemo/source/main.c:15:
/home/gek/Programming/3ds/templates/TinyGLDemo/source/include/stb_image.h:910:12: error: redefinition of 'stbi__mul2sizes_valid'
  910 | static int stbi__mul2sizes_valid(int a, int b) {
      |            ^~~~~~~~~~~~~~~~~~~~~
In file included from /home/gek/Programming/3ds/templates/TinyGLDemo/source/include/api.h:38,
                 from /home/gek/Programming/3ds/templates/TinyGLDemo/source/main.c:14:
/home/gek/Programming/3ds/templates/TinyGLDemo/source/include/stb_image.h:910:12: note: previous definition of 'stbi__mul2sizes_valid' was here
  910 | static int stbi__mul2sizes_valid(int a, int b) {
      |            ^~~~~~~~~~~~~~~~~~~~~
In file included from /home/gek/Programming/3ds/templates/TinyGLDemo/source/include/api.h:38,
                 from /home/gek/Programming/3ds/templates/TinyGLDemo/source/include/gl_helpers.h:5,
                 from /home/gek/Programming/3ds/templates/TinyGLDemo/source/main.c:15:
/home/gek/Programming/3ds/templates/TinyGLDemo/source/include/stb_image.h:921:12: error: redefinition of 'stbi__mad2sizes_valid'
  921 | static int stbi__mad2sizes_valid(int a, int b, int add) { return stbi__mul2sizes_valid(a, b) && stbi__addsizes_valid(a * b, add); }
      |            ^~~~~~~~~~~~~~~~~~~~~
In file included from /home/gek/Programming/3ds/templates/TinyGLDemo/source/include/api.h:38,
                 from /home/gek/Programming/3ds/templates/TinyGLDemo/source/main.c:14:
/home/gek/Programming/3ds/templates/TinyGLDemo/source/include/stb_image.h:921:12: note: previous definition of 'stbi__mad2sizes_valid' was here
  921 | static int stbi__mad2sizes_valid(int a, int b, int add) { return stbi__mul2sizes_valid(a, b) && stbi__addsizes_valid(a * b, add); }
      |            ^~~~~~~~~~~~~~~~~~~~~
In file included from /home/gek/Programming/3ds/templates/TinyGLDemo/source/include/api.h:38,
                 from /home/gek/Programming/3ds/templates/TinyGLDemo/source/include/gl_helpers.h:5,
                 from /home/gek/Programming/3ds/templates/TinyGLDemo/source/main.c:15:
/home/gek/Programming/3ds/templates/TinyGLDemo/source/include/stb_image.h:925:12: error: redefinition of 'stbi__mad3sizes_valid'
  925 | static int stbi__mad3sizes_valid(int a, int b, int c, int add) {
      |            ^~~~~~~~~~~~~~~~~~~~~
In file included from /home/gek/Programming/3ds/templates/TinyGLDemo/source/include/api.h:38,
                 from /home/gek/Programming/3ds/templates/TinyGLDemo/source/main.c:14:
/home/gek/Programming/3ds/templates/TinyGLDemo/source/include/stb_image.h:925:12: note: previous definition of 'stbi__mad3sizes_valid' was here
  925 | static int stbi__mad3sizes_valid(int a, int b, int c, int add) {
      |            ^~~~~~~~~~~~~~~~~~~~~
In file included from /home/gek/Programming/3ds/templates/TinyGLDemo/source/include/api.h:38,
                 from /home/gek/Programming/3ds/templates/TinyGLDemo/source/include/gl_helpers.h:5,
                 from /home/gek/Programming/3ds/templates/TinyGLDemo/source/main.c:15:
/home/gek/Programming/3ds/templates/TinyGLDemo/source/include/stb_image.h:932:12: error: redefinition of 'stbi__mad4sizes_valid'
  932 | static int stbi__mad4sizes_valid(int a, int b, int c, int d, int add) {
      |            ^~~~~~~~~~~~~~~~~~~~~
In file included from /home/gek/Programming/3ds/templates/TinyGLDemo/source/include/api.h:38,
                 from /home/gek/Programming/3ds/templates/TinyGLDemo/source/main.c:14:
/home/gek/Programming/3ds/templates/TinyGLDemo/source/include/stb_image.h:932:12: note: previous definition of 'stbi__mad4sizes_valid' was here
  932 | static int stbi__mad4sizes_valid(int a, int b, int c, int d, int add) {
      |            ^~~~~~~~~~~~~~~~~~~~~
In file included from /home/gek/Programming/3ds/templates/TinyGLDemo/source/include/api.h:38,
                 from /home/gek/Programming/3ds/templates/TinyGLDemo/source/include/gl_helpers.h:5,
                 from /home/gek/Programming/3ds/templates/TinyGLDemo/source/main.c:15:
/home/gek/Programming/3ds/templates/TinyGLDemo/source/include/stb_image.h:939:14: error: redefinition of 'stbi__malloc_mad2'
  939 | static void* stbi__malloc_mad2(int a, int b, int add) {
      |              ^~~~~~~~~~~~~~~~~
In file included from /home/gek/Programming/3ds/templates/TinyGLDemo/source/include/api.h:38,
                 from /home/gek/Programming/3ds/templates/TinyGLDemo/source/main.c:14:
/home/gek/Programming/3ds/templates/TinyGLDemo/source/include/stb_image.h:939:14: note: previous definition of 'stbi__malloc_mad2' was here
  939 | static void* stbi__malloc_mad2(int a, int b, int add) {
      |              ^~~~~~~~~~~~~~~~~
In file included from /home/gek/Programming/3ds/templates/TinyGLDemo/source/include/api.h:38,
                 from /home/gek/Programming/3ds/templates/TinyGLDemo/source/include/gl_helpers.h:5,
                 from /home/gek/Programming/3ds/templates/TinyGLDemo/source/main.c:15:
/home/gek/Programming/3ds/templates/TinyGLDemo/source/include/stb_image.h:946:14: error: redefinition of 'stbi__malloc_mad3'
  946 | static void* stbi__malloc_mad3(int a, int b, int c, int add) {
      |              ^~~~~~~~~~~~~~~~~
In file included from /home/gek/Programming/3ds/templates/TinyGLDemo/source/include/api.h:38,
                 from /home/gek/Programming/3ds/templates/TinyGLDemo/source/main.c:14:
/home/gek/Programming/3ds/templates/TinyGLDemo/source/include/stb_image.h:946:14: note: previous definition of 'stbi__malloc_mad3' was here
  946 | static void* stbi__malloc_mad3(int a, int b, int c, int add) {
      |              ^~~~~~~~~~~~~~~~~
In file included from /home/gek/Programming/3ds/templates/TinyGLDemo/source/include/api.h:38,
                 from /home/gek/Programming/3ds/templates/TinyGLDemo/source/include/gl_helpers.h:5,
                 from /home/gek/Programming/3ds/templates/TinyGLDemo/source/main.c:15:
/home/gek/Programming/3ds/templates/TinyGLDemo/source/include/stb_image.h:953:14: error: redefinition of 'stbi__malloc_mad4'
  953 | static void* stbi__malloc_mad4(int a, int b, int c, int d, int add) {
      |              ^~~~~~~~~~~~~~~~~
In file included from /home/gek/Programming/3ds/templates/TinyGLDemo/source/include/api.h:38,
                 from /home/gek/Programming/3ds/templates/TinyGLDemo/source/main.c:14:
/home/gek/Programming/3ds/templates/TinyGLDemo/source/include/stb_image.h:953:14: note: previous definition of 'stbi__malloc_mad4' was here
  953 | static void* stbi__malloc_mad4(int a, int b, int c, int d, int add) {
      |              ^~~~~~~~~~~~~~~~~
In file included from /home/gek/Programming/3ds/templates/TinyGLDemo/source/include/api.h:38,
                 from /home/gek/Programming/3ds/templates/TinyGLDemo/source/include/gl_helpers.h:5,
                 from /home/gek/Programming/3ds/templates/TinyGLDemo/source/main.c:15:
/home/gek/Programming/3ds/templates/TinyGLDemo/source/include/stb_image.h:975:14: error: redefinition of 'stbi_image_free'
  975 | STBIDEF void stbi_image_free(void* retval_from_stbi_load) { STBI_FREE(retval_from_stbi_load); }
      |              ^~~~~~~~~~~~~~~
In file included from /home/gek/Programming/3ds/templates/TinyGLDemo/source/include/api.h:38,
                 from /home/gek/Programming/3ds/templates/TinyGLDemo/source/main.c:14:
/home/gek/Programming/3ds/templates/TinyGLDemo/source/include/stb_image.h:975:14: note: previous definition of 'stbi_image_free' was here
  975 | STBIDEF void stbi_image_free(void* retval_from_stbi_load) { STBI_FREE(retval_from_stbi_load); }
      |              ^~~~~~~~~~~~~~~
In file included from /home/gek/Programming/3ds/templates/TinyGLDemo/source/include/api.h:38,
                 from /home/gek/Programming/3ds/templates/TinyGLDemo/source/include/gl_helpers.h:5,
                 from /home/gek/Programming/3ds/templates/TinyGLDemo/source/main.c:15:
/home/gek/Programming/3ds/templates/TinyGLDemo/source/include/stb_image.h:985:12: error: redefinition of 'stbi__vertically_flip_on_load_global'
  985 | static int stbi__vertically_flip_on_load_global = 0;
      |            ^~~~~~~~~~~~~~~~~~~~~~~~~~~~~~~~~~~~
In file included from /home/gek/Programming/3ds/templates/TinyGLDemo/source/include/api.h:38,
                 from /home/gek/Programming/3ds/templates/TinyGLDemo/source/main.c:14:
/home/gek/Programming/3ds/templates/TinyGLDemo/source/include/stb_image.h:985:12: note: previous definition of 'stbi__vertically_flip_on_load_global' was here
  985 | static int stbi__vertically_flip_on_load_global = 0;
      |            ^~~~~~~~~~~~~~~~~~~~~~~~~~~~~~~~~~~~
In file included from /home/gek/Programming/3ds/templates/TinyGLDemo/source/include/api.h:38,
                 from /home/gek/Programming/3ds/templates/TinyGLDemo/source/include/gl_helpers.h:5,
                 from /home/gek/Programming/3ds/templates/TinyGLDemo/source/main.c:15:
/home/gek/Programming/3ds/templates/TinyGLDemo/source/include/stb_image.h:987:14: error: redefinition of 'stbi_set_flip_vertically_on_load'
  987 | STBIDEF void stbi_set_flip_vertically_on_load(int flag_true_if_should_flip) { stbi__vertically_flip_on_load_global = flag_true_if_should_flip; }
      |              ^~~~~~~~~~~~~~~~~~~~~~~~~~~~~~~~
In file included from /home/gek/Programming/3ds/templates/TinyGLDemo/source/include/api.h:38,
                 from /home/gek/Programming/3ds/templates/TinyGLDemo/source/main.c:14:
/home/gek/Programming/3ds/templates/TinyGLDemo/source/include/stb_image.h:987:14: note: previous definition of 'stbi_set_flip_vertically_on_load' was here
  987 | STBIDEF void stbi_set_flip_vertically_on_load(int flag_true_if_should_flip) { stbi__vertically_flip_on_load_global = flag_true_if_should_flip; }
      |              ^~~~~~~~~~~~~~~~~~~~~~~~~~~~~~~~
In file included from /home/gek/Programming/3ds/templates/TinyGLDemo/source/include/api.h:38,
                 from /home/gek/Programming/3ds/templates/TinyGLDemo/source/include/gl_helpers.h:5,
                 from /home/gek/Programming/3ds/templates/TinyGLDemo/source/main.c:15:
/home/gek/Programming/3ds/templates/TinyGLDemo/source/include/stb_image.h:994:14: error: redefinition of 'stbi_set_flip_vertically_on_load_thread'
  994 | STBIDEF void stbi_set_flip_vertically_on_load_thread(int flag_true_if_should_flip) {
      |              ^~~~~~~~~~~~~~~~~~~~~~~~~~~~~~~~~~~~~~~
In file included from /home/gek/Programming/3ds/templates/TinyGLDemo/source/include/api.h:38,
                 from /home/gek/Programming/3ds/templates/TinyGLDemo/source/main.c:14:
/home/gek/Programming/3ds/templates/TinyGLDemo/source/include/stb_image.h:994:14: note: previous definition of 'stbi_set_flip_vertically_on_load_thread' was here
  994 | STBIDEF void stbi_set_flip_vertically_on_load_thread(int flag_true_if_should_flip) {
      |              ^~~~~~~~~~~~~~~~~~~~~~~~~~~~~~~~~~~~~~~
In file included from /home/gek/Programming/3ds/templates/TinyGLDemo/source/include/api.h:38,
                 from /home/gek/Programming/3ds/templates/TinyGLDemo/source/include/gl_helpers.h:5,
                 from /home/gek/Programming/3ds/templates/TinyGLDemo/source/main.c:15:
/home/gek/Programming/3ds/templates/TinyGLDemo/source/include/stb_image.h:1002:14: error: conflicting types for 'stbi__load_main'
 1002 | static void* stbi__load_main(stbi__context* s, int* x, int* y, int* comp, int req_comp, stbi__result_info* ri, int bpc) {
      |              ^~~~~~~~~~~~~~~
In file included from /home/gek/Programming/3ds/templates/TinyGLDemo/source/include/api.h:38,
                 from /home/gek/Programming/3ds/templates/TinyGLDemo/source/main.c:14:
/home/gek/Programming/3ds/templates/TinyGLDemo/source/include/stb_image.h:1002:14: note: previous definition of 'stbi__load_main' was here
 1002 | static void* stbi__load_main(stbi__context* s, int* x, int* y, int* comp, int req_comp, stbi__result_info* ri, int bpc) {
      |              ^~~~~~~~~~~~~~~
In file included from /home/gek/Programming/3ds/templates/TinyGLDemo/source/include/api.h:38,
                 from /home/gek/Programming/3ds/templates/TinyGLDemo/source/include/gl_helpers.h:5,
                 from /home/gek/Programming/3ds/templates/TinyGLDemo/source/main.c:15:
/home/gek/Programming/3ds/templates/TinyGLDemo/source/include/stb_image.h:1057:17: error: redefinition of 'stbi__convert_16_to_8'
 1057 | static stbi_uc* stbi__convert_16_to_8(stbi__uint16* orig, int w, int h, int channels) {
      |                 ^~~~~~~~~~~~~~~~~~~~~
In file included from /home/gek/Programming/3ds/templates/TinyGLDemo/source/include/api.h:38,
                 from /home/gek/Programming/3ds/templates/TinyGLDemo/source/main.c:14:
/home/gek/Programming/3ds/templates/TinyGLDemo/source/include/stb_image.h:1057:17: note: previous definition of 'stbi__convert_16_to_8' was here
 1057 | static stbi_uc* stbi__convert_16_to_8(stbi__uint16* orig, int w, int h, int channels) {
      |                 ^~~~~~~~~~~~~~~~~~~~~
In file included from /home/gek/Programming/3ds/templates/TinyGLDemo/source/include/api.h:38,
                 from /home/gek/Programming/3ds/templates/TinyGLDemo/source/include/gl_helpers.h:5,
                 from /home/gek/Programming/3ds/templates/TinyGLDemo/source/main.c:15:
/home/gek/Programming/3ds/templates/TinyGLDemo/source/include/stb_image.h:1074:22: error: redefinition of 'stbi__convert_8_to_16'
 1074 | static stbi__uint16* stbi__convert_8_to_16(stbi_uc* orig, int w, int h, int channels) {
      |                      ^~~~~~~~~~~~~~~~~~~~~
In file included from /home/gek/Programming/3ds/templates/TinyGLDemo/source/include/api.h:38,
                 from /home/gek/Programming/3ds/templates/TinyGLDemo/source/main.c:14:
/home/gek/Programming/3ds/templates/TinyGLDemo/source/include/stb_image.h:1074:22: note: previous definition of 'stbi__convert_8_to_16' was here
 1074 | static stbi__uint16* stbi__convert_8_to_16(stbi_uc* orig, int w, int h, int channels) {
      |                      ^~~~~~~~~~~~~~~~~~~~~
In file included from /home/gek/Programming/3ds/templates/TinyGLDemo/source/include/api.h:38,
                 from /home/gek/Programming/3ds/templates/TinyGLDemo/source/include/gl_helpers.h:5,
                 from /home/gek/Programming/3ds/templates/TinyGLDemo/source/main.c:15:
/home/gek/Programming/3ds/templates/TinyGLDemo/source/include/stb_image.h:1090:13: error: redefinition of 'stbi__vertical_flip'
 1090 | static void stbi__vertical_flip(void* image, int w, int h, int bytes_per_pixel) {
      |             ^~~~~~~~~~~~~~~~~~~
In file included from /home/gek/Programming/3ds/templates/TinyGLDemo/source/include/api.h:38,
                 from /home/gek/Programming/3ds/templates/TinyGLDemo/source/main.c:14:
/home/gek/Programming/3ds/templates/TinyGLDemo/source/include/stb_image.h:1090:13: note: previous definition of 'stbi__vertical_flip' was here
 1090 | static void stbi__vertical_flip(void* image, int w, int h, int bytes_per_pixel) {
      |             ^~~~~~~~~~~~~~~~~~~
In file included from /home/gek/Programming/3ds/templates/TinyGLDemo/source/include/api.h:38,
                 from /home/gek/Programming/3ds/templates/TinyGLDemo/source/include/gl_helpers.h:5,
                 from /home/gek/Programming/3ds/templates/TinyGLDemo/source/main.c:15:
/home/gek/Programming/3ds/templates/TinyGLDemo/source/include/stb_image.h:1114:13: error: redefinition of 'stbi__vertical_flip_slices'
 1114 | static void stbi__vertical_flip_slices(void* image, int w, int h, int z, int bytes_per_pixel) {
      |             ^~~~~~~~~~~~~~~~~~~~~~~~~~
In file included from /home/gek/Programming/3ds/templates/TinyGLDemo/source/include/api.h:38,
                 from /home/gek/Programming/3ds/templates/TinyGLDemo/source/main.c:14:
/home/gek/Programming/3ds/templates/TinyGLDemo/source/include/stb_image.h:1114:13: note: previous definition of 'stbi__vertical_flip_slices' was here
 1114 | static void stbi__vertical_flip_slices(void* image, int w, int h, int z, int bytes_per_pixel) {
      |             ^~~~~~~~~~~~~~~~~~~~~~~~~~
In file included from /home/gek/Programming/3ds/templates/TinyGLDemo/source/include/api.h:38,
                 from /home/gek/Programming/3ds/templates/TinyGLDemo/source/include/gl_helpers.h:5,
                 from /home/gek/Programming/3ds/templates/TinyGLDemo/source/main.c:15:
/home/gek/Programming/3ds/templates/TinyGLDemo/source/include/stb_image.h:1126:23: error: conflicting types for 'stbi__load_and_postprocess_8bit'
 1126 | static unsigned char* stbi__load_and_postprocess_8bit(stbi__context* s, int* x, int* y, int* comp, int req_comp) {
      |                       ^~~~~~~~~~~~~~~~~~~~~~~~~~~~~~~
In file included from /home/gek/Programming/3ds/templates/TinyGLDemo/source/include/api.h:38,
                 from /home/gek/Programming/3ds/templates/TinyGLDemo/source/main.c:14:
/home/gek/Programming/3ds/templates/TinyGLDemo/source/include/stb_image.h:1126:23: note: previous definition of 'stbi__load_and_postprocess_8bit' was here
 1126 | static unsigned char* stbi__load_and_postprocess_8bit(stbi__context* s, int* x, int* y, int* comp, int req_comp) {
      |                       ^~~~~~~~~~~~~~~~~~~~~~~~~~~~~~~
In file included from /home/gek/Programming/3ds/templates/TinyGLDemo/source/include/api.h:38,
                 from /home/gek/Programming/3ds/templates/TinyGLDemo/source/include/gl_helpers.h:5,
                 from /home/gek/Programming/3ds/templates/TinyGLDemo/source/main.c:15:
/home/gek/Programming/3ds/templates/TinyGLDemo/source/include/stb_image.h:1149:22: error: conflicting types for 'stbi__load_and_postprocess_16bit'
 1149 | static stbi__uint16* stbi__load_and_postprocess_16bit(stbi__context* s, int* x, int* y, int* comp, int req_comp) {
      |                      ^~~~~~~~~~~~~~~~~~~~~~~~~~~~~~~~
In file included from /home/gek/Programming/3ds/templates/TinyGLDemo/source/include/api.h:38,
                 from /home/gek/Programming/3ds/templates/TinyGLDemo/source/main.c:14:
/home/gek/Programming/3ds/templates/TinyGLDemo/source/include/stb_image.h:1149:22: note: previous definition of 'stbi__load_and_postprocess_16bit' was here
 1149 | static stbi__uint16* stbi__load_and_postprocess_16bit(stbi__context* s, int* x, int* y, int* comp, int req_comp) {
      |                      ^~~~~~~~~~~~~~~~~~~~~~~~~~~~~~~~
In file included from /home/gek/Programming/3ds/templates/TinyGLDemo/source/include/api.h:38,
                 from /home/gek/Programming/3ds/templates/TinyGLDemo/source/include/gl_helpers.h:5,
                 from /home/gek/Programming/3ds/templates/TinyGLDemo/source/main.c:15:
/home/gek/Programming/3ds/templates/TinyGLDemo/source/include/stb_image.h:1175:13: error: redefinition of 'stbi__float_postprocess'
 1175 | static void stbi__float_postprocess(float* result, int* x, int* y, int* comp, int req_comp) {
      |             ^~~~~~~~~~~~~~~~~~~~~~~
In file included from /home/gek/Programming/3ds/templates/TinyGLDemo/source/include/api.h:38,
                 from /home/gek/Programming/3ds/templates/TinyGLDemo/source/main.c:14:
/home/gek/Programming/3ds/templates/TinyGLDemo/source/include/stb_image.h:1175:13: note: previous definition of 'stbi__float_postprocess' was here
 1175 | static void stbi__float_postprocess(float* result, int* x, int* y, int* comp, int req_comp) {
      |             ^~~~~~~~~~~~~~~~~~~~~~~
In file included from /home/gek/Programming/3ds/templates/TinyGLDemo/source/include/api.h:38,
                 from /home/gek/Programming/3ds/templates/TinyGLDemo/source/include/gl_helpers.h:5,
                 from /home/gek/Programming/3ds/templates/TinyGLDemo/source/main.c:15:
/home/gek/Programming/3ds/templates/TinyGLDemo/source/include/stb_image.h:1198:14: error: redefinition of 'stbi__fopen'
 1198 | static FILE* stbi__fopen(char const* filename, char const* mode) {
      |              ^~~~~~~~~~~
In file included from /home/gek/Programming/3ds/templates/TinyGLDemo/source/include/api.h:38,
                 from /home/gek/Programming/3ds/templates/TinyGLDemo/source/main.c:14:
/home/gek/Programming/3ds/templates/TinyGLDemo/source/include/stb_image.h:1198:14: note: previous definition of 'stbi__fopen' was here
 1198 | static FILE* stbi__fopen(char const* filename, char const* mode) {
      |              ^~~~~~~~~~~
In file included from /home/gek/Programming/3ds/templates/TinyGLDemo/source/include/api.h:38,
                 from /home/gek/Programming/3ds/templates/TinyGLDemo/source/include/gl_helpers.h:5,
                 from /home/gek/Programming/3ds/templates/TinyGLDemo/source/main.c:15:
/home/gek/Programming/3ds/templates/TinyGLDemo/source/include/stb_image.h:1225:18: error: redefinition of 'stbi_load'
 1225 | STBIDEF stbi_uc* stbi_load(char const* filename, int* x, int* y, int* comp, int req_comp) {
      |                  ^~~~~~~~~
In file included from /home/gek/Programming/3ds/templates/TinyGLDemo/source/include/api.h:38,
                 from /home/gek/Programming/3ds/templates/TinyGLDemo/source/main.c:14:
/home/gek/Programming/3ds/templates/TinyGLDemo/source/include/stb_image.h:1225:18: note: previous definition of 'stbi_load' was here
 1225 | STBIDEF stbi_uc* stbi_load(char const* filename, int* x, int* y, int* comp, int req_comp) {
      |                  ^~~~~~~~~
In file included from /home/gek/Programming/3ds/templates/TinyGLDemo/source/include/api.h:38,
                 from /home/gek/Programming/3ds/templates/TinyGLDemo/source/include/gl_helpers.h:5,
                 from /home/gek/Programming/3ds/templates/TinyGLDemo/source/main.c:15:
/home/gek/Programming/3ds/templates/TinyGLDemo/source/include/stb_image.h:1235:18: error: redefinition of 'stbi_load_from_file'
 1235 | STBIDEF stbi_uc* stbi_load_from_file(FILE* f, int* x, int* y, int* comp, int req_comp) {
      |                  ^~~~~~~~~~~~~~~~~~~
In file included from /home/gek/Programming/3ds/templates/TinyGLDemo/source/include/api.h:38,
                 from /home/gek/Programming/3ds/templates/TinyGLDemo/source/main.c:14:
/home/gek/Programming/3ds/templates/TinyGLDemo/source/include/stb_image.h:1235:18: note: previous definition of 'stbi_load_from_file' was here
 1235 | STBIDEF stbi_uc* stbi_load_from_file(FILE* f, int* x, int* y, int* comp, int req_comp) {
      |                  ^~~~~~~~~~~~~~~~~~~
In file included from /home/gek/Programming/3ds/templates/TinyGLDemo/source/include/api.h:38,
                 from /home/gek/Programming/3ds/templates/TinyGLDemo/source/include/gl_helpers.h:5,
                 from /home/gek/Programming/3ds/templates/TinyGLDemo/source/main.c:15:
/home/gek/Programming/3ds/templates/TinyGLDemo/source/include/stb_image.h:1247:23: error: redefinition of 'stbi_load_from_file_16'
 1247 | STBIDEF stbi__uint16* stbi_load_from_file_16(FILE* f, int* x, int* y, int* comp, int req_comp) {
      |                       ^~~~~~~~~~~~~~~~~~~~~~
In file included from /home/gek/Programming/3ds/templates/TinyGLDemo/source/include/api.h:38,
                 from /home/gek/Programming/3ds/templates/TinyGLDemo/source/main.c:14:
/home/gek/Programming/3ds/templates/TinyGLDemo/source/include/stb_image.h:1247:23: note: previous definition of 'stbi_load_from_file_16' was here
 1247 | STBIDEF stbi__uint16* stbi_load_from_file_16(FILE* f, int* x, int* y, int* comp, int req_comp) {
      |                       ^~~~~~~~~~~~~~~~~~~~~~
In file included from /home/gek/Programming/3ds/templates/TinyGLDemo/source/include/api.h:38,
                 from /home/gek/Programming/3ds/templates/TinyGLDemo/source/include/gl_helpers.h:5,
                 from /home/gek/Programming/3ds/templates/TinyGLDemo/source/main.c:15:
/home/gek/Programming/3ds/templates/TinyGLDemo/source/include/stb_image.h:1259:18: error: redefinition of 'stbi_load_16'
 1259 | STBIDEF stbi_us* stbi_load_16(char const* filename, int* x, int* y, int* comp, int req_comp) {
      |                  ^~~~~~~~~~~~
In file included from /home/gek/Programming/3ds/templates/TinyGLDemo/source/include/api.h:38,
                 from /home/gek/Programming/3ds/templates/TinyGLDemo/source/main.c:14:
/home/gek/Programming/3ds/templates/TinyGLDemo/source/include/stb_image.h:1259:18: note: previous definition of 'stbi_load_16' was here
 1259 | STBIDEF stbi_us* stbi_load_16(char const* filename, int* x, int* y, int* comp, int req_comp) {
      |                  ^~~~~~~~~~~~
In file included from /home/gek/Programming/3ds/templates/TinyGLDemo/source/include/api.h:38,
                 from /home/gek/Programming/3ds/templates/TinyGLDemo/source/include/gl_helpers.h:5,
                 from /home/gek/Programming/3ds/templates/TinyGLDemo/source/main.c:15:
/home/gek/Programming/3ds/templates/TinyGLDemo/source/include/stb_image.h:1271:18: error: redefinition of 'stbi_load_16_from_memory'
 1271 | STBIDEF stbi_us* stbi_load_16_from_memory(stbi_uc const* buffer, int len, int* x, int* y, int* channels_in_file, int desired_channels) {
      |                  ^~~~~~~~~~~~~~~~~~~~~~~~
In file included from /home/gek/Programming/3ds/templates/TinyGLDemo/source/include/api.h:38,
                 from /home/gek/Programming/3ds/templates/TinyGLDemo/source/main.c:14:
/home/gek/Programming/3ds/templates/TinyGLDemo/source/include/stb_image.h:1271:18: note: previous definition of 'stbi_load_16_from_memory' was here
 1271 | STBIDEF stbi_us* stbi_load_16_from_memory(stbi_uc const* buffer, int len, int* x, int* y, int* channels_in_file, int desired_channels) {
      |                  ^~~~~~~~~~~~~~~~~~~~~~~~
In file included from /home/gek/Programming/3ds/templates/TinyGLDemo/source/include/api.h:38,
                 from /home/gek/Programming/3ds/templates/TinyGLDemo/source/include/gl_helpers.h:5,
                 from /home/gek/Programming/3ds/templates/TinyGLDemo/source/main.c:15:
/home/gek/Programming/3ds/templates/TinyGLDemo/source/include/stb_image.h:1277:18: error: redefinition of 'stbi_load_16_from_callbacks'
 1277 | STBIDEF stbi_us* stbi_load_16_from_callbacks(stbi_io_callbacks const* clbk, void* user, int* x, int* y, int* channels_in_file, int desired_channels) {
      |                  ^~~~~~~~~~~~~~~~~~~~~~~~~~~
In file included from /home/gek/Programming/3ds/templates/TinyGLDemo/source/include/api.h:38,
                 from /home/gek/Programming/3ds/templates/TinyGLDemo/source/main.c:14:
/home/gek/Programming/3ds/templates/TinyGLDemo/source/include/stb_image.h:1277:18: note: previous definition of 'stbi_load_16_from_callbacks' was here
 1277 | STBIDEF stbi_us* stbi_load_16_from_callbacks(stbi_io_callbacks const* clbk, void* user, int* x, int* y, int* channels_in_file, int desired_channels) {
      |                  ^~~~~~~~~~~~~~~~~~~~~~~~~~~
In file included from /home/gek/Programming/3ds/templates/TinyGLDemo/source/include/api.h:38,
                 from /home/gek/Programming/3ds/templates/TinyGLDemo/source/include/gl_helpers.h:5,
                 from /home/gek/Programming/3ds/templates/TinyGLDemo/source/main.c:15:
/home/gek/Programming/3ds/templates/TinyGLDemo/source/include/stb_image.h:1283:18: error: redefinition of 'stbi_load_from_memory'
 1283 | STBIDEF stbi_uc* stbi_load_from_memory(stbi_uc const* buffer, int len, int* x, int* y, int* comp, int req_comp) {
      |                  ^~~~~~~~~~~~~~~~~~~~~
In file included from /home/gek/Programming/3ds/templates/TinyGLDemo/source/include/api.h:38,
                 from /home/gek/Programming/3ds/templates/TinyGLDemo/source/main.c:14:
/home/gek/Programming/3ds/templates/TinyGLDemo/source/include/stb_image.h:1283:18: note: previous definition of 'stbi_load_from_memory' was here
 1283 | STBIDEF stbi_uc* stbi_load_from_memory(stbi_uc const* buffer, int len, int* x, int* y, int* comp, int req_comp) {
      |                  ^~~~~~~~~~~~~~~~~~~~~
In file included from /home/gek/Programming/3ds/templates/TinyGLDemo/source/include/api.h:38,
                 from /home/gek/Programming/3ds/templates/TinyGLDemo/source/include/gl_helpers.h:5,
                 from /home/gek/Programming/3ds/templates/TinyGLDemo/source/main.c:15:
/home/gek/Programming/3ds/templates/TinyGLDemo/source/include/stb_image.h:1289:18: error: redefinition of 'stbi_load_from_callbacks'
 1289 | STBIDEF stbi_uc* stbi_load_from_callbacks(stbi_io_callbacks const* clbk, void* user, int* x, int* y, int* comp, int req_comp) {
      |                  ^~~~~~~~~~~~~~~~~~~~~~~~
In file included from /home/gek/Programming/3ds/templates/TinyGLDemo/source/include/api.h:38,
                 from /home/gek/Programming/3ds/templates/TinyGLDemo/source/main.c:14:
/home/gek/Programming/3ds/templates/TinyGLDemo/source/include/stb_image.h:1289:18: note: previous definition of 'stbi_load_from_callbacks' was here
 1289 | STBIDEF stbi_uc* stbi_load_from_callbacks(stbi_io_callbacks const* clbk, void* user, int* x, int* y, int* comp, int req_comp) {
      |                  ^~~~~~~~~~~~~~~~~~~~~~~~
In file included from /home/gek/Programming/3ds/templates/TinyGLDemo/source/include/api.h:38,
                 from /home/gek/Programming/3ds/templates/TinyGLDemo/source/include/gl_helpers.h:5,
                 from /home/gek/Programming/3ds/templates/TinyGLDemo/source/main.c:15:
/home/gek/Programming/3ds/templates/TinyGLDemo/source/include/stb_image.h:1296:18: error: redefinition of 'stbi_load_gif_from_memory'
 1296 | STBIDEF stbi_uc* stbi_load_gif_from_memory(stbi_uc const* buffer, int len, int** delays, int* x, int* y, int* z, int* comp, int req_comp) {
      |                  ^~~~~~~~~~~~~~~~~~~~~~~~~
In file included from /home/gek/Programming/3ds/templates/TinyGLDemo/source/include/api.h:38,
                 from /home/gek/Programming/3ds/templates/TinyGLDemo/source/main.c:14:
/home/gek/Programming/3ds/templates/TinyGLDemo/source/include/stb_image.h:1296:18: note: previous definition of 'stbi_load_gif_from_memory' was here
 1296 | STBIDEF stbi_uc* stbi_load_gif_from_memory(stbi_uc const* buffer, int len, int** delays, int* x, int* y, int* z, int* comp, int req_comp) {
      |                  ^~~~~~~~~~~~~~~~~~~~~~~~~
In file included from /home/gek/Programming/3ds/templates/TinyGLDemo/source/include/api.h:38,
                 from /home/gek/Programming/3ds/templates/TinyGLDemo/source/include/gl_helpers.h:5,
                 from /home/gek/Programming/3ds/templates/TinyGLDemo/source/main.c:15:
/home/gek/Programming/3ds/templates/TinyGLDemo/source/include/stb_image.h:1311:15: error: conflicting types for 'stbi__loadf_main'
 1311 | static float* stbi__loadf_main(stbi__context* s, int* x, int* y, int* comp, int req_comp) {
      |               ^~~~~~~~~~~~~~~~
In file included from /home/gek/Programming/3ds/templates/TinyGLDemo/source/include/api.h:38,
                 from /home/gek/Programming/3ds/templates/TinyGLDemo/source/main.c:14:
/home/gek/Programming/3ds/templates/TinyGLDemo/source/include/stb_image.h:1311:15: note: previous definition of 'stbi__loadf_main' was here
 1311 | static float* stbi__loadf_main(stbi__context* s, int* x, int* y, int* comp, int req_comp) {
      |               ^~~~~~~~~~~~~~~~
In file included from /home/gek/Programming/3ds/templates/TinyGLDemo/source/include/api.h:38,
                 from /home/gek/Programming/3ds/templates/TinyGLDemo/source/include/gl_helpers.h:5,
                 from /home/gek/Programming/3ds/templates/TinyGLDemo/source/main.c:15:
/home/gek/Programming/3ds/templates/TinyGLDemo/source/include/stb_image.h:1328:16: error: redefinition of 'stbi_loadf_from_memory'
 1328 | STBIDEF float* stbi_loadf_from_memory(stbi_uc const* buffer, int len, int* x, int* y, int* comp, int req_comp) {
      |                ^~~~~~~~~~~~~~~~~~~~~~
In file included from /home/gek/Programming/3ds/templates/TinyGLDemo/source/include/api.h:38,
                 from /home/gek/Programming/3ds/templates/TinyGLDemo/source/main.c:14:
/home/gek/Programming/3ds/templates/TinyGLDemo/source/include/stb_image.h:1328:16: note: previous definition of 'stbi_loadf_from_memory' was here
 1328 | STBIDEF float* stbi_loadf_from_memory(stbi_uc const* buffer, int len, int* x, int* y, int* comp, int req_comp) {
      |                ^~~~~~~~~~~~~~~~~~~~~~
In file included from /home/gek/Programming/3ds/templates/TinyGLDemo/source/include/api.h:38,
                 from /home/gek/Programming/3ds/templates/TinyGLDemo/source/include/gl_helpers.h:5,
                 from /home/gek/Programming/3ds/templates/TinyGLDemo/source/main.c:15:
/home/gek/Programming/3ds/templates/TinyGLDemo/source/include/stb_image.h:1334:16: error: redefinition of 'stbi_loadf_from_callbacks'
 1334 | STBIDEF float* stbi_loadf_from_callbacks(stbi_io_callbacks const* clbk, void* user, int* x, int* y, int* comp, int req_comp) {
      |                ^~~~~~~~~~~~~~~~~~~~~~~~~
In file included from /home/gek/Programming/3ds/templates/TinyGLDemo/source/include/api.h:38,
                 from /home/gek/Programming/3ds/templates/TinyGLDemo/source/main.c:14:
/home/gek/Programming/3ds/templates/TinyGLDemo/source/include/stb_image.h:1334:16: note: previous definition of 'stbi_loadf_from_callbacks' was here
 1334 | STBIDEF float* stbi_loadf_from_callbacks(stbi_io_callbacks const* clbk, void* user, int* x, int* y, int* comp, int req_comp) {
      |                ^~~~~~~~~~~~~~~~~~~~~~~~~
In file included from /home/gek/Programming/3ds/templates/TinyGLDemo/source/include/api.h:38,
                 from /home/gek/Programming/3ds/templates/TinyGLDemo/source/include/gl_helpers.h:5,
                 from /home/gek/Programming/3ds/templates/TinyGLDemo/source/main.c:15:
/home/gek/Programming/3ds/templates/TinyGLDemo/source/include/stb_image.h:1341:16: error: redefinition of 'stbi_loadf'
 1341 | STBIDEF float* stbi_loadf(char const* filename, int* x, int* y, int* comp, int req_comp) {
      |                ^~~~~~~~~~
In file included from /home/gek/Programming/3ds/templates/TinyGLDemo/source/include/api.h:38,
                 from /home/gek/Programming/3ds/templates/TinyGLDemo/source/main.c:14:
/home/gek/Programming/3ds/templates/TinyGLDemo/source/include/stb_image.h:1341:16: note: previous definition of 'stbi_loadf' was here
 1341 | STBIDEF float* stbi_loadf(char const* filename, int* x, int* y, int* comp, int req_comp) {
      |                ^~~~~~~~~~
In file included from /home/gek/Programming/3ds/templates/TinyGLDemo/source/include/api.h:38,
                 from /home/gek/Programming/3ds/templates/TinyGLDemo/source/include/gl_helpers.h:5,
                 from /home/gek/Programming/3ds/templates/TinyGLDemo/source/main.c:15:
/home/gek/Programming/3ds/templates/TinyGLDemo/source/include/stb_image.h:1351:16: error: redefinition of 'stbi_loadf_from_file'
 1351 | STBIDEF float* stbi_loadf_from_file(FILE* f, int* x, int* y, int* comp, int req_comp) {
      |                ^~~~~~~~~~~~~~~~~~~~
In file included from /home/gek/Programming/3ds/templates/TinyGLDemo/source/include/api.h:38,
                 from /home/gek/Programming/3ds/templates/TinyGLDemo/source/main.c:14:
/home/gek/Programming/3ds/templates/TinyGLDemo/source/include/stb_image.h:1351:16: note: previous definition of 'stbi_loadf_from_file' was here
 1351 | STBIDEF float* stbi_loadf_from_file(FILE* f, int* x, int* y, int* comp, int req_comp) {
      |                ^~~~~~~~~~~~~~~~~~~~
In file included from /home/gek/Programming/3ds/templates/TinyGLDemo/source/include/api.h:38,
                 from /home/gek/Programming/3ds/templates/TinyGLDemo/source/include/gl_helpers.h:5,
                 from /home/gek/Programming/3ds/templates/TinyGLDemo/source/main.c:15:
/home/gek/Programming/3ds/templates/TinyGLDemo/source/include/stb_image.h:1364:13: error: redefinition of 'stbi_is_hdr_from_memory'
 1364 | STBIDEF int stbi_is_hdr_from_memory(stbi_uc const* buffer, int len) {
      |             ^~~~~~~~~~~~~~~~~~~~~~~
In file included from /home/gek/Programming/3ds/templates/TinyGLDemo/source/include/api.h:38,
                 from /home/gek/Programming/3ds/templates/TinyGLDemo/source/main.c:14:
/home/gek/Programming/3ds/templates/TinyGLDemo/source/include/stb_image.h:1364:13: note: previous definition of 'stbi_is_hdr_from_memory' was here
 1364 | STBIDEF int stbi_is_hdr_from_memory(stbi_uc const* buffer, int len) {
      |             ^~~~~~~~~~~~~~~~~~~~~~~
In file included from /home/gek/Programming/3ds/templates/TinyGLDemo/source/include/api.h:38,
                 from /home/gek/Programming/3ds/templates/TinyGLDemo/source/include/gl_helpers.h:5,
                 from /home/gek/Programming/3ds/templates/TinyGLDemo/source/main.c:15:
/home/gek/Programming/3ds/templates/TinyGLDemo/source/include/stb_image.h:1377:13: error: redefinition of 'stbi_is_hdr'
 1377 | STBIDEF int stbi_is_hdr(char const* filename) {
      |             ^~~~~~~~~~~
In file included from /home/gek/Programming/3ds/templates/TinyGLDemo/source/include/api.h:38,
                 from /home/gek/Programming/3ds/templates/TinyGLDemo/source/main.c:14:
/home/gek/Programming/3ds/templates/TinyGLDemo/source/include/stb_image.h:1377:13: note: previous definition of 'stbi_is_hdr' was here
 1377 | STBIDEF int stbi_is_hdr(char const* filename) {
      |             ^~~~~~~~~~~
In file included from /home/gek/Programming/3ds/templates/TinyGLDemo/source/include/api.h:38,
                 from /home/gek/Programming/3ds/templates/TinyGLDemo/source/include/gl_helpers.h:5,
                 from /home/gek/Programming/3ds/templates/TinyGLDemo/source/main.c:15:
/home/gek/Programming/3ds/templates/TinyGLDemo/source/include/stb_image.h:1387:13: error: redefinition of 'stbi_is_hdr_from_file'
 1387 | STBIDEF int stbi_is_hdr_from_file(FILE* f) {
      |             ^~~~~~~~~~~~~~~~~~~~~
In file included from /home/gek/Programming/3ds/templates/TinyGLDemo/source/include/api.h:38,
                 from /home/gek/Programming/3ds/templates/TinyGLDemo/source/main.c:14:
/home/gek/Programming/3ds/templates/TinyGLDemo/source/include/stb_image.h:1387:13: note: previous definition of 'stbi_is_hdr_from_file' was here
 1387 | STBIDEF int stbi_is_hdr_from_file(FILE* f) {
      |             ^~~~~~~~~~~~~~~~~~~~~
In file included from /home/gek/Programming/3ds/templates/TinyGLDemo/source/include/api.h:38,
                 from /home/gek/Programming/3ds/templates/TinyGLDemo/source/include/gl_helpers.h:5,
                 from /home/gek/Programming/3ds/templates/TinyGLDemo/source/main.c:15:
/home/gek/Programming/3ds/templates/TinyGLDemo/source/include/stb_image.h:1403:13: error: redefinition of 'stbi_is_hdr_from_callbacks'
 1403 | STBIDEF int stbi_is_hdr_from_callbacks(stbi_io_callbacks const* clbk, void* user) {
      |             ^~~~~~~~~~~~~~~~~~~~~~~~~~
In file included from /home/gek/Programming/3ds/templates/TinyGLDemo/source/include/api.h:38,
                 from /home/gek/Programming/3ds/templates/TinyGLDemo/source/main.c:14:
/home/gek/Programming/3ds/templates/TinyGLDemo/source/include/stb_image.h:1403:13: note: previous definition of 'stbi_is_hdr_from_callbacks' was here
 1403 | STBIDEF int stbi_is_hdr_from_callbacks(stbi_io_callbacks const* clbk, void* user) {
      |             ^~~~~~~~~~~~~~~~~~~~~~~~~~
In file included from /home/gek/Programming/3ds/templates/TinyGLDemo/source/include/api.h:38,
                 from /home/gek/Programming/3ds/templates/TinyGLDemo/source/include/gl_helpers.h:5,
                 from /home/gek/Programming/3ds/templates/TinyGLDemo/source/main.c:15:
/home/gek/Programming/3ds/templates/TinyGLDemo/source/include/stb_image.h:1416:14: error: redefinition of 'stbi__l2h_gamma'
 1416 | static float stbi__l2h_gamma = 2.2f, stbi__l2h_scale = 1.0f;
      |              ^~~~~~~~~~~~~~~
In file included from /home/gek/Programming/3ds/templates/TinyGLDemo/source/include/api.h:38,
                 from /home/gek/Programming/3ds/templates/TinyGLDemo/source/main.c:14:
/home/gek/Programming/3ds/templates/TinyGLDemo/source/include/stb_image.h:1416:14: note: previous definition of 'stbi__l2h_gamma' was here
 1416 | static float stbi__l2h_gamma = 2.2f, stbi__l2h_scale = 1.0f;
      |              ^~~~~~~~~~~~~~~
In file included from /home/gek/Programming/3ds/templates/TinyGLDemo/source/include/api.h:38,
                 from /home/gek/Programming/3ds/templates/TinyGLDemo/source/include/gl_helpers.h:5,
                 from /home/gek/Programming/3ds/templates/TinyGLDemo/source/main.c:15:
/home/gek/Programming/3ds/templates/TinyGLDemo/source/include/stb_image.h:1416:38: error: redefinition of 'stbi__l2h_scale'
 1416 | static float stbi__l2h_gamma = 2.2f, stbi__l2h_scale = 1.0f;
      |                                      ^~~~~~~~~~~~~~~
In file included from /home/gek/Programming/3ds/templates/TinyGLDemo/source/include/api.h:38,
                 from /home/gek/Programming/3ds/templates/TinyGLDemo/source/main.c:14:
/home/gek/Programming/3ds/templates/TinyGLDemo/source/include/stb_image.h:1416:38: note: previous definition of 'stbi__l2h_scale' was here
 1416 | static float stbi__l2h_gamma = 2.2f, stbi__l2h_scale = 1.0f;
      |                                      ^~~~~~~~~~~~~~~
In file included from /home/gek/Programming/3ds/templates/TinyGLDemo/source/include/api.h:38,
                 from /home/gek/Programming/3ds/templates/TinyGLDemo/source/include/gl_helpers.h:5,
                 from /home/gek/Programming/3ds/templates/TinyGLDemo/source/main.c:15:
/home/gek/Programming/3ds/templates/TinyGLDemo/source/include/stb_image.h:1418:14: error: redefinition of 'stbi_ldr_to_hdr_gamma'
 1418 | STBIDEF void stbi_ldr_to_hdr_gamma(float gamma) { stbi__l2h_gamma = gamma; }
      |              ^~~~~~~~~~~~~~~~~~~~~
In file included from /home/gek/Programming/3ds/templates/TinyGLDemo/source/include/api.h:38,
                 from /home/gek/Programming/3ds/templates/TinyGLDemo/source/main.c:14:
/home/gek/Programming/3ds/templates/TinyGLDemo/source/include/stb_image.h:1418:14: note: previous definition of 'stbi_ldr_to_hdr_gamma' was here
 1418 | STBIDEF void stbi_ldr_to_hdr_gamma(float gamma) { stbi__l2h_gamma = gamma; }
      |              ^~~~~~~~~~~~~~~~~~~~~
In file included from /home/gek/Programming/3ds/templates/TinyGLDemo/source/include/api.h:38,
                 from /home/gek/Programming/3ds/templates/TinyGLDemo/source/include/gl_helpers.h:5,
                 from /home/gek/Programming/3ds/templates/TinyGLDemo/source/main.c:15:
/home/gek/Programming/3ds/templates/TinyGLDemo/source/include/stb_image.h:1419:14: error: redefinition of 'stbi_ldr_to_hdr_scale'
 1419 | STBIDEF void stbi_ldr_to_hdr_scale(float scale) { stbi__l2h_scale = scale; }
      |              ^~~~~~~~~~~~~~~~~~~~~
In file included from /home/gek/Programming/3ds/templates/TinyGLDemo/source/include/api.h:38,
                 from /home/gek/Programming/3ds/templates/TinyGLDemo/source/main.c:14:
/home/gek/Programming/3ds/templates/TinyGLDemo/source/include/stb_image.h:1419:14: note: previous definition of 'stbi_ldr_to_hdr_scale' was here
 1419 | STBIDEF void stbi_ldr_to_hdr_scale(float scale) { stbi__l2h_scale = scale; }
      |              ^~~~~~~~~~~~~~~~~~~~~
In file included from /home/gek/Programming/3ds/templates/TinyGLDemo/source/include/api.h:38,
                 from /home/gek/Programming/3ds/templates/TinyGLDemo/source/include/gl_helpers.h:5,
                 from /home/gek/Programming/3ds/templates/TinyGLDemo/source/main.c:15:
/home/gek/Programming/3ds/templates/TinyGLDemo/source/include/stb_image.h:1422:14: error: redefinition of 'stbi__h2l_gamma_i'
 1422 | static float stbi__h2l_gamma_i = 1.0f / 2.2f, stbi__h2l_scale_i = 1.0f;
      |              ^~~~~~~~~~~~~~~~~
In file included from /home/gek/Programming/3ds/templates/TinyGLDemo/source/include/api.h:38,
                 from /home/gek/Programming/3ds/templates/TinyGLDemo/source/main.c:14:
/home/gek/Programming/3ds/templates/TinyGLDemo/source/include/stb_image.h:1422:14: note: previous definition of 'stbi__h2l_gamma_i' was here
 1422 | static float stbi__h2l_gamma_i = 1.0f / 2.2f, stbi__h2l_scale_i = 1.0f;
      |              ^~~~~~~~~~~~~~~~~
In file included from /home/gek/Programming/3ds/templates/TinyGLDemo/source/include/api.h:38,
                 from /home/gek/Programming/3ds/templates/TinyGLDemo/source/include/gl_helpers.h:5,
                 from /home/gek/Programming/3ds/templates/TinyGLDemo/source/main.c:15:
/home/gek/Programming/3ds/templates/TinyGLDemo/source/include/stb_image.h:1422:47: error: redefinition of 'stbi__h2l_scale_i'
 1422 | static float stbi__h2l_gamma_i = 1.0f / 2.2f, stbi__h2l_scale_i = 1.0f;
      |                                               ^~~~~~~~~~~~~~~~~
In file included from /home/gek/Programming/3ds/templates/TinyGLDemo/source/include/api.h:38,
                 from /home/gek/Programming/3ds/templates/TinyGLDemo/source/main.c:14:
/home/gek/Programming/3ds/templates/TinyGLDemo/source/include/stb_image.h:1422:47: note: previous definition of 'stbi__h2l_scale_i' was here
 1422 | static float stbi__h2l_gamma_i = 1.0f / 2.2f, stbi__h2l_scale_i = 1.0f;
      |                                               ^~~~~~~~~~~~~~~~~
In file included from /home/gek/Programming/3ds/templates/TinyGLDemo/source/include/api.h:38,
                 from /home/gek/Programming/3ds/templates/TinyGLDemo/source/include/gl_helpers.h:5,
                 from /home/gek/Programming/3ds/templates/TinyGLDemo/source/main.c:15:
/home/gek/Programming/3ds/templates/TinyGLDemo/source/include/stb_image.h:1424:14: error: redefinition of 'stbi_hdr_to_ldr_gamma'
 1424 | STBIDEF void stbi_hdr_to_ldr_gamma(float gamma) { stbi__h2l_gamma_i = 1 / gamma; }
      |              ^~~~~~~~~~~~~~~~~~~~~
In file included from /home/gek/Programming/3ds/templates/TinyGLDemo/source/include/api.h:38,
                 from /home/gek/Programming/3ds/templates/TinyGLDemo/source/main.c:14:
/home/gek/Programming/3ds/templates/TinyGLDemo/source/include/stb_image.h:1424:14: note: previous definition of 'stbi_hdr_to_ldr_gamma' was here
 1424 | STBIDEF void stbi_hdr_to_ldr_gamma(float gamma) { stbi__h2l_gamma_i = 1 / gamma; }
      |              ^~~~~~~~~~~~~~~~~~~~~
In file included from /home/gek/Programming/3ds/templates/TinyGLDemo/source/include/api.h:38,
                 from /home/gek/Programming/3ds/templates/TinyGLDemo/source/include/gl_helpers.h:5,
                 from /home/gek/Programming/3ds/templates/TinyGLDemo/source/main.c:15:
/home/gek/Programming/3ds/templates/TinyGLDemo/source/include/stb_image.h:1425:14: error: redefinition of 'stbi_hdr_to_ldr_scale'
 1425 | STBIDEF void stbi_hdr_to_ldr_scale(float scale) { stbi__h2l_scale_i = 1 / scale; }
      |              ^~~~~~~~~~~~~~~~~~~~~
In file included from /home/gek/Programming/3ds/templates/TinyGLDemo/source/include/api.h:38,
                 from /home/gek/Programming/3ds/templates/TinyGLDemo/source/main.c:14:
/home/gek/Programming/3ds/templates/TinyGLDemo/source/include/stb_image.h:1425:14: note: previous definition of 'stbi_hdr_to_ldr_scale' was here
 1425 | STBIDEF void stbi_hdr_to_ldr_scale(float scale) { stbi__h2l_scale_i = 1 / scale; }
      |              ^~~~~~~~~~~~~~~~~~~~~
In file included from /home/gek/Programming/3ds/templates/TinyGLDemo/source/include/api.h:38,
                 from /home/gek/Programming/3ds/templates/TinyGLDemo/source/include/gl_helpers.h:5,
                 from /home/gek/Programming/3ds/templates/TinyGLDemo/source/main.c:15:
/home/gek/Programming/3ds/templates/TinyGLDemo/source/include/stb_image.h:1432:8: error: redeclaration of enumerator 'STBI__SCAN_load'
 1432 | enum { STBI__SCAN_load = 0, STBI__SCAN_type, STBI__SCAN_header };
      |        ^~~~~~~~~~~~~~~
In file included from /home/gek/Programming/3ds/templates/TinyGLDemo/source/include/api.h:38,
                 from /home/gek/Programming/3ds/templates/TinyGLDemo/source/main.c:14:
/home/gek/Programming/3ds/templates/TinyGLDemo/source/include/stb_image.h:1432:8: note: previous definition of 'STBI__SCAN_load' was here
 1432 | enum { STBI__SCAN_load = 0, STBI__SCAN_type, STBI__SCAN_header };
      |        ^~~~~~~~~~~~~~~
In file included from /home/gek/Programming/3ds/templates/TinyGLDemo/source/include/api.h:38,
                 from /home/gek/Programming/3ds/templates/TinyGLDemo/source/include/gl_helpers.h:5,
                 from /home/gek/Programming/3ds/templates/TinyGLDemo/source/main.c:15:
/home/gek/Programming/3ds/templates/TinyGLDemo/source/include/stb_image.h:1432:29: error: redeclaration of enumerator 'STBI__SCAN_type'
 1432 | enum { STBI__SCAN_load = 0, STBI__SCAN_type, STBI__SCAN_header };
      |                             ^~~~~~~~~~~~~~~
In file included from /home/gek/Programming/3ds/templates/TinyGLDemo/source/include/api.h:38,
                 from /home/gek/Programming/3ds/templates/TinyGLDemo/source/main.c:14:
/home/gek/Programming/3ds/templates/TinyGLDemo/source/include/stb_image.h:1432:29: note: previous definition of 'STBI__SCAN_type' was here
 1432 | enum { STBI__SCAN_load = 0, STBI__SCAN_type, STBI__SCAN_header };
      |                             ^~~~~~~~~~~~~~~
In file included from /home/gek/Programming/3ds/templates/TinyGLDemo/source/include/api.h:38,
                 from /home/gek/Programming/3ds/templates/TinyGLDemo/source/include/gl_helpers.h:5,
                 from /home/gek/Programming/3ds/templates/TinyGLDemo/source/main.c:15:
/home/gek/Programming/3ds/templates/TinyGLDemo/source/include/stb_image.h:1432:46: error: redeclaration of enumerator 'STBI__SCAN_header'
 1432 | enum { STBI__SCAN_load = 0, STBI__SCAN_type, STBI__SCAN_header };
      |                                              ^~~~~~~~~~~~~~~~~
In file included from /home/gek/Programming/3ds/templates/TinyGLDemo/source/include/api.h:38,
                 from /home/gek/Programming/3ds/templates/TinyGLDemo/source/main.c:14:
/home/gek/Programming/3ds/templates/TinyGLDemo/source/include/stb_image.h:1432:46: note: previous definition of 'STBI__SCAN_header' was here
 1432 | enum { STBI__SCAN_load = 0, STBI__SCAN_type, STBI__SCAN_header };
      |                                              ^~~~~~~~~~~~~~~~~
In file included from /home/gek/Programming/3ds/templates/TinyGLDemo/source/include/api.h:38,
                 from /home/gek/Programming/3ds/templates/TinyGLDemo/source/include/gl_helpers.h:5,
                 from /home/gek/Programming/3ds/templates/TinyGLDemo/source/main.c:15:
/home/gek/Programming/3ds/templates/TinyGLDemo/source/include/stb_image.h:1449:28: error: conflicting types for 'stbi__get8'
 1449 | stbi_inline static stbi_uc stbi__get8(stbi__context* s) {
      |                            ^~~~~~~~~~
In file included from /home/gek/Programming/3ds/templates/TinyGLDemo/source/include/api.h:38,
                 from /home/gek/Programming/3ds/templates/TinyGLDemo/source/main.c:14:
/home/gek/Programming/3ds/templates/TinyGLDemo/source/include/stb_image.h:1449:28: note: previous definition of 'stbi__get8' was here
 1449 | stbi_inline static stbi_uc stbi__get8(stbi__context* s) {
      |                            ^~~~~~~~~~
In file included from /home/gek/Programming/3ds/templates/TinyGLDemo/source/include/api.h:38,
                 from /home/gek/Programming/3ds/templates/TinyGLDemo/source/include/gl_helpers.h:5,
                 from /home/gek/Programming/3ds/templates/TinyGLDemo/source/main.c:15:
/home/gek/Programming/3ds/templates/TinyGLDemo/source/include/stb_image.h:1462:24: error: conflicting types for 'stbi__at_eof'
 1462 | stbi_inline static int stbi__at_eof(stbi__context* s) {
      |                        ^~~~~~~~~~~~
In file included from /home/gek/Programming/3ds/templates/TinyGLDemo/source/include/api.h:38,
                 from /home/gek/Programming/3ds/templates/TinyGLDemo/source/main.c:14:
/home/gek/Programming/3ds/templates/TinyGLDemo/source/include/stb_image.h:1462:24: note: previous definition of 'stbi__at_eof' was here
 1462 | stbi_inline static int stbi__at_eof(stbi__context* s) {
      |                        ^~~~~~~~~~~~
In file included from /home/gek/Programming/3ds/templates/TinyGLDemo/source/include/api.h:38,
                 from /home/gek/Programming/3ds/templates/TinyGLDemo/source/include/gl_helpers.h:5,
                 from /home/gek/Programming/3ds/templates/TinyGLDemo/source/main.c:15:
/home/gek/Programming/3ds/templates/TinyGLDemo/source/include/stb_image.h:1480:13: error: conflicting types for 'stbi__skip'
 1480 | static void stbi__skip(stbi__context* s, int n) {
      |             ^~~~~~~~~~
In file included from /home/gek/Programming/3ds/templates/TinyGLDemo/source/include/api.h:38,
                 from /home/gek/Programming/3ds/templates/TinyGLDemo/source/main.c:14:
/home/gek/Programming/3ds/templates/TinyGLDemo/source/include/stb_image.h:1480:13: note: previous definition of 'stbi__skip' was here
 1480 | static void stbi__skip(stbi__context* s, int n) {
      |             ^~~~~~~~~~
In file included from /home/gek/Programming/3ds/templates/TinyGLDemo/source/include/api.h:38,
                 from /home/gek/Programming/3ds/templates/TinyGLDemo/source/include/gl_helpers.h:5,
                 from /home/gek/Programming/3ds/templates/TinyGLDemo/source/main.c:15:
/home/gek/Programming/3ds/templates/TinyGLDemo/source/include/stb_image.h:1500:12: error: conflicting types for 'stbi__getn'
 1500 | static int stbi__getn(stbi__context* s, stbi_uc* buffer, int n) {
      |            ^~~~~~~~~~
In file included from /home/gek/Programming/3ds/templates/TinyGLDemo/source/include/api.h:38,
                 from /home/gek/Programming/3ds/templates/TinyGLDemo/source/main.c:14:
/home/gek/Programming/3ds/templates/TinyGLDemo/source/include/stb_image.h:1500:12: note: previous definition of 'stbi__getn' was here
 1500 | static int stbi__getn(stbi__context* s, stbi_uc* buffer, int n) {
      |            ^~~~~~~~~~
In file included from /home/gek/Programming/3ds/templates/TinyGLDemo/source/include/api.h:38,
                 from /home/gek/Programming/3ds/templates/TinyGLDemo/source/include/gl_helpers.h:5,
                 from /home/gek/Programming/3ds/templates/TinyGLDemo/source/main.c:15:
/home/gek/Programming/3ds/templates/TinyGLDemo/source/include/stb_image.h:1527:12: error: conflicting types for 'stbi__get16be'
 1527 | static int stbi__get16be(stbi__context* s) {
      |            ^~~~~~~~~~~~~
In file included from /home/gek/Programming/3ds/templates/TinyGLDemo/source/include/api.h:38,
                 from /home/gek/Programming/3ds/templates/TinyGLDemo/source/main.c:14:
/home/gek/Programming/3ds/templates/TinyGLDemo/source/include/stb_image.h:1527:12: note: previous definition of 'stbi__get16be' was here
 1527 | static int stbi__get16be(stbi__context* s) {
      |            ^~~~~~~~~~~~~
In file included from /home/gek/Programming/3ds/templates/TinyGLDemo/source/include/api.h:38,
                 from /home/gek/Programming/3ds/templates/TinyGLDemo/source/include/gl_helpers.h:5,
                 from /home/gek/Programming/3ds/templates/TinyGLDemo/source/main.c:15:
/home/gek/Programming/3ds/templates/TinyGLDemo/source/include/stb_image.h:1536:21: error: conflicting types for 'stbi__get32be'
 1536 | static stbi__uint32 stbi__get32be(stbi__context* s) {
      |                     ^~~~~~~~~~~~~
In file included from /home/gek/Programming/3ds/templates/TinyGLDemo/source/include/api.h:38,
                 from /home/gek/Programming/3ds/templates/TinyGLDemo/source/main.c:14:
/home/gek/Programming/3ds/templates/TinyGLDemo/source/include/stb_image.h:1536:21: note: previous definition of 'stbi__get32be' was here
 1536 | static stbi__uint32 stbi__get32be(stbi__context* s) {
      |                     ^~~~~~~~~~~~~
In file included from /home/gek/Programming/3ds/templates/TinyGLDemo/source/include/api.h:38,
                 from /home/gek/Programming/3ds/templates/TinyGLDemo/source/include/gl_helpers.h:5,
                 from /home/gek/Programming/3ds/templates/TinyGLDemo/source/main.c:15:
/home/gek/Programming/3ds/templates/TinyGLDemo/source/include/stb_image.h:1545:12: error: conflicting types for 'stbi__get16le'
 1545 | static int stbi__get16le(stbi__context* s) {
      |            ^~~~~~~~~~~~~
In file included from /home/gek/Programming/3ds/templates/TinyGLDemo/source/include/api.h:38,
                 from /home/gek/Programming/3ds/templates/TinyGLDemo/source/main.c:14:
/home/gek/Programming/3ds/templates/TinyGLDemo/source/include/stb_image.h:1545:12: note: previous definition of 'stbi__get16le' was here
 1545 | static int stbi__get16le(stbi__context* s) {
      |            ^~~~~~~~~~~~~
In file included from /home/gek/Programming/3ds/templates/TinyGLDemo/source/include/api.h:38,
                 from /home/gek/Programming/3ds/templates/TinyGLDemo/source/include/gl_helpers.h:5,
                 from /home/gek/Programming/3ds/templates/TinyGLDemo/source/main.c:15:
/home/gek/Programming/3ds/templates/TinyGLDemo/source/include/stb_image.h:1552:21: error: conflicting types for 'stbi__get32le'
 1552 | static stbi__uint32 stbi__get32le(stbi__context* s) {
      |                     ^~~~~~~~~~~~~
In file included from /home/gek/Programming/3ds/templates/TinyGLDemo/source/include/api.h:38,
                 from /home/gek/Programming/3ds/templates/TinyGLDemo/source/main.c:14:
/home/gek/Programming/3ds/templates/TinyGLDemo/source/include/stb_image.h:1552:21: note: previous definition of 'stbi__get32le' was here
 1552 | static stbi__uint32 stbi__get32le(stbi__context* s) {
      |                     ^~~~~~~~~~~~~
In file included from /home/gek/Programming/3ds/templates/TinyGLDemo/source/include/api.h:38,
                 from /home/gek/Programming/3ds/templates/TinyGLDemo/source/include/gl_helpers.h:5,
                 from /home/gek/Programming/3ds/templates/TinyGLDemo/source/main.c:15:
/home/gek/Programming/3ds/templates/TinyGLDemo/source/include/stb_image.h:1575:16: error: redefinition of 'stbi__compute_y'
 1575 | static stbi_uc stbi__compute_y(int r, int g, int b) { return (stbi_uc)(((r * 77) + (g * 150) + (29 * b)) >> 8); }
      |                ^~~~~~~~~~~~~~~
In file included from /home/gek/Programming/3ds/templates/TinyGLDemo/source/include/api.h:38,
                 from /home/gek/Programming/3ds/templates/TinyGLDemo/source/main.c:14:
/home/gek/Programming/3ds/templates/TinyGLDemo/source/include/stb_image.h:1575:16: note: previous definition of 'stbi__compute_y' was here
 1575 | static stbi_uc stbi__compute_y(int r, int g, int b) { return (stbi_uc)(((r * 77) + (g * 150) + (29 * b)) >> 8); }
      |                ^~~~~~~~~~~~~~~
In file included from /home/gek/Programming/3ds/templates/TinyGLDemo/source/include/api.h:38,
                 from /home/gek/Programming/3ds/templates/TinyGLDemo/source/include/gl_helpers.h:5,
                 from /home/gek/Programming/3ds/templates/TinyGLDemo/source/main.c:15:
/home/gek/Programming/3ds/templates/TinyGLDemo/source/include/stb_image.h:1582:23: error: redefinition of 'stbi__convert_format'
 1582 | static unsigned char* stbi__convert_format(unsigned char* data, int img_n, int req_comp, unsigned int x, unsigned int y) {
      |                       ^~~~~~~~~~~~~~~~~~~~
In file included from /home/gek/Programming/3ds/templates/TinyGLDemo/source/include/api.h:38,
                 from /home/gek/Programming/3ds/templates/TinyGLDemo/source/main.c:14:
/home/gek/Programming/3ds/templates/TinyGLDemo/source/include/stb_image.h:1582:23: note: previous definition of 'stbi__convert_format' was here
 1582 | static unsigned char* stbi__convert_format(unsigned char* data, int img_n, int req_comp, unsigned int x, unsigned int y) {
      |                       ^~~~~~~~~~~~~~~~~~~~
In file included from /home/gek/Programming/3ds/templates/TinyGLDemo/source/include/api.h:38,
                 from /home/gek/Programming/3ds/templates/TinyGLDemo/source/include/gl_helpers.h:5,
                 from /home/gek/Programming/3ds/templates/TinyGLDemo/source/main.c:15:
/home/gek/Programming/3ds/templates/TinyGLDemo/source/include/stb_image.h:1670:21: error: redefinition of 'stbi__compute_y_16'
 1670 | static stbi__uint16 stbi__compute_y_16(int r, int g, int b) { return (stbi__uint16)(((r * 77) + (g * 150) + (29 * b)) >> 8); }
      |                     ^~~~~~~~~~~~~~~~~~
In file included from /home/gek/Programming/3ds/templates/TinyGLDemo/source/include/api.h:38,
                 from /home/gek/Programming/3ds/templates/TinyGLDemo/source/main.c:14:
/home/gek/Programming/3ds/templates/TinyGLDemo/source/include/stb_image.h:1670:21: note: previous definition of 'stbi__compute_y_16' was here
 1670 | static stbi__uint16 stbi__compute_y_16(int r, int g, int b) { return (stbi__uint16)(((r * 77) + (g * 150) + (29 * b)) >> 8); }
      |                     ^~~~~~~~~~~~~~~~~~
In file included from /home/gek/Programming/3ds/templates/TinyGLDemo/source/include/api.h:38,
                 from /home/gek/Programming/3ds/templates/TinyGLDemo/source/include/gl_helpers.h:5,
                 from /home/gek/Programming/3ds/templates/TinyGLDemo/source/main.c:15:
/home/gek/Programming/3ds/templates/TinyGLDemo/source/include/stb_image.h:1676:22: error: redefinition of 'stbi__convert_format16'
 1676 | static stbi__uint16* stbi__convert_format16(stbi__uint16* data, int img_n, int req_comp, unsigned int x, unsigned int y) {
      |                      ^~~~~~~~~~~~~~~~~~~~~~
In file included from /home/gek/Programming/3ds/templates/TinyGLDemo/source/include/api.h:38,
                 from /home/gek/Programming/3ds/templates/TinyGLDemo/source/main.c:14:
/home/gek/Programming/3ds/templates/TinyGLDemo/source/include/stb_image.h:1676:22: note: previous definition of 'stbi__convert_format16' was here
 1676 | static stbi__uint16* stbi__convert_format16(stbi__uint16* data, int img_n, int req_comp, unsigned int x, unsigned int y) {
      |                      ^~~~~~~~~~~~~~~~~~~~~~
In file included from /home/gek/Programming/3ds/templates/TinyGLDemo/source/include/api.h:38,
                 from /home/gek/Programming/3ds/templates/TinyGLDemo/source/include/gl_helpers.h:5,
                 from /home/gek/Programming/3ds/templates/TinyGLDemo/source/main.c:15:
/home/gek/Programming/3ds/templates/TinyGLDemo/source/include/stb_image.h:1762:15: error: redefinition of 'stbi__ldr_to_hdr'
 1762 | static float* stbi__ldr_to_hdr(stbi_uc* data, int x, int y, int comp) {
      |               ^~~~~~~~~~~~~~~~
In file included from /home/gek/Programming/3ds/templates/TinyGLDemo/source/include/api.h:38,
                 from /home/gek/Programming/3ds/templates/TinyGLDemo/source/main.c:14:
/home/gek/Programming/3ds/templates/TinyGLDemo/source/include/stb_image.h:1762:15: note: previous definition of 'stbi__ldr_to_hdr' was here
 1762 | static float* stbi__ldr_to_hdr(stbi_uc* data, int x, int y, int comp) {
      |               ^~~~~~~~~~~~~~~~
In file included from /home/gek/Programming/3ds/templates/TinyGLDemo/source/include/api.h:38,
                 from /home/gek/Programming/3ds/templates/TinyGLDemo/source/include/gl_helpers.h:5,
                 from /home/gek/Programming/3ds/templates/TinyGLDemo/source/main.c:15:
/home/gek/Programming/3ds/templates/TinyGLDemo/source/include/stb_image.h:1794:17: error: redefinition of 'stbi__hdr_to_ldr'
 1794 | static stbi_uc* stbi__hdr_to_ldr(float* data, int x, int y, int comp) {
      |                 ^~~~~~~~~~~~~~~~
In file included from /home/gek/Programming/3ds/templates/TinyGLDemo/source/include/api.h:38,
                 from /home/gek/Programming/3ds/templates/TinyGLDemo/source/main.c:14:
/home/gek/Programming/3ds/templates/TinyGLDemo/source/include/stb_image.h:1794:17: note: previous definition of 'stbi__hdr_to_ldr' was here
 1794 | static stbi_uc* stbi__hdr_to_ldr(float* data, int x, int y, int comp) {
      |                 ^~~~~~~~~~~~~~~~
In file included from /home/gek/Programming/3ds/templates/TinyGLDemo/source/include/api.h:38,
                 from /home/gek/Programming/3ds/templates/TinyGLDemo/source/include/gl_helpers.h:5,
                 from /home/gek/Programming/3ds/templates/TinyGLDemo/source/main.c:15:
/home/gek/Programming/3ds/templates/TinyGLDemo/source/include/stb_image.h:1866:3: error: conflicting types for 'stbi__huffman'
 1866 | } stbi__huffman;
      |   ^~~~~~~~~~~~~
In file included from /home/gek/Programming/3ds/templates/TinyGLDemo/source/include/api.h:38,
                 from /home/gek/Programming/3ds/templates/TinyGLDemo/source/main.c:14:
/home/gek/Programming/3ds/templates/TinyGLDemo/source/include/stb_image.h:1866:3: note: previous declaration of 'stbi__huffman' was here
 1866 | } stbi__huffman;
      |   ^~~~~~~~~~~~~
In file included from /home/gek/Programming/3ds/templates/TinyGLDemo/source/include/api.h:38,
                 from /home/gek/Programming/3ds/templates/TinyGLDemo/source/include/gl_helpers.h:5,
                 from /home/gek/Programming/3ds/templates/TinyGLDemo/source/main.c:15:
/home/gek/Programming/3ds/templates/TinyGLDemo/source/include/stb_image.h:1918:3: error: conflicting types for 'stbi__jpeg'
 1918 | } stbi__jpeg;
      |   ^~~~~~~~~~
In file included from /home/gek/Programming/3ds/templates/TinyGLDemo/source/include/api.h:38,
                 from /home/gek/Programming/3ds/templates/TinyGLDemo/source/main.c:14:
/home/gek/Programming/3ds/templates/TinyGLDemo/source/include/stb_image.h:1918:3: note: previous declaration of 'stbi__jpeg' was here
 1918 | } stbi__jpeg;
      |   ^~~~~~~~~~
In file included from /home/gek/Programming/3ds/templates/TinyGLDemo/source/include/api.h:38,
                 from /home/gek/Programming/3ds/templates/TinyGLDemo/source/include/gl_helpers.h:5,
                 from /home/gek/Programming/3ds/templates/TinyGLDemo/source/main.c:15:
/home/gek/Programming/3ds/templates/TinyGLDemo/source/include/stb_image.h:1920:12: error: conflicting types for 'stbi__build_huffman'
 1920 | static int stbi__build_huffman(stbi__huffman* h, int* count) {
      |            ^~~~~~~~~~~~~~~~~~~
In file included from /home/gek/Programming/3ds/templates/TinyGLDemo/source/include/api.h:38,
                 from /home/gek/Programming/3ds/templates/TinyGLDemo/source/main.c:14:
/home/gek/Programming/3ds/templates/TinyGLDemo/source/include/stb_image.h:1920:12: note: previous definition of 'stbi__build_huffman' was here
 1920 | static int stbi__build_huffman(stbi__huffman* h, int* count) {
      |            ^~~~~~~~~~~~~~~~~~~
In file included from /home/gek/Programming/3ds/templates/TinyGLDemo/source/include/api.h:38,
                 from /home/gek/Programming/3ds/templates/TinyGLDemo/source/include/gl_helpers.h:5,
                 from /home/gek/Programming/3ds/templates/TinyGLDemo/source/main.c:15:
/home/gek/Programming/3ds/templates/TinyGLDemo/source/include/stb_image.h:1964:13: error: conflicting types for 'stbi__build_fast_ac'
 1964 | static void stbi__build_fast_ac(stbi__int16* fast_ac, stbi__huffman* h) {
      |             ^~~~~~~~~~~~~~~~~~~
In file included from /home/gek/Programming/3ds/templates/TinyGLDemo/source/include/api.h:38,
                 from /home/gek/Programming/3ds/templates/TinyGLDemo/source/main.c:14:
/home/gek/Programming/3ds/templates/TinyGLDemo/source/include/stb_image.h:1964:13: note: previous definition of 'stbi__build_fast_ac' was here
 1964 | static void stbi__build_fast_ac(stbi__int16* fast_ac, stbi__huffman* h) {
      |             ^~~~~~~~~~~~~~~~~~~
In file included from /home/gek/Programming/3ds/templates/TinyGLDemo/source/include/api.h:38,
                 from /home/gek/Programming/3ds/templates/TinyGLDemo/source/include/gl_helpers.h:5,
                 from /home/gek/Programming/3ds/templates/TinyGLDemo/source/main.c:15:
/home/gek/Programming/3ds/templates/TinyGLDemo/source/include/stb_image.h:1989:13: error: conflicting types for 'stbi__grow_buffer_unsafe'
 1989 | static void stbi__grow_buffer_unsafe(stbi__jpeg* j) {
      |             ^~~~~~~~~~~~~~~~~~~~~~~~
In file included from /home/gek/Programming/3ds/templates/TinyGLDemo/source/include/api.h:38,
                 from /home/gek/Programming/3ds/templates/TinyGLDemo/source/main.c:14:
/home/gek/Programming/3ds/templates/TinyGLDemo/source/include/stb_image.h:1989:13: note: previous definition of 'stbi__grow_buffer_unsafe' was here
 1989 | static void stbi__grow_buffer_unsafe(stbi__jpeg* j) {
      |             ^~~~~~~~~~~~~~~~~~~~~~~~
In file included from /home/gek/Programming/3ds/templates/TinyGLDemo/source/include/api.h:38,
                 from /home/gek/Programming/3ds/templates/TinyGLDemo/source/include/gl_helpers.h:5,
                 from /home/gek/Programming/3ds/templates/TinyGLDemo/source/main.c:15:
/home/gek/Programming/3ds/templates/TinyGLDemo/source/include/stb_image.h:2008:27: error: redefinition of 'stbi__bmask'
 2008 | static const stbi__uint32 stbi__bmask[17] = {0, 1, 3, 7, 15, 31, 63, 127, 255, 511, 1023, 2047, 4095, 8191, 16383, 32767, 65535};
      |                           ^~~~~~~~~~~
In file included from /home/gek/Programming/3ds/templates/TinyGLDemo/source/include/api.h:38,
                 from /home/gek/Programming/3ds/templates/TinyGLDemo/source/main.c:14:
/home/gek/Programming/3ds/templates/TinyGLDemo/source/include/stb_image.h:2008:27: note: previous definition of 'stbi__bmask' was here
 2008 | static const stbi__uint32 stbi__bmask[17] = {0, 1, 3, 7, 15, 31, 63, 127, 255, 511, 1023, 2047, 4095, 8191, 16383, 32767, 65535};
      |                           ^~~~~~~~~~~
In file included from /home/gek/Programming/3ds/templates/TinyGLDemo/source/include/api.h:38,
                 from /home/gek/Programming/3ds/templates/TinyGLDemo/source/include/gl_helpers.h:5,
                 from /home/gek/Programming/3ds/templates/TinyGLDemo/source/main.c:15:
/home/gek/Programming/3ds/templates/TinyGLDemo/source/include/stb_image.h:2011:24: error: conflicting types for 'stbi__jpeg_huff_decode'
 2011 | stbi_inline static int stbi__jpeg_huff_decode(stbi__jpeg* j, stbi__huffman* h) {
      |                        ^~~~~~~~~~~~~~~~~~~~~~
In file included from /home/gek/Programming/3ds/templates/TinyGLDemo/source/include/api.h:38,
                 from /home/gek/Programming/3ds/templates/TinyGLDemo/source/main.c:14:
/home/gek/Programming/3ds/templates/TinyGLDemo/source/include/stb_image.h:2011:24: note: previous definition of 'stbi__jpeg_huff_decode' was here
 2011 | stbi_inline static int stbi__jpeg_huff_decode(stbi__jpeg* j, stbi__huffman* h) {
      |                        ^~~~~~~~~~~~~~~~~~~~~~
In file included from /home/gek/Programming/3ds/templates/TinyGLDemo/source/include/api.h:38,
                 from /home/gek/Programming/3ds/templates/TinyGLDemo/source/include/gl_helpers.h:5,
                 from /home/gek/Programming/3ds/templates/TinyGLDemo/source/main.c:15:
/home/gek/Programming/3ds/templates/TinyGLDemo/source/include/stb_image.h:2061:18: error: redefinition of 'stbi__jbias'
 2061 | static const int stbi__jbias[16] = {0, -1, -3, -7, -15, -31, -63, -127, -255, -511, -1023, -2047, -4095, -8191, -16383, -32767};
      |                  ^~~~~~~~~~~
In file included from /home/gek/Programming/3ds/templates/TinyGLDemo/source/include/api.h:38,
                 from /home/gek/Programming/3ds/templates/TinyGLDemo/source/main.c:14:
/home/gek/Programming/3ds/templates/TinyGLDemo/source/include/stb_image.h:2061:18: note: previous definition of 'stbi__jbias' was here
 2061 | static const int stbi__jbias[16] = {0, -1, -3, -7, -15, -31, -63, -127, -255, -511, -1023, -2047, -4095, -8191, -16383, -32767};
      |                  ^~~~~~~~~~~
In file included from /home/gek/Programming/3ds/templates/TinyGLDemo/source/include/api.h:38,
                 from /home/gek/Programming/3ds/templates/TinyGLDemo/source/include/gl_helpers.h:5,
                 from /home/gek/Programming/3ds/templates/TinyGLDemo/source/main.c:15:
/home/gek/Programming/3ds/templates/TinyGLDemo/source/include/stb_image.h:2065:24: error: conflicting types for 'stbi__extend_receive'
 2065 | stbi_inline static int stbi__extend_receive(stbi__jpeg* j, int n) {
      |                        ^~~~~~~~~~~~~~~~~~~~
In file included from /home/gek/Programming/3ds/templates/TinyGLDemo/source/include/api.h:38,
                 from /home/gek/Programming/3ds/templates/TinyGLDemo/source/main.c:14:
/home/gek/Programming/3ds/templates/TinyGLDemo/source/include/stb_image.h:2065:24: note: previous definition of 'stbi__extend_receive' was here
 2065 | stbi_inline static int stbi__extend_receive(stbi__jpeg* j, int n) {
      |                        ^~~~~~~~~~~~~~~~~~~~
In file included from /home/gek/Programming/3ds/templates/TinyGLDemo/source/include/api.h:38,
                 from /home/gek/Programming/3ds/templates/TinyGLDemo/source/include/gl_helpers.h:5,
                 from /home/gek/Programming/3ds/templates/TinyGLDemo/source/main.c:15:
/home/gek/Programming/3ds/templates/TinyGLDemo/source/include/stb_image.h:2081:24: error: conflicting types for 'stbi__jpeg_get_bits'
 2081 | stbi_inline static int stbi__jpeg_get_bits(stbi__jpeg* j, int n) {
      |                        ^~~~~~~~~~~~~~~~~~~
In file included from /home/gek/Programming/3ds/templates/TinyGLDemo/source/include/api.h:38,
                 from /home/gek/Programming/3ds/templates/TinyGLDemo/source/main.c:14:
/home/gek/Programming/3ds/templates/TinyGLDemo/source/include/stb_image.h:2081:24: note: previous definition of 'stbi__jpeg_get_bits' was here
 2081 | stbi_inline static int stbi__jpeg_get_bits(stbi__jpeg* j, int n) {
      |                        ^~~~~~~~~~~~~~~~~~~
In file included from /home/gek/Programming/3ds/templates/TinyGLDemo/source/include/api.h:38,
                 from /home/gek/Programming/3ds/templates/TinyGLDemo/source/include/gl_helpers.h:5,
                 from /home/gek/Programming/3ds/templates/TinyGLDemo/source/main.c:15:
/home/gek/Programming/3ds/templates/TinyGLDemo/source/include/stb_image.h:2092:24: error: conflicting types for 'stbi__jpeg_get_bit'
 2092 | stbi_inline static int stbi__jpeg_get_bit(stbi__jpeg* j) {
      |                        ^~~~~~~~~~~~~~~~~~
In file included from /home/gek/Programming/3ds/templates/TinyGLDemo/source/include/api.h:38,
                 from /home/gek/Programming/3ds/templates/TinyGLDemo/source/main.c:14:
/home/gek/Programming/3ds/templates/TinyGLDemo/source/include/stb_image.h:2092:24: note: previous definition of 'stbi__jpeg_get_bit' was here
 2092 | stbi_inline static int stbi__jpeg_get_bit(stbi__jpeg* j) {
      |                        ^~~~~~~~~~~~~~~~~~
In file included from /home/gek/Programming/3ds/templates/TinyGLDemo/source/include/api.h:38,
                 from /home/gek/Programming/3ds/templates/TinyGLDemo/source/include/gl_helpers.h:5,
                 from /home/gek/Programming/3ds/templates/TinyGLDemo/source/main.c:15:
/home/gek/Programming/3ds/templates/TinyGLDemo/source/include/stb_image.h:2104:22: error: redefinition of 'stbi__jpeg_dezigzag'
 2104 | static const stbi_uc stbi__jpeg_dezigzag[64 + 15] = {0, 1, 8, 16, 9, 2, 3, 10, 17, 24, 32, 25, 18, 11, 4, 5, 12, 19, 26, 33, 40, 48, 41, 34, 27, 20, 13, 6, 7,
      |                      ^~~~~~~~~~~~~~~~~~~
In file included from /home/gek/Programming/3ds/templates/TinyGLDemo/source/include/api.h:38,
                 from /home/gek/Programming/3ds/templates/TinyGLDemo/source/main.c:14:
/home/gek/Programming/3ds/templates/TinyGLDemo/source/include/stb_image.h:2104:22: note: previous definition of 'stbi__jpeg_dezigzag' was here
 2104 | static const stbi_uc stbi__jpeg_dezigzag[64 + 15] = {0, 1, 8, 16, 9, 2, 3, 10, 17, 24, 32, 25, 18, 11, 4, 5, 12, 19, 26, 33, 40, 48, 41, 34, 27, 20, 13, 6, 7,
      |                      ^~~~~~~~~~~~~~~~~~~
In file included from /home/gek/Programming/3ds/templates/TinyGLDemo/source/include/api.h:38,
                 from /home/gek/Programming/3ds/templates/TinyGLDemo/source/include/gl_helpers.h:5,
                 from /home/gek/Programming/3ds/templates/TinyGLDemo/source/main.c:15:
/home/gek/Programming/3ds/templates/TinyGLDemo/source/include/stb_image.h:2111:12: error: conflicting types for 'stbi__jpeg_decode_block'
 2111 | static int stbi__jpeg_decode_block(stbi__jpeg* j, short data[64], stbi__huffman* hdc, stbi__huffman* hac, stbi__int16* fac, int b, stbi__uint16* dequant) {
      |            ^~~~~~~~~~~~~~~~~~~~~~~
In file included from /home/gek/Programming/3ds/templates/TinyGLDemo/source/include/api.h:38,
                 from /home/gek/Programming/3ds/templates/TinyGLDemo/source/main.c:14:
/home/gek/Programming/3ds/templates/TinyGLDemo/source/include/stb_image.h:2111:12: note: previous definition of 'stbi__jpeg_decode_block' was here
 2111 | static int stbi__jpeg_decode_block(stbi__jpeg* j, short data[64], stbi__huffman* hdc, stbi__huffman* hac, stbi__int16* fac, int b, stbi__uint16* dequant) {
      |            ^~~~~~~~~~~~~~~~~~~~~~~
In file included from /home/gek/Programming/3ds/templates/TinyGLDemo/source/include/api.h:38,
                 from /home/gek/Programming/3ds/templates/TinyGLDemo/source/include/gl_helpers.h:5,
                 from /home/gek/Programming/3ds/templates/TinyGLDemo/source/main.c:15:
/home/gek/Programming/3ds/templates/TinyGLDemo/source/include/stb_image.h:2167:12: error: conflicting types for 'stbi__jpeg_decode_block_prog_dc'
 2167 | static int stbi__jpeg_decode_block_prog_dc(stbi__jpeg* j, short data[64], stbi__huffman* hdc, int b) {
      |            ^~~~~~~~~~~~~~~~~~~~~~~~~~~~~~~
In file included from /home/gek/Programming/3ds/templates/TinyGLDemo/source/include/api.h:38,
                 from /home/gek/Programming/3ds/templates/TinyGLDemo/source/main.c:14:
/home/gek/Programming/3ds/templates/TinyGLDemo/source/include/stb_image.h:2167:12: note: previous definition of 'stbi__jpeg_decode_block_prog_dc' was here
 2167 | static int stbi__jpeg_decode_block_prog_dc(stbi__jpeg* j, short data[64], stbi__huffman* hdc, int b) {
      |            ^~~~~~~~~~~~~~~~~~~~~~~~~~~~~~~
In file included from /home/gek/Programming/3ds/templates/TinyGLDemo/source/include/api.h:38,
                 from /home/gek/Programming/3ds/templates/TinyGLDemo/source/include/gl_helpers.h:5,
                 from /home/gek/Programming/3ds/templates/TinyGLDemo/source/main.c:15:
/home/gek/Programming/3ds/templates/TinyGLDemo/source/include/stb_image.h:2195:12: error: conflicting types for 'stbi__jpeg_decode_block_prog_ac'
 2195 | static int stbi__jpeg_decode_block_prog_ac(stbi__jpeg* j, short data[64], stbi__huffman* hac, stbi__int16* fac) {
      |            ^~~~~~~~~~~~~~~~~~~~~~~~~~~~~~~
In file included from /home/gek/Programming/3ds/templates/TinyGLDemo/source/include/api.h:38,
                 from /home/gek/Programming/3ds/templates/TinyGLDemo/source/main.c:14:
/home/gek/Programming/3ds/templates/TinyGLDemo/source/include/stb_image.h:2195:12: note: previous definition of 'stbi__jpeg_decode_block_prog_ac' was here
 2195 | static int stbi__jpeg_decode_block_prog_ac(stbi__jpeg* j, short data[64], stbi__huffman* hac, stbi__int16* fac) {
      |            ^~~~~~~~~~~~~~~~~~~~~~~~~~~~~~~
In file included from /home/gek/Programming/3ds/templates/TinyGLDemo/source/include/api.h:38,
                 from /home/gek/Programming/3ds/templates/TinyGLDemo/source/include/gl_helpers.h:5,
                 from /home/gek/Programming/3ds/templates/TinyGLDemo/source/main.c:15:
/home/gek/Programming/3ds/templates/TinyGLDemo/source/include/stb_image.h:2320:28: error: redefinition of 'stbi__clamp'
 2320 | stbi_inline static stbi_uc stbi__clamp(int x) {
      |                            ^~~~~~~~~~~
In file included from /home/gek/Programming/3ds/templates/TinyGLDemo/source/include/api.h:38,
                 from /home/gek/Programming/3ds/templates/TinyGLDemo/source/main.c:14:
/home/gek/Programming/3ds/templates/TinyGLDemo/source/include/stb_image.h:2320:28: note: previous definition of 'stbi__clamp' was here
 2320 | stbi_inline static stbi_uc stbi__clamp(int x) {
      |                            ^~~~~~~~~~~
In file included from /home/gek/Programming/3ds/templates/TinyGLDemo/source/include/api.h:38,
                 from /home/gek/Programming/3ds/templates/TinyGLDemo/source/include/gl_helpers.h:5,
                 from /home/gek/Programming/3ds/templates/TinyGLDemo/source/main.c:15:
/home/gek/Programming/3ds/templates/TinyGLDemo/source/include/stb_image.h:2372:13: error: redefinition of 'stbi__idct_block'
 2372 | static void stbi__idct_block(stbi_uc* out, int out_stride, short data[64]) {
      |             ^~~~~~~~~~~~~~~~
In file included from /home/gek/Programming/3ds/templates/TinyGLDemo/source/include/api.h:38,
                 from /home/gek/Programming/3ds/templates/TinyGLDemo/source/main.c:14:
/home/gek/Programming/3ds/templates/TinyGLDemo/source/include/stb_image.h:2372:13: note: previous definition of 'stbi__idct_block' was here
 2372 | static void stbi__idct_block(stbi_uc* out, int out_stride, short data[64]) {
      |             ^~~~~~~~~~~~~~~~
In file included from /home/gek/Programming/3ds/templates/TinyGLDemo/source/include/api.h:38,
                 from /home/gek/Programming/3ds/templates/TinyGLDemo/source/include/gl_helpers.h:5,
                 from /home/gek/Programming/3ds/templates/TinyGLDemo/source/main.c:15:
/home/gek/Programming/3ds/templates/TinyGLDemo/source/include/stb_image.h:2869:16: error: conflicting types for 'stbi__get_marker'
 2869 | static stbi_uc stbi__get_marker(stbi__jpeg* j) {
      |                ^~~~~~~~~~~~~~~~
In file included from /home/gek/Programming/3ds/templates/TinyGLDemo/source/include/api.h:38,
                 from /home/gek/Programming/3ds/templates/TinyGLDemo/source/main.c:14:
/home/gek/Programming/3ds/templates/TinyGLDemo/source/include/stb_image.h:2869:16: note: previous definition of 'stbi__get_marker' was here
 2869 | static stbi_uc stbi__get_marker(stbi__jpeg* j) {
      |                ^~~~~~~~~~~~~~~~
In file included from /home/gek/Programming/3ds/templates/TinyGLDemo/source/include/api.h:38,
                 from /home/gek/Programming/3ds/templates/TinyGLDemo/source/include/gl_helpers.h:5,
                 from /home/gek/Programming/3ds/templates/TinyGLDemo/source/main.c:15:
/home/gek/Programming/3ds/templates/TinyGLDemo/source/include/stb_image.h:2890:13: error: conflicting types for 'stbi__jpeg_reset'
 2890 | static void stbi__jpeg_reset(stbi__jpeg* j) {
      |             ^~~~~~~~~~~~~~~~
In file included from /home/gek/Programming/3ds/templates/TinyGLDemo/source/include/api.h:38,
                 from /home/gek/Programming/3ds/templates/TinyGLDemo/source/main.c:14:
/home/gek/Programming/3ds/templates/TinyGLDemo/source/include/stb_image.h:2890:13: note: previous definition of 'stbi__jpeg_reset' was here
 2890 | static void stbi__jpeg_reset(stbi__jpeg* j) {
      |             ^~~~~~~~~~~~~~~~
In file included from /home/gek/Programming/3ds/templates/TinyGLDemo/source/include/api.h:38,
                 from /home/gek/Programming/3ds/templates/TinyGLDemo/source/include/gl_helpers.h:5,
                 from /home/gek/Programming/3ds/templates/TinyGLDemo/source/main.c:15:
/home/gek/Programming/3ds/templates/TinyGLDemo/source/include/stb_image.h:2902:12: error: conflicting types for 'stbi__parse_entropy_coded_data'
 2902 | static int stbi__parse_entropy_coded_data(stbi__jpeg* z) {
      |            ^~~~~~~~~~~~~~~~~~~~~~~~~~~~~~
In file included from /home/gek/Programming/3ds/templates/TinyGLDemo/source/include/api.h:38,
                 from /home/gek/Programming/3ds/templates/TinyGLDemo/source/main.c:14:
/home/gek/Programming/3ds/templates/TinyGLDemo/source/include/stb_image.h:2902:12: note: previous definition of 'stbi__parse_entropy_coded_data' was here
 2902 | static int stbi__parse_entropy_coded_data(stbi__jpeg* z) {
      |            ^~~~~~~~~~~~~~~~~~~~~~~~~~~~~~
In file included from /home/gek/Programming/3ds/templates/TinyGLDemo/source/include/api.h:38,
                 from /home/gek/Programming/3ds/templates/TinyGLDemo/source/include/gl_helpers.h:5,
                 from /home/gek/Programming/3ds/templates/TinyGLDemo/source/main.c:15:
/home/gek/Programming/3ds/templates/TinyGLDemo/source/include/stb_image.h:3042:13: error: redefinition of 'stbi__jpeg_dequantize'
 3042 | static void stbi__jpeg_dequantize(short* data, stbi__uint16* dequant) {
      |             ^~~~~~~~~~~~~~~~~~~~~
In file included from /home/gek/Programming/3ds/templates/TinyGLDemo/source/include/api.h:38,
                 from /home/gek/Programming/3ds/templates/TinyGLDemo/source/main.c:14:
/home/gek/Programming/3ds/templates/TinyGLDemo/source/include/stb_image.h:3042:13: note: previous definition of 'stbi__jpeg_dequantize' was here
 3042 | static void stbi__jpeg_dequantize(short* data, stbi__uint16* dequant) {
      |             ^~~~~~~~~~~~~~~~~~~~~
In file included from /home/gek/Programming/3ds/templates/TinyGLDemo/source/include/api.h:38,
                 from /home/gek/Programming/3ds/templates/TinyGLDemo/source/include/gl_helpers.h:5,
                 from /home/gek/Programming/3ds/templates/TinyGLDemo/source/main.c:15:
/home/gek/Programming/3ds/templates/TinyGLDemo/source/include/stb_image.h:3048:13: error: conflicting types for 'stbi__jpeg_finish'
 3048 | static void stbi__jpeg_finish(stbi__jpeg* z) {
      |             ^~~~~~~~~~~~~~~~~
In file included from /home/gek/Programming/3ds/templates/TinyGLDemo/source/include/api.h:38,
                 from /home/gek/Programming/3ds/templates/TinyGLDemo/source/main.c:14:
/home/gek/Programming/3ds/templates/TinyGLDemo/source/include/stb_image.h:3048:13: note: previous definition of 'stbi__jpeg_finish' was here
 3048 | static void stbi__jpeg_finish(stbi__jpeg* z) {
      |             ^~~~~~~~~~~~~~~~~
In file included from /home/gek/Programming/3ds/templates/TinyGLDemo/source/include/api.h:38,
                 from /home/gek/Programming/3ds/templates/TinyGLDemo/source/include/gl_helpers.h:5,
                 from /home/gek/Programming/3ds/templates/TinyGLDemo/source/main.c:15:
/home/gek/Programming/3ds/templates/TinyGLDemo/source/include/stb_image.h:3066:12: error: conflicting types for 'stbi__process_marker'
 3066 | static int stbi__process_marker(stbi__jpeg* z, int m) {
      |            ^~~~~~~~~~~~~~~~~~~~
In file included from /home/gek/Programming/3ds/templates/TinyGLDemo/source/include/api.h:38,
                 from /home/gek/Programming/3ds/templates/TinyGLDemo/source/main.c:14:
/home/gek/Programming/3ds/templates/TinyGLDemo/source/include/stb_image.h:3066:12: note: previous definition of 'stbi__process_marker' was here
 3066 | static int stbi__process_marker(stbi__jpeg* z, int m) {
      |            ^~~~~~~~~~~~~~~~~~~~
In file included from /home/gek/Programming/3ds/templates/TinyGLDemo/source/include/api.h:38,
                 from /home/gek/Programming/3ds/templates/TinyGLDemo/source/include/gl_helpers.h:5,
                 from /home/gek/Programming/3ds/templates/TinyGLDemo/source/main.c:15:
/home/gek/Programming/3ds/templates/TinyGLDemo/source/include/stb_image.h:3174:12: error: conflicting types for 'stbi__process_scan_header'
 3174 | static int stbi__process_scan_header(stbi__jpeg* z) {
      |            ^~~~~~~~~~~~~~~~~~~~~~~~~
In file included from /home/gek/Programming/3ds/templates/TinyGLDemo/source/include/api.h:38,
                 from /home/gek/Programming/3ds/templates/TinyGLDemo/source/main.c:14:
/home/gek/Programming/3ds/templates/TinyGLDemo/source/include/stb_image.h:3174:12: note: previous definition of 'stbi__process_scan_header' was here
 3174 | static int stbi__process_scan_header(stbi__jpeg* z) {
      |            ^~~~~~~~~~~~~~~~~~~~~~~~~
In file included from /home/gek/Programming/3ds/templates/TinyGLDemo/source/include/api.h:38,
                 from /home/gek/Programming/3ds/templates/TinyGLDemo/source/include/gl_helpers.h:5,
                 from /home/gek/Programming/3ds/templates/TinyGLDemo/source/main.c:15:
/home/gek/Programming/3ds/templates/TinyGLDemo/source/include/stb_image.h:3221:12: error: conflicting types for 'stbi__free_jpeg_components'
 3221 | static int stbi__free_jpeg_components(stbi__jpeg* z, int ncomp, int why) {
      |            ^~~~~~~~~~~~~~~~~~~~~~~~~~
In file included from /home/gek/Programming/3ds/templates/TinyGLDemo/source/include/api.h:38,
                 from /home/gek/Programming/3ds/templates/TinyGLDemo/source/main.c:14:
/home/gek/Programming/3ds/templates/TinyGLDemo/source/include/stb_image.h:3221:12: note: previous definition of 'stbi__free_jpeg_components' was here
 3221 | static int stbi__free_jpeg_components(stbi__jpeg* z, int ncomp, int why) {
      |            ^~~~~~~~~~~~~~~~~~~~~~~~~~
In file included from /home/gek/Programming/3ds/templates/TinyGLDemo/source/include/api.h:38,
                 from /home/gek/Programming/3ds/templates/TinyGLDemo/source/include/gl_helpers.h:5,
                 from /home/gek/Programming/3ds/templates/TinyGLDemo/source/main.c:15:
/home/gek/Programming/3ds/templates/TinyGLDemo/source/include/stb_image.h:3242:12: error: conflicting types for 'stbi__process_frame_header'
 3242 | static int stbi__process_frame_header(stbi__jpeg* z, int scan) {
      |            ^~~~~~~~~~~~~~~~~~~~~~~~~~
In file included from /home/gek/Programming/3ds/templates/TinyGLDemo/source/include/api.h:38,
                 from /home/gek/Programming/3ds/templates/TinyGLDemo/source/main.c:14:
/home/gek/Programming/3ds/templates/TinyGLDemo/source/include/stb_image.h:3242:12: note: previous definition of 'stbi__process_frame_header' was here
 3242 | static int stbi__process_frame_header(stbi__jpeg* z, int scan) {
      |            ^~~~~~~~~~~~~~~~~~~~~~~~~~
In file included from /home/gek/Programming/3ds/templates/TinyGLDemo/source/include/api.h:38,
                 from /home/gek/Programming/3ds/templates/TinyGLDemo/source/include/gl_helpers.h:5,
                 from /home/gek/Programming/3ds/templates/TinyGLDemo/source/main.c:15:
/home/gek/Programming/3ds/templates/TinyGLDemo/source/include/stb_image.h:3358:12: error: conflicting types for 'stbi__decode_jpeg_header'
 3358 | static int stbi__decode_jpeg_header(stbi__jpeg* z, int scan) {
      |            ^~~~~~~~~~~~~~~~~~~~~~~~
In file included from /home/gek/Programming/3ds/templates/TinyGLDemo/source/include/api.h:38,
                 from /home/gek/Programming/3ds/templates/TinyGLDemo/source/main.c:14:
/home/gek/Programming/3ds/templates/TinyGLDemo/source/include/stb_image.h:3358:12: note: previous definition of 'stbi__decode_jpeg_header' was here
 3358 | static int stbi__decode_jpeg_header(stbi__jpeg* z, int scan) {
      |            ^~~~~~~~~~~~~~~~~~~~~~~~
In file included from /home/gek/Programming/3ds/templates/TinyGLDemo/source/include/api.h:38,
                 from /home/gek/Programming/3ds/templates/TinyGLDemo/source/include/gl_helpers.h:5,
                 from /home/gek/Programming/3ds/templates/TinyGLDemo/source/main.c:15:
/home/gek/Programming/3ds/templates/TinyGLDemo/source/include/stb_image.h:3388:12: error: conflicting types for 'stbi__decode_jpeg_image'
 3388 | static int stbi__decode_jpeg_image(stbi__jpeg* j) {
      |            ^~~~~~~~~~~~~~~~~~~~~~~
In file included from /home/gek/Programming/3ds/templates/TinyGLDemo/source/include/api.h:38,
                 from /home/gek/Programming/3ds/templates/TinyGLDemo/source/main.c:14:
/home/gek/Programming/3ds/templates/TinyGLDemo/source/include/stb_image.h:3388:12: note: previous definition of 'stbi__decode_jpeg_image' was here
 3388 | static int stbi__decode_jpeg_image(stbi__jpeg* j) {
      |            ^~~~~~~~~~~~~~~~~~~~~~~
In file included from /home/gek/Programming/3ds/templates/TinyGLDemo/source/include/api.h:38,
                 from /home/gek/Programming/3ds/templates/TinyGLDemo/source/include/gl_helpers.h:5,
                 from /home/gek/Programming/3ds/templates/TinyGLDemo/source/main.c:15:
/home/gek/Programming/3ds/templates/TinyGLDemo/source/include/stb_image.h:3440:17: error: redefinition of 'resample_row_1'
 3440 | static stbi_uc* resample_row_1(stbi_uc* out, stbi_uc* in_near, stbi_uc* in_far, int w, int hs) {
      |                 ^~~~~~~~~~~~~~
In file included from /home/gek/Programming/3ds/templates/TinyGLDemo/source/include/api.h:38,
                 from /home/gek/Programming/3ds/templates/TinyGLDemo/source/main.c:14:
/home/gek/Programming/3ds/templates/TinyGLDemo/source/include/stb_image.h:3440:17: note: previous definition of 'resample_row_1' was here
 3440 | static stbi_uc* resample_row_1(stbi_uc* out, stbi_uc* in_near, stbi_uc* in_far, int w, int hs) {
      |                 ^~~~~~~~~~~~~~
In file included from /home/gek/Programming/3ds/templates/TinyGLDemo/source/include/api.h:38,
                 from /home/gek/Programming/3ds/templates/TinyGLDemo/source/include/gl_helpers.h:5,
                 from /home/gek/Programming/3ds/templates/TinyGLDemo/source/main.c:15:
/home/gek/Programming/3ds/templates/TinyGLDemo/source/include/stb_image.h:3448:17: error: redefinition of 'stbi__resample_row_v_2'
 3448 | static stbi_uc* stbi__resample_row_v_2(stbi_uc* out, stbi_uc* in_near, stbi_uc* in_far, int w, int hs) {
      |                 ^~~~~~~~~~~~~~~~~~~~~~
In file included from /home/gek/Programming/3ds/templates/TinyGLDemo/source/include/api.h:38,
                 from /home/gek/Programming/3ds/templates/TinyGLDemo/source/main.c:14:
/home/gek/Programming/3ds/templates/TinyGLDemo/source/include/stb_image.h:3448:17: note: previous definition of 'stbi__resample_row_v_2' was here
 3448 | static stbi_uc* stbi__resample_row_v_2(stbi_uc* out, stbi_uc* in_near, stbi_uc* in_far, int w, int hs) {
      |                 ^~~~~~~~~~~~~~~~~~~~~~
In file included from /home/gek/Programming/3ds/templates/TinyGLDemo/source/include/api.h:38,
                 from /home/gek/Programming/3ds/templates/TinyGLDemo/source/include/gl_helpers.h:5,
                 from /home/gek/Programming/3ds/templates/TinyGLDemo/source/main.c:15:
/home/gek/Programming/3ds/templates/TinyGLDemo/source/include/stb_image.h:3457:17: error: redefinition of 'stbi__resample_row_h_2'
 3457 | static stbi_uc* stbi__resample_row_h_2(stbi_uc* out, stbi_uc* in_near, stbi_uc* in_far, int w, int hs) {
      |                 ^~~~~~~~~~~~~~~~~~~~~~
In file included from /home/gek/Programming/3ds/templates/TinyGLDemo/source/include/api.h:38,
                 from /home/gek/Programming/3ds/templates/TinyGLDemo/source/main.c:14:
/home/gek/Programming/3ds/templates/TinyGLDemo/source/include/stb_image.h:3457:17: note: previous definition of 'stbi__resample_row_h_2' was here
 3457 | static stbi_uc* stbi__resample_row_h_2(stbi_uc* out, stbi_uc* in_near, stbi_uc* in_far, int w, int hs) {
      |                 ^~~~~~~~~~~~~~~~~~~~~~
In file included from /home/gek/Programming/3ds/templates/TinyGLDemo/source/include/api.h:38,
                 from /home/gek/Programming/3ds/templates/TinyGLDemo/source/include/gl_helpers.h:5,
                 from /home/gek/Programming/3ds/templates/TinyGLDemo/source/main.c:15:
/home/gek/Programming/3ds/templates/TinyGLDemo/source/include/stb_image.h:3486:17: error: redefinition of 'stbi__resample_row_hv_2'
 3486 | static stbi_uc* stbi__resample_row_hv_2(stbi_uc* out, stbi_uc* in_near, stbi_uc* in_far, int w, int hs) {
      |                 ^~~~~~~~~~~~~~~~~~~~~~~
In file included from /home/gek/Programming/3ds/templates/TinyGLDemo/source/include/api.h:38,
                 from /home/gek/Programming/3ds/templates/TinyGLDemo/source/main.c:14:
/home/gek/Programming/3ds/templates/TinyGLDemo/source/include/stb_image.h:3486:17: note: previous definition of 'stbi__resample_row_hv_2' was here
 3486 | static stbi_uc* stbi__resample_row_hv_2(stbi_uc* out, stbi_uc* in_near, stbi_uc* in_far, int w, int hs) {
      |                 ^~~~~~~~~~~~~~~~~~~~~~~
In file included from /home/gek/Programming/3ds/templates/TinyGLDemo/source/include/api.h:38,
                 from /home/gek/Programming/3ds/templates/TinyGLDemo/source/include/gl_helpers.h:5,
                 from /home/gek/Programming/3ds/templates/TinyGLDemo/source/main.c:15:
/home/gek/Programming/3ds/templates/TinyGLDemo/source/include/stb_image.h:3625:17: error: redefinition of 'stbi__resample_row_generic'
 3625 | static stbi_uc* stbi__resample_row_generic(stbi_uc* out, stbi_uc* in_near, stbi_uc* in_far, int w, int hs) {
      |                 ^~~~~~~~~~~~~~~~~~~~~~~~~~
In file included from /home/gek/Programming/3ds/templates/TinyGLDemo/source/include/api.h:38,
                 from /home/gek/Programming/3ds/templates/TinyGLDemo/source/main.c:14:
/home/gek/Programming/3ds/templates/TinyGLDemo/source/include/stb_image.h:3625:17: note: previous definition of 'stbi__resample_row_generic' was here
 3625 | static stbi_uc* stbi__resample_row_generic(stbi_uc* out, stbi_uc* in_near, stbi_uc* in_far, int w, int hs) {
      |                 ^~~~~~~~~~~~~~~~~~~~~~~~~~
In file included from /home/gek/Programming/3ds/templates/TinyGLDemo/source/include/api.h:38,
                 from /home/gek/Programming/3ds/templates/TinyGLDemo/source/include/gl_helpers.h:5,
                 from /home/gek/Programming/3ds/templates/TinyGLDemo/source/main.c:15:
/home/gek/Programming/3ds/templates/TinyGLDemo/source/include/stb_image.h:3638:13: error: redefinition of 'stbi__YCbCr_to_RGB_row'
 3638 | static void stbi__YCbCr_to_RGB_row(stbi_uc* out, const stbi_uc* y, const stbi_uc* pcb, const stbi_uc* pcr, int count, int step) {
      |             ^~~~~~~~~~~~~~~~~~~~~~
In file included from /home/gek/Programming/3ds/templates/TinyGLDemo/source/include/api.h:38,
                 from /home/gek/Programming/3ds/templates/TinyGLDemo/source/main.c:14:
/home/gek/Programming/3ds/templates/TinyGLDemo/source/include/stb_image.h:3638:13: note: previous definition of 'stbi__YCbCr_to_RGB_row' was here
 3638 | static void stbi__YCbCr_to_RGB_row(stbi_uc* out, const stbi_uc* y, const stbi_uc* pcb, const stbi_uc* pcr, int count, int step) {
      |             ^~~~~~~~~~~~~~~~~~~~~~
In file included from /home/gek/Programming/3ds/templates/TinyGLDemo/source/include/api.h:38,
                 from /home/gek/Programming/3ds/templates/TinyGLDemo/source/include/gl_helpers.h:5,
                 from /home/gek/Programming/3ds/templates/TinyGLDemo/source/main.c:15:
/home/gek/Programming/3ds/templates/TinyGLDemo/source/include/stb_image.h:3830:13: error: conflicting types for 'stbi__setup_jpeg'
 3830 | static void stbi__setup_jpeg(stbi__jpeg* j) {
      |             ^~~~~~~~~~~~~~~~
In file included from /home/gek/Programming/3ds/templates/TinyGLDemo/source/include/api.h:38,
                 from /home/gek/Programming/3ds/templates/TinyGLDemo/source/main.c:14:
/home/gek/Programming/3ds/templates/TinyGLDemo/source/include/stb_image.h:3830:13: note: previous definition of 'stbi__setup_jpeg' was here
 3830 | static void stbi__setup_jpeg(stbi__jpeg* j) {
      |             ^~~~~~~~~~~~~~~~
In file included from /home/gek/Programming/3ds/templates/TinyGLDemo/source/include/api.h:38,
                 from /home/gek/Programming/3ds/templates/TinyGLDemo/source/include/gl_helpers.h:5,
                 from /home/gek/Programming/3ds/templates/TinyGLDemo/source/main.c:15:
/home/gek/Programming/3ds/templates/TinyGLDemo/source/include/stb_image.h:3851:13: error: conflicting types for 'stbi__cleanup_jpeg'
 3851 | static void stbi__cleanup_jpeg(stbi__jpeg* j) { stbi__free_jpeg_components(j, j->s->img_n, 0); }
      |             ^~~~~~~~~~~~~~~~~~
In file included from /home/gek/Programming/3ds/templates/TinyGLDemo/source/include/api.h:38,
                 from /home/gek/Programming/3ds/templates/TinyGLDemo/source/main.c:14:
/home/gek/Programming/3ds/templates/TinyGLDemo/source/include/stb_image.h:3851:13: note: previous definition of 'stbi__cleanup_jpeg' was here
 3851 | static void stbi__cleanup_jpeg(stbi__jpeg* j) { stbi__free_jpeg_components(j, j->s->img_n, 0); }
      |             ^~~~~~~~~~~~~~~~~~
In file included from /home/gek/Programming/3ds/templates/TinyGLDemo/source/include/api.h:38,
                 from /home/gek/Programming/3ds/templates/TinyGLDemo/source/include/gl_helpers.h:5,
                 from /home/gek/Programming/3ds/templates/TinyGLDemo/source/main.c:15:
/home/gek/Programming/3ds/templates/TinyGLDemo/source/include/stb_image.h:3860:3: error: conflicting types for 'stbi__resample'
 3860 | } stbi__resample;
      |   ^~~~~~~~~~~~~~
In file included from /home/gek/Programming/3ds/templates/TinyGLDemo/source/include/api.h:38,
                 from /home/gek/Programming/3ds/templates/TinyGLDemo/source/main.c:14:
/home/gek/Programming/3ds/templates/TinyGLDemo/source/include/stb_image.h:3860:3: note: previous declaration of 'stbi__resample' was here
 3860 | } stbi__resample;
      |   ^~~~~~~~~~~~~~
In file included from /home/gek/Programming/3ds/templates/TinyGLDemo/source/include/api.h:38,
                 from /home/gek/Programming/3ds/templates/TinyGLDemo/source/include/gl_helpers.h:5,
                 from /home/gek/Programming/3ds/templates/TinyGLDemo/source/main.c:15:
/home/gek/Programming/3ds/templates/TinyGLDemo/source/include/stb_image.h:3863:16: error: redefinition of 'stbi__blinn_8x8'
 3863 | static stbi_uc stbi__blinn_8x8(stbi_uc x, stbi_uc y) {
      |                ^~~~~~~~~~~~~~~
In file included from /home/gek/Programming/3ds/templates/TinyGLDemo/source/include/api.h:38,
                 from /home/gek/Programming/3ds/templates/TinyGLDemo/source/main.c:14:
/home/gek/Programming/3ds/templates/TinyGLDemo/source/include/stb_image.h:3863:16: note: previous definition of 'stbi__blinn_8x8' was here
 3863 | static stbi_uc stbi__blinn_8x8(stbi_uc x, stbi_uc y) {
      |                ^~~~~~~~~~~~~~~
In file included from /home/gek/Programming/3ds/templates/TinyGLDemo/source/include/api.h:38,
                 from /home/gek/Programming/3ds/templates/TinyGLDemo/source/include/gl_helpers.h:5,
                 from /home/gek/Programming/3ds/templates/TinyGLDemo/source/main.c:15:
/home/gek/Programming/3ds/templates/TinyGLDemo/source/include/stb_image.h:3868:17: error: conflicting types for 'load_jpeg_image'
 3868 | static stbi_uc* load_jpeg_image(stbi__jpeg* z, int* out_x, int* out_y, int* comp, int req_comp) {
      |                 ^~~~~~~~~~~~~~~
In file included from /home/gek/Programming/3ds/templates/TinyGLDemo/source/include/api.h:38,
                 from /home/gek/Programming/3ds/templates/TinyGLDemo/source/main.c:14:
/home/gek/Programming/3ds/templates/TinyGLDemo/source/include/stb_image.h:3868:17: note: previous definition of 'load_jpeg_image' was here
 3868 | static stbi_uc* load_jpeg_image(stbi__jpeg* z, int* out_x, int* out_y, int* comp, int req_comp) {
      |                 ^~~~~~~~~~~~~~~
In file included from /home/gek/Programming/3ds/templates/TinyGLDemo/source/include/api.h:38,
                 from /home/gek/Programming/3ds/templates/TinyGLDemo/source/include/gl_helpers.h:5,
                 from /home/gek/Programming/3ds/templates/TinyGLDemo/source/main.c:15:
/home/gek/Programming/3ds/templates/TinyGLDemo/source/include/stb_image.h:4066:12: error: conflicting types for 'stbi__jpeg_info_raw'
 4066 | static int stbi__jpeg_info_raw(stbi__jpeg* j, int* x, int* y, int* comp) {
      |            ^~~~~~~~~~~~~~~~~~~
In file included from /home/gek/Programming/3ds/templates/TinyGLDemo/source/include/api.h:38,
                 from /home/gek/Programming/3ds/templates/TinyGLDemo/source/main.c:14:
/home/gek/Programming/3ds/templates/TinyGLDemo/source/include/stb_image.h:4066:12: note: previous definition of 'stbi__jpeg_info_raw' was here
 4066 | static int stbi__jpeg_info_raw(stbi__jpeg* j, int* x, int* y, int* comp) {
      |            ^~~~~~~~~~~~~~~~~~~
In file included from /home/gek/Programming/3ds/templates/TinyGLDemo/source/include/api.h:38,
                 from /home/gek/Programming/3ds/templates/TinyGLDemo/source/include/gl_helpers.h:5,
                 from /home/gek/Programming/3ds/templates/TinyGLDemo/source/main.c:15:
/home/gek/Programming/3ds/templates/TinyGLDemo/source/include/stb_image.h:4112:3: error: conflicting types for 'stbi__zhuffman'
 4112 | } stbi__zhuffman;
      |   ^~~~~~~~~~~~~~
In file included from /home/gek/Programming/3ds/templates/TinyGLDemo/source/include/api.h:38,
                 from /home/gek/Programming/3ds/templates/TinyGLDemo/source/main.c:14:
/home/gek/Programming/3ds/templates/TinyGLDemo/source/include/stb_image.h:4112:3: note: previous declaration of 'stbi__zhuffman' was here
 4112 | } stbi__zhuffman;
      |   ^~~~~~~~~~~~~~
In file included from /home/gek/Programming/3ds/templates/TinyGLDemo/source/include/api.h:38,
                 from /home/gek/Programming/3ds/templates/TinyGLDemo/source/include/gl_helpers.h:5,
                 from /home/gek/Programming/3ds/templates/TinyGLDemo/source/main.c:15:
/home/gek/Programming/3ds/templates/TinyGLDemo/source/include/stb_image.h:4114:24: error: redefinition of 'stbi__bitreverse16'
 4114 | stbi_inline static int stbi__bitreverse16(int n) {
      |                        ^~~~~~~~~~~~~~~~~~
In file included from /home/gek/Programming/3ds/templates/TinyGLDemo/source/include/api.h:38,
                 from /home/gek/Programming/3ds/templates/TinyGLDemo/source/main.c:14:
/home/gek/Programming/3ds/templates/TinyGLDemo/source/include/stb_image.h:4114:24: note: previous definition of 'stbi__bitreverse16' was here
 4114 | stbi_inline static int stbi__bitreverse16(int n) {
      |                        ^~~~~~~~~~~~~~~~~~
In file included from /home/gek/Programming/3ds/templates/TinyGLDemo/source/include/api.h:38,
                 from /home/gek/Programming/3ds/templates/TinyGLDemo/source/include/gl_helpers.h:5,
                 from /home/gek/Programming/3ds/templates/TinyGLDemo/source/main.c:15:
/home/gek/Programming/3ds/templates/TinyGLDemo/source/include/stb_image.h:4122:24: error: redefinition of 'stbi__bit_reverse'
 4122 | stbi_inline static int stbi__bit_reverse(int v, int bits) {
      |                        ^~~~~~~~~~~~~~~~~
In file included from /home/gek/Programming/3ds/templates/TinyGLDemo/source/include/api.h:38,
                 from /home/gek/Programming/3ds/templates/TinyGLDemo/source/main.c:14:
/home/gek/Programming/3ds/templates/TinyGLDemo/source/include/stb_image.h:4122:24: note: previous definition of 'stbi__bit_reverse' was here
 4122 | stbi_inline static int stbi__bit_reverse(int v, int bits) {
      |                        ^~~~~~~~~~~~~~~~~
In file included from /home/gek/Programming/3ds/templates/TinyGLDemo/source/include/api.h:38,
                 from /home/gek/Programming/3ds/templates/TinyGLDemo/source/include/gl_helpers.h:5,
                 from /home/gek/Programming/3ds/templates/TinyGLDemo/source/main.c:15:
/home/gek/Programming/3ds/templates/TinyGLDemo/source/include/stb_image.h:4129:12: error: conflicting types for 'stbi__zbuild_huffman'
 4129 | static int stbi__zbuild_huffman(stbi__zhuffman* z, const stbi_uc* sizelist, int num) {
      |            ^~~~~~~~~~~~~~~~~~~~
In file included from /home/gek/Programming/3ds/templates/TinyGLDemo/source/include/api.h:38,
                 from /home/gek/Programming/3ds/templates/TinyGLDemo/source/main.c:14:
/home/gek/Programming/3ds/templates/TinyGLDemo/source/include/stb_image.h:4129:12: note: previous definition of 'stbi__zbuild_huffman' was here
 4129 | static int stbi__zbuild_huffman(stbi__zhuffman* z, const stbi_uc* sizelist, int num) {
      |            ^~~~~~~~~~~~~~~~~~~~
In file included from /home/gek/Programming/3ds/templates/TinyGLDemo/source/include/api.h:38,
                 from /home/gek/Programming/3ds/templates/TinyGLDemo/source/include/gl_helpers.h:5,
                 from /home/gek/Programming/3ds/templates/TinyGLDemo/source/main.c:15:
/home/gek/Programming/3ds/templates/TinyGLDemo/source/include/stb_image.h:4193:3: error: conflicting types for 'stbi__zbuf'
 4193 | } stbi__zbuf;
      |   ^~~~~~~~~~
In file included from /home/gek/Programming/3ds/templates/TinyGLDemo/source/include/api.h:38,
                 from /home/gek/Programming/3ds/templates/TinyGLDemo/source/main.c:14:
/home/gek/Programming/3ds/templates/TinyGLDemo/source/include/stb_image.h:4193:3: note: previous declaration of 'stbi__zbuf' was here
 4193 | } stbi__zbuf;
      |   ^~~~~~~~~~
In file included from /home/gek/Programming/3ds/templates/TinyGLDemo/source/include/api.h:38,
                 from /home/gek/Programming/3ds/templates/TinyGLDemo/source/include/gl_helpers.h:5,
                 from /home/gek/Programming/3ds/templates/TinyGLDemo/source/main.c:15:
/home/gek/Programming/3ds/templates/TinyGLDemo/source/include/stb_image.h:4195:28: error: conflicting types for 'stbi__zget8'
 4195 | stbi_inline static stbi_uc stbi__zget8(stbi__zbuf* z) {
      |                            ^~~~~~~~~~~
In file included from /home/gek/Programming/3ds/templates/TinyGLDemo/source/include/api.h:38,
                 from /home/gek/Programming/3ds/templates/TinyGLDemo/source/main.c:14:
/home/gek/Programming/3ds/templates/TinyGLDemo/source/include/stb_image.h:4195:28: note: previous definition of 'stbi__zget8' was here
 4195 | stbi_inline static stbi_uc stbi__zget8(stbi__zbuf* z) {
      |                            ^~~~~~~~~~~
In file included from /home/gek/Programming/3ds/templates/TinyGLDemo/source/include/api.h:38,
                 from /home/gek/Programming/3ds/templates/TinyGLDemo/source/include/gl_helpers.h:5,
                 from /home/gek/Programming/3ds/templates/TinyGLDemo/source/main.c:15:
/home/gek/Programming/3ds/templates/TinyGLDemo/source/include/stb_image.h:4201:13: error: conflicting types for 'stbi__fill_bits'
 4201 | static void stbi__fill_bits(stbi__zbuf* z) {
      |             ^~~~~~~~~~~~~~~
In file included from /home/gek/Programming/3ds/templates/TinyGLDemo/source/include/api.h:38,
                 from /home/gek/Programming/3ds/templates/TinyGLDemo/source/main.c:14:
/home/gek/Programming/3ds/templates/TinyGLDemo/source/include/stb_image.h:4201:13: note: previous definition of 'stbi__fill_bits' was here
 4201 | static void stbi__fill_bits(stbi__zbuf* z) {
      |             ^~~~~~~~~~~~~~~
In file included from /home/gek/Programming/3ds/templates/TinyGLDemo/source/include/api.h:38,
                 from /home/gek/Programming/3ds/templates/TinyGLDemo/source/include/gl_helpers.h:5,
                 from /home/gek/Programming/3ds/templates/TinyGLDemo/source/main.c:15:
/home/gek/Programming/3ds/templates/TinyGLDemo/source/include/stb_image.h:4209:33: error: conflicting types for 'stbi__zreceive'
 4209 | stbi_inline static unsigned int stbi__zreceive(stbi__zbuf* z, int n) {
      |                                 ^~~~~~~~~~~~~~
In file included from /home/gek/Programming/3ds/templates/TinyGLDemo/source/include/api.h:38,
                 from /home/gek/Programming/3ds/templates/TinyGLDemo/source/main.c:14:
/home/gek/Programming/3ds/templates/TinyGLDemo/source/include/stb_image.h:4209:33: note: previous definition of 'stbi__zreceive' was here
 4209 | stbi_inline static unsigned int stbi__zreceive(stbi__zbuf* z, int n) {
      |                                 ^~~~~~~~~~~~~~
In file included from /home/gek/Programming/3ds/templates/TinyGLDemo/source/include/api.h:38,
                 from /home/gek/Programming/3ds/templates/TinyGLDemo/source/include/gl_helpers.h:5,
                 from /home/gek/Programming/3ds/templates/TinyGLDemo/source/main.c:15:
/home/gek/Programming/3ds/templates/TinyGLDemo/source/include/stb_image.h:4219:12: error: conflicting types for 'stbi__zhuffman_decode_slowpath'
 4219 | static int stbi__zhuffman_decode_slowpath(stbi__zbuf* a, stbi__zhuffman* z) {
      |            ^~~~~~~~~~~~~~~~~~~~~~~~~~~~~~
In file included from /home/gek/Programming/3ds/templates/TinyGLDemo/source/include/api.h:38,
                 from /home/gek/Programming/3ds/templates/TinyGLDemo/source/main.c:14:
/home/gek/Programming/3ds/templates/TinyGLDemo/source/include/stb_image.h:4219:12: note: previous definition of 'stbi__zhuffman_decode_slowpath' was here
 4219 | static int stbi__zhuffman_decode_slowpath(stbi__zbuf* a, stbi__zhuffman* z) {
      |            ^~~~~~~~~~~~~~~~~~~~~~~~~~~~~~
In file included from /home/gek/Programming/3ds/templates/TinyGLDemo/source/include/api.h:38,
                 from /home/gek/Programming/3ds/templates/TinyGLDemo/source/include/gl_helpers.h:5,
                 from /home/gek/Programming/3ds/templates/TinyGLDemo/source/main.c:15:
/home/gek/Programming/3ds/templates/TinyGLDemo/source/include/stb_image.h:4237:24: error: conflicting types for 'stbi__zhuffman_decode'
 4237 | stbi_inline static int stbi__zhuffman_decode(stbi__zbuf* a, stbi__zhuffman* z) {
      |                        ^~~~~~~~~~~~~~~~~~~~~
In file included from /home/gek/Programming/3ds/templates/TinyGLDemo/source/include/api.h:38,
                 from /home/gek/Programming/3ds/templates/TinyGLDemo/source/main.c:14:
/home/gek/Programming/3ds/templates/TinyGLDemo/source/include/stb_image.h:4237:24: note: previous definition of 'stbi__zhuffman_decode' was here
 4237 | stbi_inline static int stbi__zhuffman_decode(stbi__zbuf* a, stbi__zhuffman* z) {
      |                        ^~~~~~~~~~~~~~~~~~~~~
In file included from /home/gek/Programming/3ds/templates/TinyGLDemo/source/include/api.h:38,
                 from /home/gek/Programming/3ds/templates/TinyGLDemo/source/include/gl_helpers.h:5,
                 from /home/gek/Programming/3ds/templates/TinyGLDemo/source/main.c:15:
/home/gek/Programming/3ds/templates/TinyGLDemo/source/include/stb_image.h:4251:12: error: conflicting types for 'stbi__zexpand'
 4251 | static int stbi__zexpand(stbi__zbuf* z, char* zout,
      |            ^~~~~~~~~~~~~
In file included from /home/gek/Programming/3ds/templates/TinyGLDemo/source/include/api.h:38,
                 from /home/gek/Programming/3ds/templates/TinyGLDemo/source/main.c:14:
/home/gek/Programming/3ds/templates/TinyGLDemo/source/include/stb_image.h:4251:12: note: previous definition of 'stbi__zexpand' was here
 4251 | static int stbi__zexpand(stbi__zbuf* z, char* zout,
      |            ^~~~~~~~~~~~~
In file included from /home/gek/Programming/3ds/templates/TinyGLDemo/source/include/api.h:38,
                 from /home/gek/Programming/3ds/templates/TinyGLDemo/source/include/gl_helpers.h:5,
                 from /home/gek/Programming/3ds/templates/TinyGLDemo/source/main.c:15:
/home/gek/Programming/3ds/templates/TinyGLDemo/source/include/stb_image.h:4273:18: error: redefinition of 'stbi__zlength_base'
 4273 | static const int stbi__zlength_base[31] = {3,  4,  5,  6,  7,  8,  9,  10,  11,  13,  15,  17,  19,  23, 27, 31,
      |                  ^~~~~~~~~~~~~~~~~~
In file included from /home/gek/Programming/3ds/templates/TinyGLDemo/source/include/api.h:38,
                 from /home/gek/Programming/3ds/templates/TinyGLDemo/source/main.c:14:
/home/gek/Programming/3ds/templates/TinyGLDemo/source/include/stb_image.h:4273:18: note: previous definition of 'stbi__zlength_base' was here
 4273 | static const int stbi__zlength_base[31] = {3,  4,  5,  6,  7,  8,  9,  10,  11,  13,  15,  17,  19,  23, 27, 31,
      |                  ^~~~~~~~~~~~~~~~~~
In file included from /home/gek/Programming/3ds/templates/TinyGLDemo/source/include/api.h:38,
                 from /home/gek/Programming/3ds/templates/TinyGLDemo/source/include/gl_helpers.h:5,
                 from /home/gek/Programming/3ds/templates/TinyGLDemo/source/main.c:15:
/home/gek/Programming/3ds/templates/TinyGLDemo/source/include/stb_image.h:4276:18: error: redefinition of 'stbi__zlength_extra'
 4276 | static const int stbi__zlength_extra[31] = {0, 0, 0, 0, 0, 0, 0, 0, 1, 1, 1, 1, 2, 2, 2, 2, 3, 3, 3, 3, 4, 4, 4, 4, 5, 5, 5, 5, 0, 0, 0};
      |                  ^~~~~~~~~~~~~~~~~~~
In file included from /home/gek/Programming/3ds/templates/TinyGLDemo/source/include/api.h:38,
                 from /home/gek/Programming/3ds/templates/TinyGLDemo/source/main.c:14:
/home/gek/Programming/3ds/templates/TinyGLDemo/source/include/stb_image.h:4276:18: note: previous definition of 'stbi__zlength_extra' was here
 4276 | static const int stbi__zlength_extra[31] = {0, 0, 0, 0, 0, 0, 0, 0, 1, 1, 1, 1, 2, 2, 2, 2, 3, 3, 3, 3, 4, 4, 4, 4, 5, 5, 5, 5, 0, 0, 0};
      |                  ^~~~~~~~~~~~~~~~~~~
In file included from /home/gek/Programming/3ds/templates/TinyGLDemo/source/include/api.h:38,
                 from /home/gek/Programming/3ds/templates/TinyGLDemo/source/include/gl_helpers.h:5,
                 from /home/gek/Programming/3ds/templates/TinyGLDemo/source/main.c:15:
/home/gek/Programming/3ds/templates/TinyGLDemo/source/include/stb_image.h:4278:18: error: redefinition of 'stbi__zdist_base'
 4278 | static const int stbi__zdist_base[32] = {1,   2,   3,   4,   5, 7, 9, 13,   17,   25,   33,   49, 65, 97, 129, 193,
      |                  ^~~~~~~~~~~~~~~~
In file included from /home/gek/Programming/3ds/templates/TinyGLDemo/source/include/api.h:38,
                 from /home/gek/Programming/3ds/templates/TinyGLDemo/source/main.c:14:
/home/gek/Programming/3ds/templates/TinyGLDemo/source/include/stb_image.h:4278:18: note: previous definition of 'stbi__zdist_base' was here
 4278 | static const int stbi__zdist_base[32] = {1,   2,   3,   4,   5, 7, 9, 13,   17,   25,   33,   49, 65, 97, 129, 193,
      |                  ^~~~~~~~~~~~~~~~
In file included from /home/gek/Programming/3ds/templates/TinyGLDemo/source/include/api.h:38,
                 from /home/gek/Programming/3ds/templates/TinyGLDemo/source/include/gl_helpers.h:5,
                 from /home/gek/Programming/3ds/templates/TinyGLDemo/source/main.c:15:
/home/gek/Programming/3ds/templates/TinyGLDemo/source/include/stb_image.h:4281:18: error: redefinition of 'stbi__zdist_extra'
 4281 | static const int stbi__zdist_extra[32] = {0, 0, 0, 0, 1, 1, 2, 2, 3, 3, 4, 4, 5, 5, 6, 6, 7, 7, 8, 8, 9, 9, 10, 10, 11, 11, 12, 12, 13, 13};
      |                  ^~~~~~~~~~~~~~~~~
In file included from /home/gek/Programming/3ds/templates/TinyGLDemo/source/include/api.h:38,
                 from /home/gek/Programming/3ds/templates/TinyGLDemo/source/main.c:14:
/home/gek/Programming/3ds/templates/TinyGLDemo/source/include/stb_image.h:4281:18: note: previous definition of 'stbi__zdist_extra' was here
 4281 | static const int stbi__zdist_extra[32] = {0, 0, 0, 0, 1, 1, 2, 2, 3, 3, 4, 4, 5, 5, 6, 6, 7, 7, 8, 8, 9, 9, 10, 10, 11, 11, 12, 12, 13, 13};
      |                  ^~~~~~~~~~~~~~~~~
In file included from /home/gek/Programming/3ds/templates/TinyGLDemo/source/include/api.h:38,
                 from /home/gek/Programming/3ds/templates/TinyGLDemo/source/include/gl_helpers.h:5,
                 from /home/gek/Programming/3ds/templates/TinyGLDemo/source/main.c:15:
/home/gek/Programming/3ds/templates/TinyGLDemo/source/include/stb_image.h:4283:12: error: conflicting types for 'stbi__parse_huffman_block'
 4283 | static int stbi__parse_huffman_block(stbi__zbuf* a) {
      |            ^~~~~~~~~~~~~~~~~~~~~~~~~
In file included from /home/gek/Programming/3ds/templates/TinyGLDemo/source/include/api.h:38,
                 from /home/gek/Programming/3ds/templates/TinyGLDemo/source/main.c:14:
/home/gek/Programming/3ds/templates/TinyGLDemo/source/include/stb_image.h:4283:12: note: previous definition of 'stbi__parse_huffman_block' was here
 4283 | static int stbi__parse_huffman_block(stbi__zbuf* a) {
      |            ^~~~~~~~~~~~~~~~~~~~~~~~~
In file included from /home/gek/Programming/3ds/templates/TinyGLDemo/source/include/api.h:38,
                 from /home/gek/Programming/3ds/templates/TinyGLDemo/source/include/gl_helpers.h:5,
                 from /home/gek/Programming/3ds/templates/TinyGLDemo/source/main.c:15:
/home/gek/Programming/3ds/templates/TinyGLDemo/source/include/stb_image.h:4340:12: error: conflicting types for 'stbi__compute_huffman_codes'
 4340 | static int stbi__compute_huffman_codes(stbi__zbuf* a) {
      |            ^~~~~~~~~~~~~~~~~~~~~~~~~~~
In file included from /home/gek/Programming/3ds/templates/TinyGLDemo/source/include/api.h:38,
                 from /home/gek/Programming/3ds/templates/TinyGLDemo/source/main.c:14:
/home/gek/Programming/3ds/templates/TinyGLDemo/source/include/stb_image.h:4340:12: note: previous definition of 'stbi__compute_huffman_codes' was here
 4340 | static int stbi__compute_huffman_codes(stbi__zbuf* a) {
      |            ^~~~~~~~~~~~~~~~~~~~~~~~~~~
In file included from /home/gek/Programming/3ds/templates/TinyGLDemo/source/include/api.h:38,
                 from /home/gek/Programming/3ds/templates/TinyGLDemo/source/include/gl_helpers.h:5,
                 from /home/gek/Programming/3ds/templates/TinyGLDemo/source/main.c:15:
/home/gek/Programming/3ds/templates/TinyGLDemo/source/include/stb_image.h:4395:12: error: conflicting types for 'stbi__parse_uncompressed_block'
 4395 | static int stbi__parse_uncompressed_block(stbi__zbuf* a) {
      |            ^~~~~~~~~~~~~~~~~~~~~~~~~~~~~~
In file included from /home/gek/Programming/3ds/templates/TinyGLDemo/source/include/api.h:38,
                 from /home/gek/Programming/3ds/templates/TinyGLDemo/source/main.c:14:
/home/gek/Programming/3ds/templates/TinyGLDemo/source/include/stb_image.h:4395:12: note: previous definition of 'stbi__parse_uncompressed_block' was here
 4395 | static int stbi__parse_uncompressed_block(stbi__zbuf* a) {
      |            ^~~~~~~~~~~~~~~~~~~~~~~~~~~~~~
In file included from /home/gek/Programming/3ds/templates/TinyGLDemo/source/include/api.h:38,
                 from /home/gek/Programming/3ds/templates/TinyGLDemo/source/include/gl_helpers.h:5,
                 from /home/gek/Programming/3ds/templates/TinyGLDemo/source/main.c:15:
/home/gek/Programming/3ds/templates/TinyGLDemo/source/include/stb_image.h:4426:12: error: conflicting types for 'stbi__parse_zlib_header'
 4426 | static int stbi__parse_zlib_header(stbi__zbuf* a) {
      |            ^~~~~~~~~~~~~~~~~~~~~~~
In file included from /home/gek/Programming/3ds/templates/TinyGLDemo/source/include/api.h:38,
                 from /home/gek/Programming/3ds/templates/TinyGLDemo/source/main.c:14:
/home/gek/Programming/3ds/templates/TinyGLDemo/source/include/stb_image.h:4426:12: note: previous definition of 'stbi__parse_zlib_header' was here
 4426 | static int stbi__parse_zlib_header(stbi__zbuf* a) {
      |            ^~~~~~~~~~~~~~~~~~~~~~~
In file included from /home/gek/Programming/3ds/templates/TinyGLDemo/source/include/api.h:38,
                 from /home/gek/Programming/3ds/templates/TinyGLDemo/source/include/gl_helpers.h:5,
                 from /home/gek/Programming/3ds/templates/TinyGLDemo/source/main.c:15:
/home/gek/Programming/3ds/templates/TinyGLDemo/source/include/stb_image.h:4443:22: error: redefinition of 'stbi__zdefault_length'
 4443 | static const stbi_uc stbi__zdefault_length[288] = {
      |                      ^~~~~~~~~~~~~~~~~~~~~
In file included from /home/gek/Programming/3ds/templates/TinyGLDemo/source/include/api.h:38,
                 from /home/gek/Programming/3ds/templates/TinyGLDemo/source/main.c:14:
/home/gek/Programming/3ds/templates/TinyGLDemo/source/include/stb_image.h:4443:22: note: previous definition of 'stbi__zdefault_length' was here
 4443 | static const stbi_uc stbi__zdefault_length[288] = {
      |                      ^~~~~~~~~~~~~~~~~~~~~
In file included from /home/gek/Programming/3ds/templates/TinyGLDemo/source/include/api.h:38,
                 from /home/gek/Programming/3ds/templates/TinyGLDemo/source/include/gl_helpers.h:5,
                 from /home/gek/Programming/3ds/templates/TinyGLDemo/source/main.c:15:
/home/gek/Programming/3ds/templates/TinyGLDemo/source/include/stb_image.h:4450:22: error: redefinition of 'stbi__zdefault_distance'
 4450 | static const stbi_uc stbi__zdefault_distance[32] = {5, 5, 5, 5, 5, 5, 5, 5, 5, 5, 5, 5, 5, 5, 5, 5, 5, 5, 5, 5, 5, 5, 5, 5, 5, 5, 5, 5, 5, 5, 5, 5};
      |                      ^~~~~~~~~~~~~~~~~~~~~~~
In file included from /home/gek/Programming/3ds/templates/TinyGLDemo/source/include/api.h:38,
                 from /home/gek/Programming/3ds/templates/TinyGLDemo/source/main.c:14:
/home/gek/Programming/3ds/templates/TinyGLDemo/source/include/stb_image.h:4450:22: note: previous definition of 'stbi__zdefault_distance' was here
 4450 | static const stbi_uc stbi__zdefault_distance[32] = {5, 5, 5, 5, 5, 5, 5, 5, 5, 5, 5, 5, 5, 5, 5, 5, 5, 5, 5, 5, 5, 5, 5, 5, 5, 5, 5, 5, 5, 5, 5, 5};
      |                      ^~~~~~~~~~~~~~~~~~~~~~~
In file included from /home/gek/Programming/3ds/templates/TinyGLDemo/source/include/api.h:38,
                 from /home/gek/Programming/3ds/templates/TinyGLDemo/source/include/gl_helpers.h:5,
                 from /home/gek/Programming/3ds/templates/TinyGLDemo/source/main.c:15:
/home/gek/Programming/3ds/templates/TinyGLDemo/source/include/stb_image.h:4464:12: error: conflicting types for 'stbi__parse_zlib'
 4464 | static int stbi__parse_zlib(stbi__zbuf* a, int parse_header) {
      |            ^~~~~~~~~~~~~~~~
In file included from /home/gek/Programming/3ds/templates/TinyGLDemo/source/include/api.h:38,
                 from /home/gek/Programming/3ds/templates/TinyGLDemo/source/main.c:14:
/home/gek/Programming/3ds/templates/TinyGLDemo/source/include/stb_image.h:4464:12: note: previous definition of 'stbi__parse_zlib' was here
 4464 | static int stbi__parse_zlib(stbi__zbuf* a, int parse_header) {
      |            ^~~~~~~~~~~~~~~~
In file included from /home/gek/Programming/3ds/templates/TinyGLDemo/source/include/api.h:38,
                 from /home/gek/Programming/3ds/templates/TinyGLDemo/source/include/gl_helpers.h:5,
                 from /home/gek/Programming/3ds/templates/TinyGLDemo/source/main.c:15:
/home/gek/Programming/3ds/templates/TinyGLDemo/source/include/stb_image.h:4497:12: error: conflicting types for 'stbi__do_zlib'
 4497 | static int stbi__do_zlib(stbi__zbuf* a, char* obuf, int olen, int exp, int parse_header) {
      |            ^~~~~~~~~~~~~
In file included from /home/gek/Programming/3ds/templates/TinyGLDemo/source/include/api.h:38,
                 from /home/gek/Programming/3ds/templates/TinyGLDemo/source/main.c:14:
/home/gek/Programming/3ds/templates/TinyGLDemo/source/include/stb_image.h:4497:12: note: previous definition of 'stbi__do_zlib' was here
 4497 | static int stbi__do_zlib(stbi__zbuf* a, char* obuf, int olen, int exp, int parse_header) {
      |            ^~~~~~~~~~~~~
In file included from /home/gek/Programming/3ds/templates/TinyGLDemo/source/include/api.h:38,
                 from /home/gek/Programming/3ds/templates/TinyGLDemo/source/include/gl_helpers.h:5,
                 from /home/gek/Programming/3ds/templates/TinyGLDemo/source/main.c:15:
/home/gek/Programming/3ds/templates/TinyGLDemo/source/include/stb_image.h:4506:15: error: redefinition of 'stbi_zlib_decode_malloc_guesssize'
 4506 | STBIDEF char* stbi_zlib_decode_malloc_guesssize(const char* buffer, int len, int initial_size, int* outlen) {
      |               ^~~~~~~~~~~~~~~~~~~~~~~~~~~~~~~~~
In file included from /home/gek/Programming/3ds/templates/TinyGLDemo/source/include/api.h:38,
                 from /home/gek/Programming/3ds/templates/TinyGLDemo/source/main.c:14:
/home/gek/Programming/3ds/templates/TinyGLDemo/source/include/stb_image.h:4506:15: note: previous definition of 'stbi_zlib_decode_malloc_guesssize' was here
 4506 | STBIDEF char* stbi_zlib_decode_malloc_guesssize(const char* buffer, int len, int initial_size, int* outlen) {
      |               ^~~~~~~~~~~~~~~~~~~~~~~~~~~~~~~~~
In file included from /home/gek/Programming/3ds/templates/TinyGLDemo/source/include/api.h:38,
                 from /home/gek/Programming/3ds/templates/TinyGLDemo/source/include/gl_helpers.h:5,
                 from /home/gek/Programming/3ds/templates/TinyGLDemo/source/main.c:15:
/home/gek/Programming/3ds/templates/TinyGLDemo/source/include/stb_image.h:4523:15: error: redefinition of 'stbi_zlib_decode_malloc'
 4523 | STBIDEF char* stbi_zlib_decode_malloc(char const* buffer, int len, int* outlen) { return stbi_zlib_decode_malloc_guesssize(buffer, len, 16384, outlen); }
      |               ^~~~~~~~~~~~~~~~~~~~~~~
In file included from /home/gek/Programming/3ds/templates/TinyGLDemo/source/include/api.h:38,
                 from /home/gek/Programming/3ds/templates/TinyGLDemo/source/main.c:14:
/home/gek/Programming/3ds/templates/TinyGLDemo/source/include/stb_image.h:4523:15: note: previous definition of 'stbi_zlib_decode_malloc' was here
 4523 | STBIDEF char* stbi_zlib_decode_malloc(char const* buffer, int len, int* outlen) { return stbi_zlib_decode_malloc_guesssize(buffer, len, 16384, outlen); }
      |               ^~~~~~~~~~~~~~~~~~~~~~~
In file included from /home/gek/Programming/3ds/templates/TinyGLDemo/source/include/api.h:38,
                 from /home/gek/Programming/3ds/templates/TinyGLDemo/source/include/gl_helpers.h:5,
                 from /home/gek/Programming/3ds/templates/TinyGLDemo/source/main.c:15:
/home/gek/Programming/3ds/templates/TinyGLDemo/source/include/stb_image.h:4525:15: error: redefinition of 'stbi_zlib_decode_malloc_guesssize_headerflag'
 4525 | STBIDEF char* stbi_zlib_decode_malloc_guesssize_headerflag(const char* buffer, int len, int initial_size, int* outlen, int parse_header) {
      |               ^~~~~~~~~~~~~~~~~~~~~~~~~~~~~~~~~~~~~~~~~~~~
In file included from /home/gek/Programming/3ds/templates/TinyGLDemo/source/include/api.h:38,
                 from /home/gek/Programming/3ds/templates/TinyGLDemo/source/main.c:14:
/home/gek/Programming/3ds/templates/TinyGLDemo/source/include/stb_image.h:4525:15: note: previous definition of 'stbi_zlib_decode_malloc_guesssize_headerflag' was here
 4525 | STBIDEF char* stbi_zlib_decode_malloc_guesssize_headerflag(const char* buffer, int len, int initial_size, int* outlen, int parse_header) {
      |               ^~~~~~~~~~~~~~~~~~~~~~~~~~~~~~~~~~~~~~~~~~~~
In file included from /home/gek/Programming/3ds/templates/TinyGLDemo/source/include/api.h:38,
                 from /home/gek/Programming/3ds/templates/TinyGLDemo/source/include/gl_helpers.h:5,
                 from /home/gek/Programming/3ds/templates/TinyGLDemo/source/main.c:15:
/home/gek/Programming/3ds/templates/TinyGLDemo/source/include/stb_image.h:4542:13: error: redefinition of 'stbi_zlib_decode_buffer'
 4542 | STBIDEF int stbi_zlib_decode_buffer(char* obuffer, int olen, char const* ibuffer, int ilen) {
      |             ^~~~~~~~~~~~~~~~~~~~~~~
In file included from /home/gek/Programming/3ds/templates/TinyGLDemo/source/include/api.h:38,
                 from /home/gek/Programming/3ds/templates/TinyGLDemo/source/main.c:14:
/home/gek/Programming/3ds/templates/TinyGLDemo/source/include/stb_image.h:4542:13: note: previous definition of 'stbi_zlib_decode_buffer' was here
 4542 | STBIDEF int stbi_zlib_decode_buffer(char* obuffer, int olen, char const* ibuffer, int ilen) {
      |             ^~~~~~~~~~~~~~~~~~~~~~~
In file included from /home/gek/Programming/3ds/templates/TinyGLDemo/source/include/api.h:38,
                 from /home/gek/Programming/3ds/templates/TinyGLDemo/source/include/gl_helpers.h:5,
                 from /home/gek/Programming/3ds/templates/TinyGLDemo/source/main.c:15:
/home/gek/Programming/3ds/templates/TinyGLDemo/source/include/stb_image.h:4552:15: error: redefinition of 'stbi_zlib_decode_noheader_malloc'
 4552 | STBIDEF char* stbi_zlib_decode_noheader_malloc(char const* buffer, int len, int* outlen) {
      |               ^~~~~~~~~~~~~~~~~~~~~~~~~~~~~~~~
In file included from /home/gek/Programming/3ds/templates/TinyGLDemo/source/include/api.h:38,
                 from /home/gek/Programming/3ds/templates/TinyGLDemo/source/main.c:14:
/home/gek/Programming/3ds/templates/TinyGLDemo/source/include/stb_image.h:4552:15: note: previous definition of 'stbi_zlib_decode_noheader_malloc' was here
 4552 | STBIDEF char* stbi_zlib_decode_noheader_malloc(char const* buffer, int len, int* outlen) {
      |               ^~~~~~~~~~~~~~~~~~~~~~~~~~~~~~~~
In file included from /home/gek/Programming/3ds/templates/TinyGLDemo/source/include/api.h:38,
                 from /home/gek/Programming/3ds/templates/TinyGLDemo/source/include/gl_helpers.h:5,
                 from /home/gek/Programming/3ds/templates/TinyGLDemo/source/main.c:15:
/home/gek/Programming/3ds/templates/TinyGLDemo/source/include/stb_image.h:4569:13: error: redefinition of 'stbi_zlib_decode_noheader_buffer'
 4569 | STBIDEF int stbi_zlib_decode_noheader_buffer(char* obuffer, int olen, const char* ibuffer, int ilen) {
      |             ^~~~~~~~~~~~~~~~~~~~~~~~~~~~~~~~
In file included from /home/gek/Programming/3ds/templates/TinyGLDemo/source/include/api.h:38,
                 from /home/gek/Programming/3ds/templates/TinyGLDemo/source/main.c:14:
/home/gek/Programming/3ds/templates/TinyGLDemo/source/include/stb_image.h:4569:13: note: previous definition of 'stbi_zlib_decode_noheader_buffer' was here
 4569 | STBIDEF int stbi_zlib_decode_noheader_buffer(char* obuffer, int olen, const char* ibuffer, int ilen) {
      |             ^~~~~~~~~~~~~~~~~~~~~~~~~~~~~~~~
In file included from /home/gek/Programming/3ds/templates/TinyGLDemo/source/include/api.h:38,
                 from /home/gek/Programming/3ds/templates/TinyGLDemo/source/include/gl_helpers.h:5,
                 from /home/gek/Programming/3ds/templates/TinyGLDemo/source/main.c:15:
/home/gek/Programming/3ds/templates/TinyGLDemo/source/include/stb_image.h:4594:3: error: conflicting types for 'stbi__pngchunk'
 4594 | } stbi__pngchunk;
      |   ^~~~~~~~~~~~~~
In file included from /home/gek/Programming/3ds/templates/TinyGLDemo/source/include/api.h:38,
                 from /home/gek/Programming/3ds/templates/TinyGLDemo/source/main.c:14:
/home/gek/Programming/3ds/templates/TinyGLDemo/source/include/stb_image.h:4594:3: note: previous declaration of 'stbi__pngchunk' was here
 4594 | } stbi__pngchunk;
      |   ^~~~~~~~~~~~~~
In file included from /home/gek/Programming/3ds/templates/TinyGLDemo/source/include/api.h:38,
                 from /home/gek/Programming/3ds/templates/TinyGLDemo/source/include/gl_helpers.h:5,
                 from /home/gek/Programming/3ds/templates/TinyGLDemo/source/main.c:15:
/home/gek/Programming/3ds/templates/TinyGLDemo/source/include/stb_image.h:4596:23: error: conflicting types for 'stbi__get_chunk_header'
 4596 | static stbi__pngchunk stbi__get_chunk_header(stbi__context* s) {
      |                       ^~~~~~~~~~~~~~~~~~~~~~
In file included from /home/gek/Programming/3ds/templates/TinyGLDemo/source/include/api.h:38,
                 from /home/gek/Programming/3ds/templates/TinyGLDemo/source/main.c:14:
/home/gek/Programming/3ds/templates/TinyGLDemo/source/include/stb_image.h:4596:23: note: previous definition of 'stbi__get_chunk_header' was here
 4596 | static stbi__pngchunk stbi__get_chunk_header(stbi__context* s) {
      |                       ^~~~~~~~~~~~~~~~~~~~~~
In file included from /home/gek/Programming/3ds/templates/TinyGLDemo/source/include/api.h:38,
                 from /home/gek/Programming/3ds/templates/TinyGLDemo/source/include/gl_helpers.h:5,
                 from /home/gek/Programming/3ds/templates/TinyGLDemo/source/main.c:15:
/home/gek/Programming/3ds/templates/TinyGLDemo/source/include/stb_image.h:4603:12: error: conflicting types for 'stbi__check_png_header'
 4603 | static int stbi__check_png_header(stbi__context* s) {
      |            ^~~~~~~~~~~~~~~~~~~~~~
In file included from /home/gek/Programming/3ds/templates/TinyGLDemo/source/include/api.h:38,
                 from /home/gek/Programming/3ds/templates/TinyGLDemo/source/main.c:14:
/home/gek/Programming/3ds/templates/TinyGLDemo/source/include/stb_image.h:4603:12: note: previous definition of 'stbi__check_png_header' was here
 4603 | static int stbi__check_png_header(stbi__context* s) {
      |            ^~~~~~~~~~~~~~~~~~~~~~
In file included from /home/gek/Programming/3ds/templates/TinyGLDemo/source/include/api.h:38,
                 from /home/gek/Programming/3ds/templates/TinyGLDemo/source/include/gl_helpers.h:5,
                 from /home/gek/Programming/3ds/templates/TinyGLDemo/source/main.c:15:
/home/gek/Programming/3ds/templates/TinyGLDemo/source/include/stb_image.h:4616:3: error: conflicting types for 'stbi__png'
 4616 | } stbi__png;
      |   ^~~~~~~~~
In file included from /home/gek/Programming/3ds/templates/TinyGLDemo/source/include/api.h:38,
                 from /home/gek/Programming/3ds/templates/TinyGLDemo/source/main.c:14:
/home/gek/Programming/3ds/templates/TinyGLDemo/source/include/stb_image.h:4616:3: note: previous declaration of 'stbi__png' was here
 4616 | } stbi__png;
      |   ^~~~~~~~~
In file included from /home/gek/Programming/3ds/templates/TinyGLDemo/source/include/api.h:38,
                 from /home/gek/Programming/3ds/templates/TinyGLDemo/source/include/gl_helpers.h:5,
                 from /home/gek/Programming/3ds/templates/TinyGLDemo/source/main.c:15:
/home/gek/Programming/3ds/templates/TinyGLDemo/source/include/stb_image.h:4619:2: error: redeclaration of enumerator 'STBI__F_none'
 4619 |  STBI__F_none = 0,
      |  ^~~~~~~~~~~~
In file included from /home/gek/Programming/3ds/templates/TinyGLDemo/source/include/api.h:38,
                 from /home/gek/Programming/3ds/templates/TinyGLDemo/source/main.c:14:
/home/gek/Programming/3ds/templates/TinyGLDemo/source/include/stb_image.h:4619:2: note: previous definition of 'STBI__F_none' was here
 4619 |  STBI__F_none = 0,
      |  ^~~~~~~~~~~~
In file included from /home/gek/Programming/3ds/templates/TinyGLDemo/source/include/api.h:38,
                 from /home/gek/Programming/3ds/templates/TinyGLDemo/source/include/gl_helpers.h:5,
                 from /home/gek/Programming/3ds/templates/TinyGLDemo/source/main.c:15:
/home/gek/Programming/3ds/templates/TinyGLDemo/source/include/stb_image.h:4620:2: error: redeclaration of enumerator 'STBI__F_sub'
 4620 |  STBI__F_sub = 1,
      |  ^~~~~~~~~~~
In file included from /home/gek/Programming/3ds/templates/TinyGLDemo/source/include/api.h:38,
                 from /home/gek/Programming/3ds/templates/TinyGLDemo/source/main.c:14:
/home/gek/Programming/3ds/templates/TinyGLDemo/source/include/stb_image.h:4620:2: note: previous definition of 'STBI__F_sub' was here
 4620 |  STBI__F_sub = 1,
      |  ^~~~~~~~~~~
In file included from /home/gek/Programming/3ds/templates/TinyGLDemo/source/include/api.h:38,
                 from /home/gek/Programming/3ds/templates/TinyGLDemo/source/include/gl_helpers.h:5,
                 from /home/gek/Programming/3ds/templates/TinyGLDemo/source/main.c:15:
/home/gek/Programming/3ds/templates/TinyGLDemo/source/include/stb_image.h:4621:2: error: redeclaration of enumerator 'STBI__F_up'
 4621 |  STBI__F_up = 2,
      |  ^~~~~~~~~~
In file included from /home/gek/Programming/3ds/templates/TinyGLDemo/source/include/api.h:38,
                 from /home/gek/Programming/3ds/templates/TinyGLDemo/source/main.c:14:
/home/gek/Programming/3ds/templates/TinyGLDemo/source/include/stb_image.h:4621:2: note: previous definition of 'STBI__F_up' was here
 4621 |  STBI__F_up = 2,
      |  ^~~~~~~~~~
In file included from /home/gek/Programming/3ds/templates/TinyGLDemo/source/include/api.h:38,
                 from /home/gek/Programming/3ds/templates/TinyGLDemo/source/include/gl_helpers.h:5,
                 from /home/gek/Programming/3ds/templates/TinyGLDemo/source/main.c:15:
/home/gek/Programming/3ds/templates/TinyGLDemo/source/include/stb_image.h:4622:2: error: redeclaration of enumerator 'STBI__F_avg'
 4622 |  STBI__F_avg = 3,
      |  ^~~~~~~~~~~
In file included from /home/gek/Programming/3ds/templates/TinyGLDemo/source/include/api.h:38,
                 from /home/gek/Programming/3ds/templates/TinyGLDemo/source/main.c:14:
/home/gek/Programming/3ds/templates/TinyGLDemo/source/include/stb_image.h:4622:2: note: previous definition of 'STBI__F_avg' was here
 4622 |  STBI__F_avg = 3,
      |  ^~~~~~~~~~~
In file included from /home/gek/Programming/3ds/templates/TinyGLDemo/source/include/api.h:38,
                 from /home/gek/Programming/3ds/templates/TinyGLDemo/source/include/gl_helpers.h:5,
                 from /home/gek/Programming/3ds/templates/TinyGLDemo/source/main.c:15:
/home/gek/Programming/3ds/templates/TinyGLDemo/source/include/stb_image.h:4623:2: error: redeclaration of enumerator 'STBI__F_paeth'
 4623 |  STBI__F_paeth = 4,
      |  ^~~~~~~~~~~~~
In file included from /home/gek/Programming/3ds/templates/TinyGLDemo/source/include/api.h:38,
                 from /home/gek/Programming/3ds/templates/TinyGLDemo/source/main.c:14:
/home/gek/Programming/3ds/templates/TinyGLDemo/source/include/stb_image.h:4623:2: note: previous definition of 'STBI__F_paeth' was here
 4623 |  STBI__F_paeth = 4,
      |  ^~~~~~~~~~~~~
In file included from /home/gek/Programming/3ds/templates/TinyGLDemo/source/include/api.h:38,
                 from /home/gek/Programming/3ds/templates/TinyGLDemo/source/include/gl_helpers.h:5,
                 from /home/gek/Programming/3ds/templates/TinyGLDemo/source/main.c:15:
/home/gek/Programming/3ds/templates/TinyGLDemo/source/include/stb_image.h:4626:2: error: redeclaration of enumerator 'STBI__F_avg_first'
 4626 |  STBI__F_avg_first,
      |  ^~~~~~~~~~~~~~~~~
In file included from /home/gek/Programming/3ds/templates/TinyGLDemo/source/include/api.h:38,
                 from /home/gek/Programming/3ds/templates/TinyGLDemo/source/main.c:14:
/home/gek/Programming/3ds/templates/TinyGLDemo/source/include/stb_image.h:4626:2: note: previous definition of 'STBI__F_avg_first' was here
 4626 |  STBI__F_avg_first,
      |  ^~~~~~~~~~~~~~~~~
In file included from /home/gek/Programming/3ds/templates/TinyGLDemo/source/include/api.h:38,
                 from /home/gek/Programming/3ds/templates/TinyGLDemo/source/include/gl_helpers.h:5,
                 from /home/gek/Programming/3ds/templates/TinyGLDemo/source/main.c:15:
/home/gek/Programming/3ds/templates/TinyGLDemo/source/include/stb_image.h:4627:2: error: redeclaration of enumerator 'STBI__F_paeth_first'
 4627 |  STBI__F_paeth_first
      |  ^~~~~~~~~~~~~~~~~~~
In file included from /home/gek/Programming/3ds/templates/TinyGLDemo/source/include/api.h:38,
                 from /home/gek/Programming/3ds/templates/TinyGLDemo/source/main.c:14:
/home/gek/Programming/3ds/templates/TinyGLDemo/source/include/stb_image.h:4627:2: note: previous definition of 'STBI__F_paeth_first' was here
 4627 |  STBI__F_paeth_first
      |  ^~~~~~~~~~~~~~~~~~~
In file included from /home/gek/Programming/3ds/templates/TinyGLDemo/source/include/api.h:38,
                 from /home/gek/Programming/3ds/templates/TinyGLDemo/source/include/gl_helpers.h:5,
                 from /home/gek/Programming/3ds/templates/TinyGLDemo/source/main.c:15:
/home/gek/Programming/3ds/templates/TinyGLDemo/source/include/stb_image.h:4630:16: error: redefinition of 'first_row_filter'
 4630 | static stbi_uc first_row_filter[5] = {STBI__F_none, STBI__F_sub, STBI__F_none, STBI__F_avg_first, STBI__F_paeth_first};
      |                ^~~~~~~~~~~~~~~~
In file included from /home/gek/Programming/3ds/templates/TinyGLDemo/source/include/api.h:38,
                 from /home/gek/Programming/3ds/templates/TinyGLDemo/source/main.c:14:
/home/gek/Programming/3ds/templates/TinyGLDemo/source/include/stb_image.h:4630:16: note: previous definition of 'first_row_filter' was here
 4630 | static stbi_uc first_row_filter[5] = {STBI__F_none, STBI__F_sub, STBI__F_none, STBI__F_avg_first, STBI__F_paeth_first};
      |                ^~~~~~~~~~~~~~~~
In file included from /home/gek/Programming/3ds/templates/TinyGLDemo/source/include/api.h:38,
                 from /home/gek/Programming/3ds/templates/TinyGLDemo/source/include/gl_helpers.h:5,
                 from /home/gek/Programming/3ds/templates/TinyGLDemo/source/main.c:15:
/home/gek/Programming/3ds/templates/TinyGLDemo/source/include/stb_image.h:4632:12: error: redefinition of 'stbi__paeth'
 4632 | static int stbi__paeth(int a, int b, int c) {
      |            ^~~~~~~~~~~
In file included from /home/gek/Programming/3ds/templates/TinyGLDemo/source/include/api.h:38,
                 from /home/gek/Programming/3ds/templates/TinyGLDemo/source/main.c:14:
/home/gek/Programming/3ds/templates/TinyGLDemo/source/include/stb_image.h:4632:12: note: previous definition of 'stbi__paeth' was here
 4632 | static int stbi__paeth(int a, int b, int c) {
      |            ^~~~~~~~~~~
In file included from /home/gek/Programming/3ds/templates/TinyGLDemo/source/include/api.h:38,
                 from /home/gek/Programming/3ds/templates/TinyGLDemo/source/include/gl_helpers.h:5,
                 from /home/gek/Programming/3ds/templates/TinyGLDemo/source/main.c:15:
/home/gek/Programming/3ds/templates/TinyGLDemo/source/include/stb_image.h:4644:22: error: redefinition of 'stbi__depth_scale_table'
 4644 | static const stbi_uc stbi__depth_scale_table[9] = {0, 0xff, 0x55, 0, 0x11, 0, 0, 0, 0x01};
      |                      ^~~~~~~~~~~~~~~~~~~~~~~
In file included from /home/gek/Programming/3ds/templates/TinyGLDemo/source/include/api.h:38,
                 from /home/gek/Programming/3ds/templates/TinyGLDemo/source/main.c:14:
/home/gek/Programming/3ds/templates/TinyGLDemo/source/include/stb_image.h:4644:22: note: previous definition of 'stbi__depth_scale_table' was here
 4644 | static const stbi_uc stbi__depth_scale_table[9] = {0, 0xff, 0x55, 0, 0x11, 0, 0, 0, 0x01};
      |                      ^~~~~~~~~~~~~~~~~~~~~~~
In file included from /home/gek/Programming/3ds/templates/TinyGLDemo/source/include/api.h:38,
                 from /home/gek/Programming/3ds/templates/TinyGLDemo/source/include/gl_helpers.h:5,
                 from /home/gek/Programming/3ds/templates/TinyGLDemo/source/main.c:15:
/home/gek/Programming/3ds/templates/TinyGLDemo/source/include/stb_image.h:4647:12: error: conflicting types for 'stbi__create_png_image_raw'
 4647 | static int stbi__create_png_image_raw(stbi__png* a, stbi_uc* raw, stbi__uint32 raw_len, int out_n, stbi__uint32 x, stbi__uint32 y, int depth, int color) {
      |            ^~~~~~~~~~~~~~~~~~~~~~~~~~
In file included from /home/gek/Programming/3ds/templates/TinyGLDemo/source/include/api.h:38,
                 from /home/gek/Programming/3ds/templates/TinyGLDemo/source/main.c:14:
/home/gek/Programming/3ds/templates/TinyGLDemo/source/include/stb_image.h:4647:12: note: previous definition of 'stbi__create_png_image_raw' was here
 4647 | static int stbi__create_png_image_raw(stbi__png* a, stbi_uc* raw, stbi__uint32 raw_len, int out_n, stbi__uint32 x, stbi__uint32 y, int depth, int color) {
      |            ^~~~~~~~~~~~~~~~~~~~~~~~~~
In file included from /home/gek/Programming/3ds/templates/TinyGLDemo/source/include/api.h:38,
                 from /home/gek/Programming/3ds/templates/TinyGLDemo/source/include/gl_helpers.h:5,
                 from /home/gek/Programming/3ds/templates/TinyGLDemo/source/main.c:15:
/home/gek/Programming/3ds/templates/TinyGLDemo/source/include/stb_image.h:4910:12: error: conflicting types for 'stbi__create_png_image'
 4910 | static int stbi__create_png_image(stbi__png* a, stbi_uc* image_data, stbi__uint32 image_data_len, int out_n, int depth, int color, int interlaced) {
      |            ^~~~~~~~~~~~~~~~~~~~~~
In file included from /home/gek/Programming/3ds/templates/TinyGLDemo/source/include/api.h:38,
                 from /home/gek/Programming/3ds/templates/TinyGLDemo/source/main.c:14:
/home/gek/Programming/3ds/templates/TinyGLDemo/source/include/stb_image.h:4910:12: note: previous definition of 'stbi__create_png_image' was here
 4910 | static int stbi__create_png_image(stbi__png* a, stbi_uc* image_data, stbi__uint32 image_data_len, int out_n, int depth, int color, int interlaced) {
      |            ^~~~~~~~~~~~~~~~~~~~~~
In file included from /home/gek/Programming/3ds/templates/TinyGLDemo/source/include/api.h:38,
                 from /home/gek/Programming/3ds/templates/TinyGLDemo/source/include/gl_helpers.h:5,
                 from /home/gek/Programming/3ds/templates/TinyGLDemo/source/main.c:15:
/home/gek/Programming/3ds/templates/TinyGLDemo/source/include/stb_image.h:4952:12: error: conflicting types for 'stbi__compute_transparency'
 4952 | static int stbi__compute_transparency(stbi__png* z, stbi_uc tc[3], int out_n) {
      |            ^~~~~~~~~~~~~~~~~~~~~~~~~~
In file included from /home/gek/Programming/3ds/templates/TinyGLDemo/source/include/api.h:38,
                 from /home/gek/Programming/3ds/templates/TinyGLDemo/source/main.c:14:
/home/gek/Programming/3ds/templates/TinyGLDemo/source/include/stb_image.h:4952:12: note: previous definition of 'stbi__compute_transparency' was here
 4952 | static int stbi__compute_transparency(stbi__png* z, stbi_uc tc[3], int out_n) {
      |            ^~~~~~~~~~~~~~~~~~~~~~~~~~
In file included from /home/gek/Programming/3ds/templates/TinyGLDemo/source/include/api.h:38,
                 from /home/gek/Programming/3ds/templates/TinyGLDemo/source/include/gl_helpers.h:5,
                 from /home/gek/Programming/3ds/templates/TinyGLDemo/source/main.c:15:
/home/gek/Programming/3ds/templates/TinyGLDemo/source/include/stb_image.h:4976:12: error: conflicting types for 'stbi__compute_transparency16'
 4976 | static int stbi__compute_transparency16(stbi__png* z, stbi__uint16 tc[3], int out_n) {
      |            ^~~~~~~~~~~~~~~~~~~~~~~~~~~~
In file included from /home/gek/Programming/3ds/templates/TinyGLDemo/source/include/api.h:38,
                 from /home/gek/Programming/3ds/templates/TinyGLDemo/source/main.c:14:
/home/gek/Programming/3ds/templates/TinyGLDemo/source/include/stb_image.h:4976:12: note: previous definition of 'stbi__compute_transparency16' was here
 4976 | static int stbi__compute_transparency16(stbi__png* z, stbi__uint16 tc[3], int out_n) {
      |            ^~~~~~~~~~~~~~~~~~~~~~~~~~~~
In file included from /home/gek/Programming/3ds/templates/TinyGLDemo/source/include/api.h:38,
                 from /home/gek/Programming/3ds/templates/TinyGLDemo/source/include/gl_helpers.h:5,
                 from /home/gek/Programming/3ds/templates/TinyGLDemo/source/main.c:15:
/home/gek/Programming/3ds/templates/TinyGLDemo/source/include/stb_image.h:5000:12: error: conflicting types for 'stbi__expand_png_palette'
 5000 | static int stbi__expand_png_palette(stbi__png* a, stbi_uc* palette, int len, int pal_img_n) {
      |            ^~~~~~~~~~~~~~~~~~~~~~~~
In file included from /home/gek/Programming/3ds/templates/TinyGLDemo/source/include/api.h:38,
                 from /home/gek/Programming/3ds/templates/TinyGLDemo/source/main.c:14:
/home/gek/Programming/3ds/templates/TinyGLDemo/source/include/stb_image.h:5000:12: note: previous definition of 'stbi__expand_png_palette' was here
 5000 | static int stbi__expand_png_palette(stbi__png* a, stbi_uc* palette, int len, int pal_img_n) {
      |            ^~~~~~~~~~~~~~~~~~~~~~~~
In file included from /home/gek/Programming/3ds/templates/TinyGLDemo/source/include/api.h:38,
                 from /home/gek/Programming/3ds/templates/TinyGLDemo/source/include/gl_helpers.h:5,
                 from /home/gek/Programming/3ds/templates/TinyGLDemo/source/main.c:15:
/home/gek/Programming/3ds/templates/TinyGLDemo/source/include/stb_image.h:5037:12: error: redefinition of 'stbi__unpremultiply_on_load'
 5037 | static int stbi__unpremultiply_on_load = 0;
      |            ^~~~~~~~~~~~~~~~~~~~~~~~~~~
In file included from /home/gek/Programming/3ds/templates/TinyGLDemo/source/include/api.h:38,
                 from /home/gek/Programming/3ds/templates/TinyGLDemo/source/main.c:14:
/home/gek/Programming/3ds/templates/TinyGLDemo/source/include/stb_image.h:5037:12: note: previous definition of 'stbi__unpremultiply_on_load' was here
 5037 | static int stbi__unpremultiply_on_load = 0;
      |            ^~~~~~~~~~~~~~~~~~~~~~~~~~~
In file included from /home/gek/Programming/3ds/templates/TinyGLDemo/source/include/api.h:38,
                 from /home/gek/Programming/3ds/templates/TinyGLDemo/source/include/gl_helpers.h:5,
                 from /home/gek/Programming/3ds/templates/TinyGLDemo/source/main.c:15:
/home/gek/Programming/3ds/templates/TinyGLDemo/source/include/stb_image.h:5038:12: error: redefinition of 'stbi__de_iphone_flag'
 5038 | static int stbi__de_iphone_flag = 0;
      |            ^~~~~~~~~~~~~~~~~~~~
In file included from /home/gek/Programming/3ds/templates/TinyGLDemo/source/include/api.h:38,
                 from /home/gek/Programming/3ds/templates/TinyGLDemo/source/main.c:14:
/home/gek/Programming/3ds/templates/TinyGLDemo/source/include/stb_image.h:5038:12: note: previous definition of 'stbi__de_iphone_flag' was here
 5038 | static int stbi__de_iphone_flag = 0;
      |            ^~~~~~~~~~~~~~~~~~~~
In file included from /home/gek/Programming/3ds/templates/TinyGLDemo/source/include/api.h:38,
                 from /home/gek/Programming/3ds/templates/TinyGLDemo/source/include/gl_helpers.h:5,
                 from /home/gek/Programming/3ds/templates/TinyGLDemo/source/main.c:15:
/home/gek/Programming/3ds/templates/TinyGLDemo/source/include/stb_image.h:5040:14: error: redefinition of 'stbi_set_unpremultiply_on_load'
 5040 | STBIDEF void stbi_set_unpremultiply_on_load(int flag_true_if_should_unpremultiply) { stbi__unpremultiply_on_load = flag_true_if_should_unpremultiply; }
      |              ^~~~~~~~~~~~~~~~~~~~~~~~~~~~~~
In file included from /home/gek/Programming/3ds/templates/TinyGLDemo/source/include/api.h:38,
                 from /home/gek/Programming/3ds/templates/TinyGLDemo/source/main.c:14:
/home/gek/Programming/3ds/templates/TinyGLDemo/source/include/stb_image.h:5040:14: note: previous definition of 'stbi_set_unpremultiply_on_load' was here
 5040 | STBIDEF void stbi_set_unpremultiply_on_load(int flag_true_if_should_unpremultiply) { stbi__unpremultiply_on_load = flag_true_if_should_unpremultiply; }
      |              ^~~~~~~~~~~~~~~~~~~~~~~~~~~~~~
In file included from /home/gek/Programming/3ds/templates/TinyGLDemo/source/include/api.h:38,
                 from /home/gek/Programming/3ds/templates/TinyGLDemo/source/include/gl_helpers.h:5,
                 from /home/gek/Programming/3ds/templates/TinyGLDemo/source/main.c:15:
/home/gek/Programming/3ds/templates/TinyGLDemo/source/include/stb_image.h:5042:14: error: redefinition of 'stbi_convert_iphone_png_to_rgb'
 5042 | STBIDEF void stbi_convert_iphone_png_to_rgb(int flag_true_if_should_convert) { stbi__de_iphone_flag = flag_true_if_should_convert; }
      |              ^~~~~~~~~~~~~~~~~~~~~~~~~~~~~~
In file included from /home/gek/Programming/3ds/templates/TinyGLDemo/source/include/api.h:38,
                 from /home/gek/Programming/3ds/templates/TinyGLDemo/source/main.c:14:
/home/gek/Programming/3ds/templates/TinyGLDemo/source/include/stb_image.h:5042:14: note: previous definition of 'stbi_convert_iphone_png_to_rgb' was here
 5042 | STBIDEF void stbi_convert_iphone_png_to_rgb(int flag_true_if_should_convert) { stbi__de_iphone_flag = flag_true_if_should_convert; }
      |              ^~~~~~~~~~~~~~~~~~~~~~~~~~~~~~
In file included from /home/gek/Programming/3ds/templates/TinyGLDemo/source/include/api.h:38,
                 from /home/gek/Programming/3ds/templates/TinyGLDemo/source/include/gl_helpers.h:5,
                 from /home/gek/Programming/3ds/templates/TinyGLDemo/source/main.c:15:
/home/gek/Programming/3ds/templates/TinyGLDemo/source/include/stb_image.h:5044:13: error: conflicting types for 'stbi__de_iphone'
 5044 | static void stbi__de_iphone(stbi__png* z) {
      |             ^~~~~~~~~~~~~~~
In file included from /home/gek/Programming/3ds/templates/TinyGLDemo/source/include/api.h:38,
                 from /home/gek/Programming/3ds/templates/TinyGLDemo/source/main.c:14:
/home/gek/Programming/3ds/templates/TinyGLDemo/source/include/stb_image.h:5044:13: note: previous definition of 'stbi__de_iphone' was here
 5044 | static void stbi__de_iphone(stbi__png* z) {
      |             ^~~~~~~~~~~~~~~
In file included from /home/gek/Programming/3ds/templates/TinyGLDemo/source/include/api.h:38,
                 from /home/gek/Programming/3ds/templates/TinyGLDemo/source/include/gl_helpers.h:5,
                 from /home/gek/Programming/3ds/templates/TinyGLDemo/source/main.c:15:
/home/gek/Programming/3ds/templates/TinyGLDemo/source/include/stb_image.h:5088:12: error: conflicting types for 'stbi__parse_png_file'
 5088 | static int stbi__parse_png_file(stbi__png* z, int scan, int req_comp) {
      |            ^~~~~~~~~~~~~~~~~~~~
In file included from /home/gek/Programming/3ds/templates/TinyGLDemo/source/include/api.h:38,
                 from /home/gek/Programming/3ds/templates/TinyGLDemo/source/main.c:14:
/home/gek/Programming/3ds/templates/TinyGLDemo/source/include/stb_image.h:5088:12: note: previous definition of 'stbi__parse_png_file' was here
 5088 | static int stbi__parse_png_file(stbi__png* z, int scan, int req_comp) {
      |            ^~~~~~~~~~~~~~~~~~~~
In file included from /home/gek/Programming/3ds/templates/TinyGLDemo/source/include/api.h:38,
                 from /home/gek/Programming/3ds/templates/TinyGLDemo/source/include/gl_helpers.h:5,
                 from /home/gek/Programming/3ds/templates/TinyGLDemo/source/main.c:15:
/home/gek/Programming/3ds/templates/TinyGLDemo/source/include/stb_image.h:5325:14: error: conflicting types for 'stbi__do_png'
 5325 | static void* stbi__do_png(stbi__png* p, int* x, int* y, int* n, int req_comp, stbi__result_info* ri) {
      |              ^~~~~~~~~~~~
In file included from /home/gek/Programming/3ds/templates/TinyGLDemo/source/include/api.h:38,
                 from /home/gek/Programming/3ds/templates/TinyGLDemo/source/main.c:14:
/home/gek/Programming/3ds/templates/TinyGLDemo/source/include/stb_image.h:5325:14: note: previous definition of 'stbi__do_png' was here
 5325 | static void* stbi__do_png(stbi__png* p, int* x, int* y, int* n, int req_comp, stbi__result_info* ri) {
      |              ^~~~~~~~~~~~
In file included from /home/gek/Programming/3ds/templates/TinyGLDemo/source/include/api.h:38,
                 from /home/gek/Programming/3ds/templates/TinyGLDemo/source/include/gl_helpers.h:5,
                 from /home/gek/Programming/3ds/templates/TinyGLDemo/source/main.c:15:
/home/gek/Programming/3ds/templates/TinyGLDemo/source/include/stb_image.h:5373:12: error: conflicting types for 'stbi__png_info_raw'
 5373 | static int stbi__png_info_raw(stbi__png* p, int* x, int* y, int* comp) {
      |            ^~~~~~~~~~~~~~~~~~
In file included from /home/gek/Programming/3ds/templates/TinyGLDemo/source/include/api.h:38,
                 from /home/gek/Programming/3ds/templates/TinyGLDemo/source/main.c:14:
/home/gek/Programming/3ds/templates/TinyGLDemo/source/include/stb_image.h:5373:12: note: previous definition of 'stbi__png_info_raw' was here
 5373 | static int stbi__png_info_raw(stbi__png* p, int* x, int* y, int* comp) {
      |            ^~~~~~~~~~~~~~~~~~
In file included from /home/gek/Programming/3ds/templates/TinyGLDemo/source/include/api.h:38,
                 from /home/gek/Programming/3ds/templates/TinyGLDemo/source/include/gl_helpers.h:5,
                 from /home/gek/Programming/3ds/templates/TinyGLDemo/source/main.c:15:
/home/gek/Programming/3ds/templates/TinyGLDemo/source/include/stb_image.h:5409:12: error: conflicting types for 'stbi__bmp_test_raw'
 5409 | static int stbi__bmp_test_raw(stbi__context* s) {
      |            ^~~~~~~~~~~~~~~~~~
In file included from /home/gek/Programming/3ds/templates/TinyGLDemo/source/include/api.h:38,
                 from /home/gek/Programming/3ds/templates/TinyGLDemo/source/main.c:14:
/home/gek/Programming/3ds/templates/TinyGLDemo/source/include/stb_image.h:5409:12: note: previous definition of 'stbi__bmp_test_raw' was here
 5409 | static int stbi__bmp_test_raw(stbi__context* s) {
      |            ^~~~~~~~~~~~~~~~~~
In file included from /home/gek/Programming/3ds/templates/TinyGLDemo/source/include/api.h:38,
                 from /home/gek/Programming/3ds/templates/TinyGLDemo/source/include/gl_helpers.h:5,
                 from /home/gek/Programming/3ds/templates/TinyGLDemo/source/main.c:15:
/home/gek/Programming/3ds/templates/TinyGLDemo/source/include/stb_image.h:5432:12: error: redefinition of 'stbi__high_bit'
 5432 | static int stbi__high_bit(unsigned int z) {
      |            ^~~~~~~~~~~~~~
In file included from /home/gek/Programming/3ds/templates/TinyGLDemo/source/include/api.h:38,
                 from /home/gek/Programming/3ds/templates/TinyGLDemo/source/main.c:14:
/home/gek/Programming/3ds/templates/TinyGLDemo/source/include/stb_image.h:5432:12: note: previous definition of 'stbi__high_bit' was here
 5432 | static int stbi__high_bit(unsigned int z) {
      |            ^~~~~~~~~~~~~~
In file included from /home/gek/Programming/3ds/templates/TinyGLDemo/source/include/api.h:38,
                 from /home/gek/Programming/3ds/templates/TinyGLDemo/source/include/gl_helpers.h:5,
                 from /home/gek/Programming/3ds/templates/TinyGLDemo/source/main.c:15:
/home/gek/Programming/3ds/templates/TinyGLDemo/source/include/stb_image.h:5458:12: error: redefinition of 'stbi__bitcount'
 5458 | static int stbi__bitcount(unsigned int a) {
      |            ^~~~~~~~~~~~~~
In file included from /home/gek/Programming/3ds/templates/TinyGLDemo/source/include/api.h:38,
                 from /home/gek/Programming/3ds/templates/TinyGLDemo/source/main.c:14:
/home/gek/Programming/3ds/templates/TinyGLDemo/source/include/stb_image.h:5458:12: note: previous definition of 'stbi__bitcount' was here
 5458 | static int stbi__bitcount(unsigned int a) {
      |            ^~~~~~~~~~~~~~
In file included from /home/gek/Programming/3ds/templates/TinyGLDemo/source/include/api.h:38,
                 from /home/gek/Programming/3ds/templates/TinyGLDemo/source/include/gl_helpers.h:5,
                 from /home/gek/Programming/3ds/templates/TinyGLDemo/source/main.c:15:
/home/gek/Programming/3ds/templates/TinyGLDemo/source/include/stb_image.h:5470:12: error: redefinition of 'stbi__shiftsigned'
 5470 | static int stbi__shiftsigned(unsigned int v, int shift, int bits) {
      |            ^~~~~~~~~~~~~~~~~
In file included from /home/gek/Programming/3ds/templates/TinyGLDemo/source/include/api.h:38,
                 from /home/gek/Programming/3ds/templates/TinyGLDemo/source/main.c:14:
/home/gek/Programming/3ds/templates/TinyGLDemo/source/include/stb_image.h:5470:12: note: previous definition of 'stbi__shiftsigned' was here
 5470 | static int stbi__shiftsigned(unsigned int v, int shift, int bits) {
      |            ^~~~~~~~~~~~~~~~~
In file included from /home/gek/Programming/3ds/templates/TinyGLDemo/source/include/api.h:38,
                 from /home/gek/Programming/3ds/templates/TinyGLDemo/source/include/gl_helpers.h:5,
                 from /home/gek/Programming/3ds/templates/TinyGLDemo/source/main.c:15:
/home/gek/Programming/3ds/templates/TinyGLDemo/source/include/stb_image.h:5499:3: error: conflicting types for 'stbi__bmp_data'
 5499 | } stbi__bmp_data;
      |   ^~~~~~~~~~~~~~
In file included from /home/gek/Programming/3ds/templates/TinyGLDemo/source/include/api.h:38,
                 from /home/gek/Programming/3ds/templates/TinyGLDemo/source/main.c:14:
/home/gek/Programming/3ds/templates/TinyGLDemo/source/include/stb_image.h:5499:3: note: previous declaration of 'stbi__bmp_data' was here
 5499 | } stbi__bmp_data;
      |   ^~~~~~~~~~~~~~
In file included from /home/gek/Programming/3ds/templates/TinyGLDemo/source/include/api.h:38,
                 from /home/gek/Programming/3ds/templates/TinyGLDemo/source/include/gl_helpers.h:5,
                 from /home/gek/Programming/3ds/templates/TinyGLDemo/source/main.c:15:
/home/gek/Programming/3ds/templates/TinyGLDemo/source/include/stb_image.h:5501:14: error: conflicting types for 'stbi__bmp_parse_header'
 5501 | static void* stbi__bmp_parse_header(stbi__context* s, stbi__bmp_data* info) {
      |              ^~~~~~~~~~~~~~~~~~~~~~
In file included from /home/gek/Programming/3ds/templates/TinyGLDemo/source/include/api.h:38,
                 from /home/gek/Programming/3ds/templates/TinyGLDemo/source/main.c:14:
/home/gek/Programming/3ds/templates/TinyGLDemo/source/include/stb_image.h:5501:14: note: previous definition of 'stbi__bmp_parse_header' was here
 5501 | static void* stbi__bmp_parse_header(stbi__context* s, stbi__bmp_data* info) {
      |              ^~~~~~~~~~~~~~~~~~~~~~
In file included from /home/gek/Programming/3ds/templates/TinyGLDemo/source/include/api.h:38,
                 from /home/gek/Programming/3ds/templates/TinyGLDemo/source/include/gl_helpers.h:5,
                 from /home/gek/Programming/3ds/templates/TinyGLDemo/source/main.c:15:
/home/gek/Programming/3ds/templates/TinyGLDemo/source/include/stb_image.h:5810:12: error: redefinition of 'stbi__tga_get_comp'
 5810 | static int stbi__tga_get_comp(int bits_per_pixel, int is_grey, int* is_rgb16) {
      |            ^~~~~~~~~~~~~~~~~~
In file included from /home/gek/Programming/3ds/templates/TinyGLDemo/source/include/api.h:38,
                 from /home/gek/Programming/3ds/templates/TinyGLDemo/source/main.c:14:
/home/gek/Programming/3ds/templates/TinyGLDemo/source/include/stb_image.h:5810:12: note: previous definition of 'stbi__tga_get_comp' was here
 5810 | static int stbi__tga_get_comp(int bits_per_pixel, int is_grey, int* is_rgb16) {
      |            ^~~~~~~~~~~~~~~~~~
In file included from /home/gek/Programming/3ds/templates/TinyGLDemo/source/include/api.h:38,
                 from /home/gek/Programming/3ds/templates/TinyGLDemo/source/include/gl_helpers.h:5,
                 from /home/gek/Programming/3ds/templates/TinyGLDemo/source/main.c:15:
/home/gek/Programming/3ds/templates/TinyGLDemo/source/include/stb_image.h:5942:13: error: conflicting types for 'stbi__tga_read_rgb16'
 5942 | static void stbi__tga_read_rgb16(stbi__context* s, stbi_uc* out) {
      |             ^~~~~~~~~~~~~~~~~~~~
In file included from /home/gek/Programming/3ds/templates/TinyGLDemo/source/include/api.h:38,
                 from /home/gek/Programming/3ds/templates/TinyGLDemo/source/main.c:14:
/home/gek/Programming/3ds/templates/TinyGLDemo/source/include/stb_image.h:5942:13: note: previous definition of 'stbi__tga_read_rgb16' was here
 5942 | static void stbi__tga_read_rgb16(stbi__context* s, stbi_uc* out) {
      |             ^~~~~~~~~~~~~~~~~~~~
In file included from /home/gek/Programming/3ds/templates/TinyGLDemo/source/include/api.h:38,
                 from /home/gek/Programming/3ds/templates/TinyGLDemo/source/include/gl_helpers.h:5,
                 from /home/gek/Programming/3ds/templates/TinyGLDemo/source/main.c:15:
/home/gek/Programming/3ds/templates/TinyGLDemo/source/include/stb_image.h:6159:12: error: conflicting types for 'stbi__psd_decode_rle'
 6159 | static int stbi__psd_decode_rle(stbi__context* s, stbi_uc* p, int pixelCount) {
      |            ^~~~~~~~~~~~~~~~~~~~
In file included from /home/gek/Programming/3ds/templates/TinyGLDemo/source/include/api.h:38,
                 from /home/gek/Programming/3ds/templates/TinyGLDemo/source/main.c:14:
/home/gek/Programming/3ds/templates/TinyGLDemo/source/include/stb_image.h:6159:12: note: previous definition of 'stbi__psd_decode_rle' was here
 6159 | static int stbi__psd_decode_rle(stbi__context* s, stbi_uc* p, int pixelCount) {
      |            ^~~~~~~~~~~~~~~~~~~~
In file included from /home/gek/Programming/3ds/templates/TinyGLDemo/source/include/api.h:38,
                 from /home/gek/Programming/3ds/templates/TinyGLDemo/source/include/gl_helpers.h:5,
                 from /home/gek/Programming/3ds/templates/TinyGLDemo/source/main.c:15:
/home/gek/Programming/3ds/templates/TinyGLDemo/source/include/stb_image.h:6409:12: error: conflicting types for 'stbi__pic_is4'
 6409 | static int stbi__pic_is4(stbi__context* s, const char* str) {
      |            ^~~~~~~~~~~~~
In file included from /home/gek/Programming/3ds/templates/TinyGLDemo/source/include/api.h:38,
                 from /home/gek/Programming/3ds/templates/TinyGLDemo/source/main.c:14:
/home/gek/Programming/3ds/templates/TinyGLDemo/source/include/stb_image.h:6409:12: note: previous definition of 'stbi__pic_is4' was here
 6409 | static int stbi__pic_is4(stbi__context* s, const char* str) {
      |            ^~~~~~~~~~~~~
In file included from /home/gek/Programming/3ds/templates/TinyGLDemo/source/include/api.h:38,
                 from /home/gek/Programming/3ds/templates/TinyGLDemo/source/include/gl_helpers.h:5,
                 from /home/gek/Programming/3ds/templates/TinyGLDemo/source/main.c:15:
/home/gek/Programming/3ds/templates/TinyGLDemo/source/include/stb_image.h:6418:12: error: conflicting types for 'stbi__pic_test_core'
 6418 | static int stbi__pic_test_core(stbi__context* s) {
      |            ^~~~~~~~~~~~~~~~~~~
In file included from /home/gek/Programming/3ds/templates/TinyGLDemo/source/include/api.h:38,
                 from /home/gek/Programming/3ds/templates/TinyGLDemo/source/main.c:14:
/home/gek/Programming/3ds/templates/TinyGLDemo/source/include/stb_image.h:6418:12: note: previous definition of 'stbi__pic_test_core' was here
 6418 | static int stbi__pic_test_core(stbi__context* s) {
      |            ^~~~~~~~~~~~~~~~~~~
In file included from /home/gek/Programming/3ds/templates/TinyGLDemo/source/include/api.h:38,
                 from /home/gek/Programming/3ds/templates/TinyGLDemo/source/include/gl_helpers.h:5,
                 from /home/gek/Programming/3ds/templates/TinyGLDemo/source/main.c:15:
/home/gek/Programming/3ds/templates/TinyGLDemo/source/include/stb_image.h:6435:3: error: conflicting types for 'stbi__pic_packet'
 6435 | } stbi__pic_packet;
      |   ^~~~~~~~~~~~~~~~
In file included from /home/gek/Programming/3ds/templates/TinyGLDemo/source/include/api.h:38,
                 from /home/gek/Programming/3ds/templates/TinyGLDemo/source/main.c:14:
/home/gek/Programming/3ds/templates/TinyGLDemo/source/include/stb_image.h:6435:3: note: previous declaration of 'stbi__pic_packet' was here
 6435 | } stbi__pic_packet;
      |   ^~~~~~~~~~~~~~~~
In file included from /home/gek/Programming/3ds/templates/TinyGLDemo/source/include/api.h:38,
                 from /home/gek/Programming/3ds/templates/TinyGLDemo/source/include/gl_helpers.h:5,
                 from /home/gek/Programming/3ds/templates/TinyGLDemo/source/main.c:15:
/home/gek/Programming/3ds/templates/TinyGLDemo/source/include/stb_image.h:6437:17: error: conflicting types for 'stbi__readval'
 6437 | static stbi_uc* stbi__readval(stbi__context* s, int channel, stbi_uc* dest) {
      |                 ^~~~~~~~~~~~~
In file included from /home/gek/Programming/3ds/templates/TinyGLDemo/source/include/api.h:38,
                 from /home/gek/Programming/3ds/templates/TinyGLDemo/source/main.c:14:
/home/gek/Programming/3ds/templates/TinyGLDemo/source/include/stb_image.h:6437:17: note: previous definition of 'stbi__readval' was here
 6437 | static stbi_uc* stbi__readval(stbi__context* s, int channel, stbi_uc* dest) {
      |                 ^~~~~~~~~~~~~
In file included from /home/gek/Programming/3ds/templates/TinyGLDemo/source/include/api.h:38,
                 from /home/gek/Programming/3ds/templates/TinyGLDemo/source/include/gl_helpers.h:5,
                 from /home/gek/Programming/3ds/templates/TinyGLDemo/source/main.c:15:
/home/gek/Programming/3ds/templates/TinyGLDemo/source/include/stb_image.h:6451:13: error: redefinition of 'stbi__copyval'
 6451 | static void stbi__copyval(int channel, stbi_uc* dest, const stbi_uc* src) {
      |             ^~~~~~~~~~~~~
In file included from /home/gek/Programming/3ds/templates/TinyGLDemo/source/include/api.h:38,
                 from /home/gek/Programming/3ds/templates/TinyGLDemo/source/main.c:14:
/home/gek/Programming/3ds/templates/TinyGLDemo/source/include/stb_image.h:6451:13: note: previous definition of 'stbi__copyval' was here
 6451 | static void stbi__copyval(int channel, stbi_uc* dest, const stbi_uc* src) {
      |             ^~~~~~~~~~~~~
In file included from /home/gek/Programming/3ds/templates/TinyGLDemo/source/include/api.h:38,
                 from /home/gek/Programming/3ds/templates/TinyGLDemo/source/include/gl_helpers.h:5,
                 from /home/gek/Programming/3ds/templates/TinyGLDemo/source/main.c:15:
/home/gek/Programming/3ds/templates/TinyGLDemo/source/include/stb_image.h:6459:17: error: conflicting types for 'stbi__pic_load_core'
 6459 | static stbi_uc* stbi__pic_load_core(stbi__context* s, int width, int height, int* comp, stbi_uc* result) {
      |                 ^~~~~~~~~~~~~~~~~~~
In file included from /home/gek/Programming/3ds/templates/TinyGLDemo/source/include/api.h:38,
                 from /home/gek/Programming/3ds/templates/TinyGLDemo/source/main.c:14:
/home/gek/Programming/3ds/templates/TinyGLDemo/source/include/stb_image.h:6459:17: note: previous definition of 'stbi__pic_load_core' was here
 6459 | static stbi_uc* stbi__pic_load_core(stbi__context* s, int width, int height, int* comp, stbi_uc* result) {
      |                 ^~~~~~~~~~~~~~~~~~~
In file included from /home/gek/Programming/3ds/templates/TinyGLDemo/source/include/api.h:38,
                 from /home/gek/Programming/3ds/templates/TinyGLDemo/source/include/gl_helpers.h:5,
                 from /home/gek/Programming/3ds/templates/TinyGLDemo/source/main.c:15:
/home/gek/Programming/3ds/templates/TinyGLDemo/source/include/stb_image.h:6627:3: error: conflicting types for 'stbi__gif_lzw'
 6627 | } stbi__gif_lzw;
      |   ^~~~~~~~~~~~~
In file included from /home/gek/Programming/3ds/templates/TinyGLDemo/source/include/api.h:38,
                 from /home/gek/Programming/3ds/templates/TinyGLDemo/source/main.c:14:
/home/gek/Programming/3ds/templates/TinyGLDemo/source/include/stb_image.h:6627:3: note: previous declaration of 'stbi__gif_lzw' was here
 6627 | } stbi__gif_lzw;
      |   ^~~~~~~~~~~~~
In file included from /home/gek/Programming/3ds/templates/TinyGLDemo/source/include/api.h:38,
                 from /home/gek/Programming/3ds/templates/TinyGLDemo/source/include/gl_helpers.h:5,
                 from /home/gek/Programming/3ds/templates/TinyGLDemo/source/main.c:15:
/home/gek/Programming/3ds/templates/TinyGLDemo/source/include/stb_image.h:6646:3: error: conflicting types for 'stbi__gif'
 6646 | } stbi__gif;
      |   ^~~~~~~~~
In file included from /home/gek/Programming/3ds/templates/TinyGLDemo/source/include/api.h:38,
                 from /home/gek/Programming/3ds/templates/TinyGLDemo/source/main.c:14:
/home/gek/Programming/3ds/templates/TinyGLDemo/source/include/stb_image.h:6646:3: note: previous declaration of 'stbi__gif' was here
 6646 | } stbi__gif;
      |   ^~~~~~~~~
In file included from /home/gek/Programming/3ds/templates/TinyGLDemo/source/include/api.h:38,
                 from /home/gek/Programming/3ds/templates/TinyGLDemo/source/include/gl_helpers.h:5,
                 from /home/gek/Programming/3ds/templates/TinyGLDemo/source/main.c:15:
/home/gek/Programming/3ds/templates/TinyGLDemo/source/include/stb_image.h:6648:12: error: conflicting types for 'stbi__gif_test_raw'
 6648 | static int stbi__gif_test_raw(stbi__context* s) {
      |            ^~~~~~~~~~~~~~~~~~
In file included from /home/gek/Programming/3ds/templates/TinyGLDemo/source/include/api.h:38,
                 from /home/gek/Programming/3ds/templates/TinyGLDemo/source/main.c:14:
/home/gek/Programming/3ds/templates/TinyGLDemo/source/include/stb_image.h:6648:12: note: previous definition of 'stbi__gif_test_raw' was here
 6648 | static int stbi__gif_test_raw(stbi__context* s) {
      |            ^~~~~~~~~~~~~~~~~~
In file included from /home/gek/Programming/3ds/templates/TinyGLDemo/source/include/api.h:38,
                 from /home/gek/Programming/3ds/templates/TinyGLDemo/source/include/gl_helpers.h:5,
                 from /home/gek/Programming/3ds/templates/TinyGLDemo/source/main.c:15:
/home/gek/Programming/3ds/templates/TinyGLDemo/source/include/stb_image.h:6666:13: error: conflicting types for 'stbi__gif_parse_colortable'
 6666 | static void stbi__gif_parse_colortable(stbi__context* s, stbi_uc pal[256][4], int num_entries, int transp) {
      |             ^~~~~~~~~~~~~~~~~~~~~~~~~~
In file included from /home/gek/Programming/3ds/templates/TinyGLDemo/source/include/api.h:38,
                 from /home/gek/Programming/3ds/templates/TinyGLDemo/source/main.c:14:
/home/gek/Programming/3ds/templates/TinyGLDemo/source/include/stb_image.h:6666:13: note: previous definition of 'stbi__gif_parse_colortable' was here
 6666 | static void stbi__gif_parse_colortable(stbi__context* s, stbi_uc pal[256][4], int num_entries, int transp) {
      |             ^~~~~~~~~~~~~~~~~~~~~~~~~~
In file included from /home/gek/Programming/3ds/templates/TinyGLDemo/source/include/api.h:38,
                 from /home/gek/Programming/3ds/templates/TinyGLDemo/source/include/gl_helpers.h:5,
                 from /home/gek/Programming/3ds/templates/TinyGLDemo/source/main.c:15:
/home/gek/Programming/3ds/templates/TinyGLDemo/source/include/stb_image.h:6676:12: error: conflicting types for 'stbi__gif_header'
 6676 | static int stbi__gif_header(stbi__context* s, stbi__gif* g, int* comp, int is_info) {
      |            ^~~~~~~~~~~~~~~~
In file included from /home/gek/Programming/3ds/templates/TinyGLDemo/source/include/api.h:38,
                 from /home/gek/Programming/3ds/templates/TinyGLDemo/source/main.c:14:
/home/gek/Programming/3ds/templates/TinyGLDemo/source/include/stb_image.h:6676:12: note: previous definition of 'stbi__gif_header' was here
 6676 | static int stbi__gif_header(stbi__context* s, stbi__gif* g, int* comp, int is_info) {
      |            ^~~~~~~~~~~~~~~~
In file included from /home/gek/Programming/3ds/templates/TinyGLDemo/source/include/api.h:38,
                 from /home/gek/Programming/3ds/templates/TinyGLDemo/source/include/gl_helpers.h:5,
                 from /home/gek/Programming/3ds/templates/TinyGLDemo/source/main.c:15:
/home/gek/Programming/3ds/templates/TinyGLDemo/source/include/stb_image.h:6708:12: error: conflicting types for 'stbi__gif_info_raw'
 6708 | static int stbi__gif_info_raw(stbi__context* s, int* x, int* y, int* comp) {
      |            ^~~~~~~~~~~~~~~~~~
In file included from /home/gek/Programming/3ds/templates/TinyGLDemo/source/include/api.h:38,
                 from /home/gek/Programming/3ds/templates/TinyGLDemo/source/main.c:14:
/home/gek/Programming/3ds/templates/TinyGLDemo/source/include/stb_image.h:6708:12: note: previous definition of 'stbi__gif_info_raw' was here
 6708 | static int stbi__gif_info_raw(stbi__context* s, int* x, int* y, int* comp) {
      |            ^~~~~~~~~~~~~~~~~~
In file included from /home/gek/Programming/3ds/templates/TinyGLDemo/source/include/api.h:38,
                 from /home/gek/Programming/3ds/templates/TinyGLDemo/source/include/gl_helpers.h:5,
                 from /home/gek/Programming/3ds/templates/TinyGLDemo/source/main.c:15:
/home/gek/Programming/3ds/templates/TinyGLDemo/source/include/stb_image.h:6723:13: error: conflicting types for 'stbi__out_gif_code'
 6723 | static void stbi__out_gif_code(stbi__gif* g, stbi__uint16 code) {
      |             ^~~~~~~~~~~~~~~~~~
In file included from /home/gek/Programming/3ds/templates/TinyGLDemo/source/include/api.h:38,
                 from /home/gek/Programming/3ds/templates/TinyGLDemo/source/main.c:14:
/home/gek/Programming/3ds/templates/TinyGLDemo/source/include/stb_image.h:6723:13: note: previous definition of 'stbi__out_gif_code' was here
 6723 | static void stbi__out_gif_code(stbi__gif* g, stbi__uint16 code) {
      |             ^~~~~~~~~~~~~~~~~~
In file included from /home/gek/Programming/3ds/templates/TinyGLDemo/source/include/api.h:38,
                 from /home/gek/Programming/3ds/templates/TinyGLDemo/source/include/gl_helpers.h:5,
                 from /home/gek/Programming/3ds/templates/TinyGLDemo/source/main.c:15:
/home/gek/Programming/3ds/templates/TinyGLDemo/source/include/stb_image.h:6760:17: error: conflicting types for 'stbi__process_gif_raster'
 6760 | static stbi_uc* stbi__process_gif_raster(stbi__context* s, stbi__gif* g) {
      |                 ^~~~~~~~~~~~~~~~~~~~~~~~
In file included from /home/gek/Programming/3ds/templates/TinyGLDemo/source/include/api.h:38,
                 from /home/gek/Programming/3ds/templates/TinyGLDemo/source/main.c:14:
/home/gek/Programming/3ds/templates/TinyGLDemo/source/include/stb_image.h:6760:17: note: previous definition of 'stbi__process_gif_raster' was here
 6760 | static stbi_uc* stbi__process_gif_raster(stbi__context* s, stbi__gif* g) {
      |                 ^~~~~~~~~~~~~~~~~~~~~~~~
In file included from /home/gek/Programming/3ds/templates/TinyGLDemo/source/include/api.h:38,
                 from /home/gek/Programming/3ds/templates/TinyGLDemo/source/include/gl_helpers.h:5,
                 from /home/gek/Programming/3ds/templates/TinyGLDemo/source/main.c:15:
/home/gek/Programming/3ds/templates/TinyGLDemo/source/include/stb_image.h:6849:17: error: conflicting types for 'stbi__gif_load_next'
 6849 | static stbi_uc* stbi__gif_load_next(stbi__context* s, stbi__gif* g, int* comp, int req_comp, stbi_uc* two_back) {
      |                 ^~~~~~~~~~~~~~~~~~~
In file included from /home/gek/Programming/3ds/templates/TinyGLDemo/source/include/api.h:38,
                 from /home/gek/Programming/3ds/templates/TinyGLDemo/source/main.c:14:
/home/gek/Programming/3ds/templates/TinyGLDemo/source/include/stb_image.h:6849:17: note: previous definition of 'stbi__gif_load_next' was here
 6849 | static stbi_uc* stbi__gif_load_next(stbi__context* s, stbi__gif* g, int* comp, int req_comp, stbi_uc* two_back) {
      |                 ^~~~~~~~~~~~~~~~~~~
In file included from /home/gek/Programming/3ds/templates/TinyGLDemo/source/include/api.h:38,
                 from /home/gek/Programming/3ds/templates/TinyGLDemo/source/include/gl_helpers.h:5,
                 from /home/gek/Programming/3ds/templates/TinyGLDemo/source/main.c:15:
/home/gek/Programming/3ds/templates/TinyGLDemo/source/include/stb_image.h:7140:12: error: conflicting types for 'stbi__hdr_test_core'
 7140 | static int stbi__hdr_test_core(stbi__context* s, const char* signature) {
      |            ^~~~~~~~~~~~~~~~~~~
In file included from /home/gek/Programming/3ds/templates/TinyGLDemo/source/include/api.h:38,
                 from /home/gek/Programming/3ds/templates/TinyGLDemo/source/main.c:14:
/home/gek/Programming/3ds/templates/TinyGLDemo/source/include/stb_image.h:7140:12: note: previous definition of 'stbi__hdr_test_core' was here
 7140 | static int stbi__hdr_test_core(stbi__context* s, const char* signature) {
      |            ^~~~~~~~~~~~~~~~~~~
In file included from /home/gek/Programming/3ds/templates/TinyGLDemo/source/include/api.h:38,
                 from /home/gek/Programming/3ds/templates/TinyGLDemo/source/include/gl_helpers.h:5,
                 from /home/gek/Programming/3ds/templates/TinyGLDemo/source/main.c:15:
/home/gek/Programming/3ds/templates/TinyGLDemo/source/include/stb_image.h:7160:14: error: conflicting types for 'stbi__hdr_gettoken'
 7160 | static char* stbi__hdr_gettoken(stbi__context* z, char* buffer) {
      |              ^~~~~~~~~~~~~~~~~~
In file included from /home/gek/Programming/3ds/templates/TinyGLDemo/source/include/api.h:38,
                 from /home/gek/Programming/3ds/templates/TinyGLDemo/source/main.c:14:
/home/gek/Programming/3ds/templates/TinyGLDemo/source/include/stb_image.h:7160:14: note: previous definition of 'stbi__hdr_gettoken' was here
 7160 | static char* stbi__hdr_gettoken(stbi__context* z, char* buffer) {
      |              ^~~~~~~~~~~~~~~~~~
In file included from /home/gek/Programming/3ds/templates/TinyGLDemo/source/include/api.h:38,
                 from /home/gek/Programming/3ds/templates/TinyGLDemo/source/include/gl_helpers.h:5,
                 from /home/gek/Programming/3ds/templates/TinyGLDemo/source/main.c:15:
/home/gek/Programming/3ds/templates/TinyGLDemo/source/include/stb_image.h:7181:13: error: redefinition of 'stbi__hdr_convert'
 7181 | static void stbi__hdr_convert(float* output, stbi_uc* input, int req_comp) {
      |             ^~~~~~~~~~~~~~~~~
In file included from /home/gek/Programming/3ds/templates/TinyGLDemo/source/include/api.h:38,
                 from /home/gek/Programming/3ds/templates/TinyGLDemo/source/main.c:14:
/home/gek/Programming/3ds/templates/TinyGLDemo/source/include/stb_image.h:7181:13: note: previous definition of 'stbi__hdr_convert' was here
 7181 | static void stbi__hdr_convert(float* output, stbi_uc* input, int req_comp) {
      |             ^~~~~~~~~~~~~~~~~
In file included from /home/gek/Programming/3ds/templates/TinyGLDemo/source/include/api.h:38,
                 from /home/gek/Programming/3ds/templates/TinyGLDemo/source/include/gl_helpers.h:5,
                 from /home/gek/Programming/3ds/templates/TinyGLDemo/source/main.c:15:
/home/gek/Programming/3ds/templates/TinyGLDemo/source/include/stb_image.h:7615:12: error: redefinition of 'stbi__pnm_isspace'
 7615 | static int stbi__pnm_isspace(char c) { return c == ' ' || c == '\t' || c == '\n' || c == '\v' || c == '\f' || c == '\r'; }
      |            ^~~~~~~~~~~~~~~~~
In file included from /home/gek/Programming/3ds/templates/TinyGLDemo/source/include/api.h:38,
                 from /home/gek/Programming/3ds/templates/TinyGLDemo/source/main.c:14:
/home/gek/Programming/3ds/templates/TinyGLDemo/source/include/stb_image.h:7615:12: note: previous definition of 'stbi__pnm_isspace' was here
 7615 | static int stbi__pnm_isspace(char c) { return c == ' ' || c == '\t' || c == '\n' || c == '\v' || c == '\f' || c == '\r'; }
      |            ^~~~~~~~~~~~~~~~~
In file included from /home/gek/Programming/3ds/templates/TinyGLDemo/source/include/api.h:38,
                 from /home/gek/Programming/3ds/templates/TinyGLDemo/source/include/gl_helpers.h:5,
                 from /home/gek/Programming/3ds/templates/TinyGLDemo/source/main.c:15:
/home/gek/Programming/3ds/templates/TinyGLDemo/source/include/stb_image.h:7617:13: error: conflicting types for 'stbi__pnm_skip_whitespace'
 7617 | static void stbi__pnm_skip_whitespace(stbi__context* s, char* c) {
      |             ^~~~~~~~~~~~~~~~~~~~~~~~~
In file included from /home/gek/Programming/3ds/templates/TinyGLDemo/source/include/api.h:38,
                 from /home/gek/Programming/3ds/templates/TinyGLDemo/source/main.c:14:
/home/gek/Programming/3ds/templates/TinyGLDemo/source/include/stb_image.h:7617:13: note: previous definition of 'stbi__pnm_skip_whitespace' was here
 7617 | static void stbi__pnm_skip_whitespace(stbi__context* s, char* c) {
      |             ^~~~~~~~~~~~~~~~~~~~~~~~~
In file included from /home/gek/Programming/3ds/templates/TinyGLDemo/source/include/api.h:38,
                 from /home/gek/Programming/3ds/templates/TinyGLDemo/source/include/gl_helpers.h:5,
                 from /home/gek/Programming/3ds/templates/TinyGLDemo/source/main.c:15:
/home/gek/Programming/3ds/templates/TinyGLDemo/source/include/stb_image.h:7630:12: error: redefinition of 'stbi__pnm_isdigit'
 7630 | static int stbi__pnm_isdigit(char c) { return c >= '0' && c <= '9'; }
      |            ^~~~~~~~~~~~~~~~~
In file included from /home/gek/Programming/3ds/templates/TinyGLDemo/source/include/api.h:38,
                 from /home/gek/Programming/3ds/templates/TinyGLDemo/source/main.c:14:
/home/gek/Programming/3ds/templates/TinyGLDemo/source/include/stb_image.h:7630:12: note: previous definition of 'stbi__pnm_isdigit' was here
 7630 | static int stbi__pnm_isdigit(char c) { return c >= '0' && c <= '9'; }
      |            ^~~~~~~~~~~~~~~~~
In file included from /home/gek/Programming/3ds/templates/TinyGLDemo/source/include/api.h:38,
                 from /home/gek/Programming/3ds/templates/TinyGLDemo/source/include/gl_helpers.h:5,
                 from /home/gek/Programming/3ds/templates/TinyGLDemo/source/main.c:15:
/home/gek/Programming/3ds/templates/TinyGLDemo/source/include/stb_image.h:7632:12: error: conflicting types for 'stbi__pnm_getinteger'
 7632 | static int stbi__pnm_getinteger(stbi__context* s, char* c) {
      |            ^~~~~~~~~~~~~~~~~~~~
In file included from /home/gek/Programming/3ds/templates/TinyGLDemo/source/include/api.h:38,
                 from /home/gek/Programming/3ds/templates/TinyGLDemo/source/main.c:14:
/home/gek/Programming/3ds/templates/TinyGLDemo/source/include/stb_image.h:7632:12: note: previous definition of 'stbi__pnm_getinteger' was here
 7632 | static int stbi__pnm_getinteger(stbi__context* s, char* c) {
      |            ^~~~~~~~~~~~~~~~~~~~
In file included from /home/gek/Programming/3ds/templates/TinyGLDemo/source/include/api.h:38,
                 from /home/gek/Programming/3ds/templates/TinyGLDemo/source/include/gl_helpers.h:5,
                 from /home/gek/Programming/3ds/templates/TinyGLDemo/source/main.c:15:
/home/gek/Programming/3ds/templates/TinyGLDemo/source/include/stb_image.h:7684:12: error: conflicting types for 'stbi__info_main'
 7684 | static int stbi__info_main(stbi__context* s, int* x, int* y, int* comp) {
      |            ^~~~~~~~~~~~~~~
In file included from /home/gek/Programming/3ds/templates/TinyGLDemo/source/include/api.h:38,
                 from /home/gek/Programming/3ds/templates/TinyGLDemo/source/main.c:14:
/home/gek/Programming/3ds/templates/TinyGLDemo/source/include/stb_image.h:7684:12: note: previous definition of 'stbi__info_main' was here
 7684 | static int stbi__info_main(stbi__context* s, int* x, int* y, int* comp) {
      |            ^~~~~~~~~~~~~~~
In file included from /home/gek/Programming/3ds/templates/TinyGLDemo/source/include/api.h:38,
                 from /home/gek/Programming/3ds/templates/TinyGLDemo/source/include/gl_helpers.h:5,
                 from /home/gek/Programming/3ds/templates/TinyGLDemo/source/main.c:15:
/home/gek/Programming/3ds/templates/TinyGLDemo/source/include/stb_image.h:7733:12: error: conflicting types for 'stbi__is_16_main'
 7733 | static int stbi__is_16_main(stbi__context* s) {
      |            ^~~~~~~~~~~~~~~~
In file included from /home/gek/Programming/3ds/templates/TinyGLDemo/source/include/api.h:38,
                 from /home/gek/Programming/3ds/templates/TinyGLDemo/source/main.c:14:
/home/gek/Programming/3ds/templates/TinyGLDemo/source/include/stb_image.h:7733:12: note: previous definition of 'stbi__is_16_main' was here
 7733 | static int stbi__is_16_main(stbi__context* s) {
      |            ^~~~~~~~~~~~~~~~
In file included from /home/gek/Programming/3ds/templates/TinyGLDemo/source/include/api.h:38,
                 from /home/gek/Programming/3ds/templates/TinyGLDemo/source/include/gl_helpers.h:5,
                 from /home/gek/Programming/3ds/templates/TinyGLDemo/source/main.c:15:
/home/gek/Programming/3ds/templates/TinyGLDemo/source/include/stb_image.h:7748:13: error: redefinition of 'stbi_info'
 7748 | STBIDEF int stbi_info(char const* filename, int* x, int* y, int* comp) {
      |             ^~~~~~~~~
In file included from /home/gek/Programming/3ds/templates/TinyGLDemo/source/include/api.h:38,
                 from /home/gek/Programming/3ds/templates/TinyGLDemo/source/main.c:14:
/home/gek/Programming/3ds/templates/TinyGLDemo/source/include/stb_image.h:7748:13: note: previous definition of 'stbi_info' was here
 7748 | STBIDEF int stbi_info(char const* filename, int* x, int* y, int* comp) {
      |             ^~~~~~~~~
In file included from /home/gek/Programming/3ds/templates/TinyGLDemo/source/include/api.h:38,
                 from /home/gek/Programming/3ds/templates/TinyGLDemo/source/include/gl_helpers.h:5,
                 from /home/gek/Programming/3ds/templates/TinyGLDemo/source/main.c:15:
/home/gek/Programming/3ds/templates/TinyGLDemo/source/include/stb_image.h:7758:13: error: redefinition of 'stbi_info_from_file'
 7758 | STBIDEF int stbi_info_from_file(FILE* f, int* x, int* y, int* comp) {
      |             ^~~~~~~~~~~~~~~~~~~
In file included from /home/gek/Programming/3ds/templates/TinyGLDemo/source/include/api.h:38,
                 from /home/gek/Programming/3ds/templates/TinyGLDemo/source/main.c:14:
/home/gek/Programming/3ds/templates/TinyGLDemo/source/include/stb_image.h:7758:13: note: previous definition of 'stbi_info_from_file' was here
 7758 | STBIDEF int stbi_info_from_file(FILE* f, int* x, int* y, int* comp) {
      |             ^~~~~~~~~~~~~~~~~~~
In file included from /home/gek/Programming/3ds/templates/TinyGLDemo/source/include/api.h:38,
                 from /home/gek/Programming/3ds/templates/TinyGLDemo/source/include/gl_helpers.h:5,
                 from /home/gek/Programming/3ds/templates/TinyGLDemo/source/main.c:15:
/home/gek/Programming/3ds/templates/TinyGLDemo/source/include/stb_image.h:7768:13: error: redefinition of 'stbi_is_16_bit'
 7768 | STBIDEF int stbi_is_16_bit(char const* filename) {
      |             ^~~~~~~~~~~~~~
In file included from /home/gek/Programming/3ds/templates/TinyGLDemo/source/include/api.h:38,
                 from /home/gek/Programming/3ds/templates/TinyGLDemo/source/main.c:14:
/home/gek/Programming/3ds/templates/TinyGLDemo/source/include/stb_image.h:7768:13: note: previous definition of 'stbi_is_16_bit' was here
 7768 | STBIDEF int stbi_is_16_bit(char const* filename) {
      |             ^~~~~~~~~~~~~~
In file included from /home/gek/Programming/3ds/templates/TinyGLDemo/source/include/api.h:38,
                 from /home/gek/Programming/3ds/templates/TinyGLDemo/source/include/gl_helpers.h:5,
                 from /home/gek/Programming/3ds/templates/TinyGLDemo/source/main.c:15:
/home/gek/Programming/3ds/templates/TinyGLDemo/source/include/stb_image.h:7778:13: error: redefinition of 'stbi_is_16_bit_from_file'
 7778 | STBIDEF int stbi_is_16_bit_from_file(FILE* f) {
      |             ^~~~~~~~~~~~~~~~~~~~~~~~
In file included from /home/gek/Programming/3ds/templates/TinyGLDemo/source/include/api.h:38,
                 from /home/gek/Programming/3ds/templates/TinyGLDemo/source/main.c:14:
/home/gek/Programming/3ds/templates/TinyGLDemo/source/include/stb_image.h:7778:13: note: previous definition of 'stbi_is_16_bit_from_file' was here
 7778 | STBIDEF int stbi_is_16_bit_from_file(FILE* f) {
      |             ^~~~~~~~~~~~~~~~~~~~~~~~
In file included from /home/gek/Programming/3ds/templates/TinyGLDemo/source/include/api.h:38,
                 from /home/gek/Programming/3ds/templates/TinyGLDemo/source/include/gl_helpers.h:5,
                 from /home/gek/Programming/3ds/templates/TinyGLDemo/source/main.c:15:
/home/gek/Programming/3ds/templates/TinyGLDemo/source/include/stb_image.h:7789:13: error: redefinition of 'stbi_info_from_memory'
 7789 | STBIDEF int stbi_info_from_memory(stbi_uc const* buffer, int len, int* x, int* y, int* comp) {
      |             ^~~~~~~~~~~~~~~~~~~~~
In file included from /home/gek/Programming/3ds/templates/TinyGLDemo/source/include/api.h:38,
                 from /home/gek/Programming/3ds/templates/TinyGLDemo/source/main.c:14:
/home/gek/Programming/3ds/templates/TinyGLDemo/source/include/stb_image.h:7789:13: note: previous definition of 'stbi_info_from_memory' was here
 7789 | STBIDEF int stbi_info_from_memory(stbi_uc const* buffer, int len, int* x, int* y, int* comp) {
      |             ^~~~~~~~~~~~~~~~~~~~~
In file included from /home/gek/Programming/3ds/templates/TinyGLDemo/source/include/api.h:38,
                 from /home/gek/Programming/3ds/templates/TinyGLDemo/source/include/gl_helpers.h:5,
                 from /home/gek/Programming/3ds/templates/TinyGLDemo/source/main.c:15:
/home/gek/Programming/3ds/templates/TinyGLDemo/source/include/stb_image.h:7795:13: error: redefinition of 'stbi_info_from_callbacks'
 7795 | STBIDEF int stbi_info_from_callbacks(stbi_io_callbacks const* c, void* user, int* x, int* y, int* comp) {
      |             ^~~~~~~~~~~~~~~~~~~~~~~~
In file included from /home/gek/Programming/3ds/templates/TinyGLDemo/source/include/api.h:38,
                 from /home/gek/Programming/3ds/templates/TinyGLDemo/source/main.c:14:
/home/gek/Programming/3ds/templates/TinyGLDemo/source/include/stb_image.h:7795:13: note: previous definition of 'stbi_info_from_callbacks' was here
 7795 | STBIDEF int stbi_info_from_callbacks(stbi_io_callbacks const* c, void* user, int* x, int* y, int* comp) {
      |             ^~~~~~~~~~~~~~~~~~~~~~~~
In file included from /home/gek/Programming/3ds/templates/TinyGLDemo/source/include/api.h:38,
                 from /home/gek/Programming/3ds/templates/TinyGLDemo/source/include/gl_helpers.h:5,
                 from /home/gek/Programming/3ds/templates/TinyGLDemo/source/main.c:15:
/home/gek/Programming/3ds/templates/TinyGLDemo/source/include/stb_image.h:7801:13: error: redefinition of 'stbi_is_16_bit_from_memory'
 7801 | STBIDEF int stbi_is_16_bit_from_memory(stbi_uc const* buffer, int len) {
      |             ^~~~~~~~~~~~~~~~~~~~~~~~~~
In file included from /home/gek/Programming/3ds/templates/TinyGLDemo/source/include/api.h:38,
                 from /home/gek/Programming/3ds/templates/TinyGLDemo/source/main.c:14:
/home/gek/Programming/3ds/templates/TinyGLDemo/source/include/stb_image.h:7801:13: note: previous definition of 'stbi_is_16_bit_from_memory' was here
 7801 | STBIDEF int stbi_is_16_bit_from_memory(stbi_uc const* buffer, int len) {
      |             ^~~~~~~~~~~~~~~~~~~~~~~~~~
In file included from /home/gek/Programming/3ds/templates/TinyGLDemo/source/include/api.h:38,
                 from /home/gek/Programming/3ds/templates/TinyGLDemo/source/include/gl_helpers.h:5,
                 from /home/gek/Programming/3ds/templates/TinyGLDemo/source/main.c:15:
/home/gek/Programming/3ds/templates/TinyGLDemo/source/include/stb_image.h:7807:13: error: redefinition of 'stbi_is_16_bit_from_callbacks'
 7807 | STBIDEF int stbi_is_16_bit_from_callbacks(stbi_io_callbacks const* c, void* user) {
      |             ^~~~~~~~~~~~~~~~~~~~~~~~~~~~~
In file included from /home/gek/Programming/3ds/templates/TinyGLDemo/source/include/api.h:38,
                 from /home/gek/Programming/3ds/templates/TinyGLDemo/source/main.c:14:
/home/gek/Programming/3ds/templates/TinyGLDemo/source/include/stb_image.h:7807:13: note: previous definition of 'stbi_is_16_bit_from_callbacks' was here
 7807 | STBIDEF int stbi_is_16_bit_from_callbacks(stbi_io_callbacks const* c, void* user) {
      |             ^~~~~~~~~~~~~~~~~~~~~~~~~~~~~
/home/gek/Programming/3ds/templates/TinyGLDemo/source/main.c: In function 'main':
/home/gek/Programming/3ds/templates/TinyGLDemo/source/main.c:104:7: warning: unused variable 'AA_' [-Wunused-variable]
  104 |  uint AA_=0;
      |       ^~~
/home/gek/Programming/3ds/templates/TinyGLDemo/source/main.c:103:7: warning: unused variable 'BB_' [-Wunused-variable]
  103 |  uint BB_=1;
      |       ^~~
/home/gek/Programming/3ds/templates/TinyGLDemo/source/main.c:102:7: warning: unused variable 'GG_' [-Wunused-variable]
  102 |  uint GG_=2;
      |       ^~~
In file included from /home/gek/Programming/3ds/templates/TinyGLDemo/source/include/api.h:38,
                 from /home/gek/Programming/3ds/templates/TinyGLDemo/source/include/gl_helpers.h:5,
                 from /home/gek/Programming/3ds/templates/TinyGLDemo/source/main.c:15:
At top level:
/home/gek/Programming/3ds/templates/TinyGLDemo/source/include/stb_image.h:1794:17: warning: 'stbi__hdr_to_ldr' defined but not used [-Wunused-function]
 1794 | static stbi_uc* stbi__hdr_to_ldr(float* data, int x, int y, int comp) {
      |                 ^~~~~~~~~~~~~~~~
/home/gek/Programming/3ds/templates/TinyGLDemo/source/include/stb_image.h:1762:15: warning: 'stbi__ldr_to_hdr' defined but not used [-Wunused-function]
 1762 | static float* stbi__ldr_to_hdr(stbi_uc* data, int x, int y, int comp) {
      |               ^~~~~~~~~~~~~~~~
make[1]: *** [/opt/devkitpro/devkitARM/base_rules:85: main.o] Error 1
make: *** [Makefile:191: all] Error 2
