Archive member included to satisfy reference by file (symbol)

/opt/devkitpro/libctru/lib/libctru.a(linear.o)
                              main.o (linearAlloc)
/opt/devkitpro/libctru/lib/libctru.a(mem_pool.o)
                              /opt/devkitpro/libctru/lib/libctru.a(linear.o) (MemPool::Allocate(MemChunk&, unsigned long, int))
/opt/devkitpro/libctru/lib/libctru.a(romfs_dev.o)
                              main.o (romfsMountSelf)
/opt/devkitpro/libctru/lib/libctru.a(console.o)
                              main.o (consoleInit)
/opt/devkitpro/libctru/lib/libctru.a(path_buf.o)
                              /opt/devkitpro/libctru/lib/libctru.a(romfs_dev.o) (__ctru_dev_utf16_buf)
/opt/devkitpro/libctru/lib/libctru.a(gfx.o)
                              /opt/devkitpro/libctru/lib/libctru.a(console.o) (gfxIsWide)
/opt/devkitpro/libctru/lib/libctru.a(dsp.o)
                              main.o (DSP_FlushDataCache)
/opt/devkitpro/libctru/lib/libctru.a(gspgpu.o)
                              /opt/devkitpro/libctru/lib/libctru.a(gfx.o) (gspInit)
/opt/devkitpro/libctru/lib/libctru.a(apt.o)
                              main.o (aptMainLoop)
/opt/devkitpro/libctru/lib/libctru.a(hid.o)
                              main.o (hidScanInput)
/opt/devkitpro/libctru/lib/libctru.a(fs.o)
                              main.o (fsInit)
/opt/devkitpro/libctru/lib/libctru.a(rbtree_init.o)
                              /opt/devkitpro/libctru/lib/libctru.a(linear.o) (rbtree_init)
/opt/devkitpro/libctru/lib/libctru.a(rbtree_insert.o)
                              /opt/devkitpro/libctru/lib/libctru.a(linear.o) (rbtree_insert)
/opt/devkitpro/libctru/lib/libctru.a(rbtree_rotate.o)
                              /opt/devkitpro/libctru/lib/libctru.a(rbtree_insert.o) (rbtree_rotate)
/opt/devkitpro/libctru/lib/libctru.a(rbtree_remove.o)
                              /opt/devkitpro/libctru/lib/libctru.a(linear.o) (rbtree_remove)
/opt/devkitpro/libctru/lib/libctru.a(rbtree_find.o)
                              /opt/devkitpro/libctru/lib/libctru.a(linear.o) (rbtree_find)
/opt/devkitpro/libctru/lib/libctru.a(utf16_to_utf8.o)
                              /opt/devkitpro/libctru/lib/libctru.a(romfs_dev.o) (utf16_to_utf8)
/opt/devkitpro/libctru/lib/libctru.a(decode_utf16.o)
                              /opt/devkitpro/libctru/lib/libctru.a(utf16_to_utf8.o) (decode_utf16)
/opt/devkitpro/libctru/lib/libctru.a(utf8_to_utf16.o)
                              /opt/devkitpro/libctru/lib/libctru.a(romfs_dev.o) (utf8_to_utf16)
/opt/devkitpro/libctru/lib/libctru.a(allocateHeaps.o)
                              /opt/devkitpro/libctru/lib/libctru.a(linear.o) (__ctru_linear_heap_size)
/opt/devkitpro/libctru/lib/libctru.a(ctru_init.o)
                              /opt/devkitpro/libctru/lib/libctru.a(apt.o) (__system_retAddr)
/opt/devkitpro/libctru/lib/libctru.a(initArgv.o)
                              /opt/devkitpro/libctru/lib/libctru.a(ctru_init.o) (__system_initArgv)
/opt/devkitpro/libctru/lib/libctru.a(svc.o)
                              /opt/devkitpro/libctru/lib/libctru.a(allocateHeaps.o) (svcControlMemory)
/opt/devkitpro/libctru/lib/libctru.a(stack_adjust.o)
                              /opt/devkitpro/devkitARM/bin/../lib/gcc/arm-none-eabi/10.2.0/../../../../arm-none-eabi/lib/armv6k/fpu/3dsx_crt0.o (initSystem)
/opt/devkitpro/libctru/lib/libctru.a(readtp.o)
                              main.o (__aeabi_read_tp)
/opt/devkitpro/libctru/lib/libctru.a(default_font.bin.o)
                              /opt/devkitpro/libctru/lib/libctru.a(console.o) (default_font_bin)
/opt/devkitpro/libctru/lib/libctru.a(vram.o)
                              /opt/devkitpro/libctru/lib/libctru.a(gfx.o) (vramAlloc)
/opt/devkitpro/libctru/lib/libctru.a(synchronization.o)
                              /opt/devkitpro/libctru/lib/libctru.a(ctru_init.o) (__sync_init)
/opt/devkitpro/libctru/lib/libctru.a(env.o)
                              /opt/devkitpro/libctru/lib/libctru.a(fs.o) (envGetHandle)
/opt/devkitpro/libctru/lib/libctru.a(os.o)
                              /opt/devkitpro/libctru/lib/libctru.a(apt.o) (__ctru_speedup_config)
/opt/devkitpro/libctru/lib/libctru.a(srv.o)
                              /opt/devkitpro/libctru/lib/libctru.a(apt.o) (srvInit)
/opt/devkitpro/libctru/lib/libctru.a(thread.o)
                              /opt/devkitpro/libctru/lib/libctru.a(gspgpu.o) (threadCreate)
/opt/devkitpro/libctru/lib/libctru.a(mappable.o)
                              /opt/devkitpro/libctru/lib/libctru.a(allocateHeaps.o) (mappableInit)
/opt/devkitpro/libctru/lib/libctru.a(irrst.o)
                              /opt/devkitpro/libctru/lib/libctru.a(hid.o) (irrstInit)
/opt/devkitpro/libctru/lib/libctru.a(srvpm.o)
                              /opt/devkitpro/libctru/lib/libctru.a(srv.o) (srvPmGetSessionHandle)
/opt/devkitpro/libctru/lib/libctru.a(ptmsysm.o)
                              /opt/devkitpro/libctru/lib/libctru.a(os.o) (ptmSysmInit)
[...]
Memory Configuration

Name             Origin             Length             Attributes
*default*        0x0000000000000000 0xffffffffffffffff

Linker script and memory map

                0x0000000000100000                PROVIDE (__start__ = 0x100000)
                0x0000000000100000                . = __start__

.text           0x0000000000100000    0x9a544
 *(.crt0)
 .crt0          0x0000000000100000       0x94 /opt/devkitpro/devkitARM/bin/../lib/gcc/arm-none-eabi/10.2.0/../../../../arm-none-eabi/lib/armv6k/fpu/3dsx_crt0.o
                0x0000000000100000                _start
                0x0000000000100008                __service_ptr
                0x000000000010000c                __apt_appid
                0x0000000000100010                __heap_size
                0x0000000000100014                __linear_heap_size
                0x0000000000100018                __system_arglist
                0x000000000010001c                __system_runflags
 *(.init)
 .init          0x0000000000100094        0xc /opt/devkitpro/devkitARM/bin/../lib/gcc/arm-none-eabi/10.2.0/armv6k/fpu/crti.o
                0x0000000000100094                _init
 .init          0x00000000001000a0        0xc /opt/devkitpro/devkitARM/bin/../lib/gcc/arm-none-eabi/10.2.0/armv6k/fpu/crtn.o
                0x00000000001000ac                . = ALIGN (0x4)
 *(.text)
 .text          0x00000000001000ac      0x964 /opt/devkitpro/portlibs/3ds/lib/libmad.a(imdct_l_arm.o)
                0x00000000001000ac                _III_imdct_l
                0x00000000001000ac                III_imdct_l
 .text          0x0000000000100a10      0x20c /opt/devkitpro/devkitARM/bin/../lib/gcc/arm-none-eabi/10.2.0/armv6k/fpu/libgcc.a(_udivsi3.o)
                0x0000000000100a10                __udivsi3
                0x0000000000100a10                __aeabi_uidiv
                0x0000000000100bfc                __aeabi_uidivmod
 .text          0x0000000000100c1c      0x240 /opt/devkitpro/devkitARM/bin/../lib/gcc/arm-none-eabi/10.2.0/armv6k/fpu/libgcc.a(_divsi3.o)
                0x0000000000100c1c                __aeabi_idiv
                0x0000000000100c1c                __divsi3
                0x0000000000100e3c                __aeabi_idivmod
 .text          0x0000000000100e5c        0x4 /opt/devkitpro/devkitARM/bin/../lib/gcc/arm-none-eabi/10.2.0/armv6k/fpu/libgcc.a(_dvmd_tls.o)
                0x0000000000100e5c                __aeabi_ldiv0
                0x0000000000100e5c                __aeabi_idiv0
 .text          0x0000000000100e60      0x3c0 /opt/devkitpro/devkitARM/bin/../lib/gcc/arm-none-eabi/10.2.0/armv6k/fpu/libgcc.a(_arm_addsubdf3.o)
                0x0000000000100e60                __aeabi_drsub
                0x0000000000100e68                __aeabi_dsub
                0x0000000000100e68                __subdf3
                0x0000000000100e6c                __adddf3
                0x0000000000100e6c                __aeabi_dadd
                0x0000000000101118                __aeabi_ui2d
                0x0000000000101118                __floatunsidf
                0x000000000010113c                __floatsidf
                0x000000000010113c                __aeabi_i2d
                0x0000000000101164                __extendsfdf2
                0x0000000000101164                __aeabi_f2d
                0x00000000001011ac                __aeabi_ul2d
                0x00000000001011ac                __floatundidf
                0x00000000001011c0                __floatdidf
                0x00000000001011c0                __aeabi_l2d
 .text          0x0000000000101220       0xd4 /opt/devkitpro/devkitARM/bin/../lib/gcc/arm-none-eabi/10.2.0/armv6k/fpu/libgcc.a(_aeabi_ldivmod.o)
                0x0000000000101220                __aeabi_ldivmod
 .text          0x00000000001012f4       0x3c /opt/devkitpro/devkitARM/bin/../lib/gcc/arm-none-eabi/10.2.0/armv6k/fpu/libgcc.a(_aeabi_uldivmod.o)
                0x00000000001012f4                __aeabi_uldivmod
 *fill*         0x0000000000101330       0x10 
 .text          0x0000000000101340      0x390 /opt/devkitpro/devkitARM/bin/../lib/gcc/arm-none-eabi/10.2.0/../../../../arm-none-eabi/lib/armv6k/fpu/libg.a(lib_a-strcmp.o)
                0x0000000000101348                strcmp
 *(.text.*)
 .text.__do_global_dtors_aux
                0x00000000001016d0       0x40 /opt/devkitpro/devkitARM/bin/../lib/gcc/arm-none-eabi/10.2.0/armv6k/fpu/crtbegin.o
 .text.frame_dummy
                0x0000000000101710       0x2c /opt/devkitpro/devkitARM/bin/../lib/gcc/arm-none-eabi/10.2.0/armv6k/fpu/crtbegin.o
 .text.specbuf_get_buffer
                0x000000000010173c      0x170 specbuf.o
                0x000000000010173c                specbuf_get_buffer
 .text.glPlotPixel
                0x00000000001018ac       0x54 ztext.o
                0x00000000001018ac                glPlotPixel
 .text.glDrawText
                0x0000000000101900      0x144 ztext.o
                0x0000000000101900                glDrawText
 .text.glopEndList
                0x0000000000101a44       0x24 list.o
                0x0000000000101a44                glopEndList
 .text.glopNextBuffer
                0x0000000000101a68       0x24 list.o
                0x0000000000101a68                glopNextBuffer
 .text.glopCallList
                0x0000000000101a8c       0x7c list.o
                0x0000000000101a8c                glopCallList
 .text.gl_get_context
                0x0000000000101b08       0x10 list.o
                0x0000000000101b08                gl_get_context
 .text.gl_print_op
                0x0000000000101b18       0xbc list.o
                0x0000000000101b18                gl_print_op
 .text.gl_compile_op
                0x0000000000101bd4       0xa8 list.o
                0x0000000000101bd4                gl_compile_op
 .text.gl_add_op
                0x0000000000101c7c       0x7c list.o
                0x0000000000101c7c                gl_add_op
 .text.glNewList
                0x0000000000101cf8      0x10c list.o
                0x0000000000101cf8                glNewList
 .text.glEndList
                0x0000000000101e04       0x68 list.o
                0x0000000000101e04                glEndList
 .text.glGenLists
                0x0000000000101e6c       0xc0 list.o
                0x0000000000101e6c                glGenLists
 .text.gl_fatal_error
                0x0000000000101f2c       0x64 error.o
                0x0000000000101f2c                gl_fatal_error
 .text.alloc_texture
                0x0000000000101f90       0x50 texture.o
                0x0000000000101f90                alloc_texture
 .text.glInitTextures
                0x0000000000101fe0       0x3c texture.o
                0x0000000000101fe0                glInitTextures
 .text.glGenTextures
                0x000000000010201c       0x78 texture.o
                0x000000000010201c                glGenTextures
 .text.glopBindTexture
                0x0000000000102094       0xb4 texture.o
                0x0000000000102094                glopBindTexture
 .text.glopTexImage2D
                0x0000000000102148      0x120 texture.o
                0x0000000000102148                glopTexImage2D
 .text.glopTexEnv
                0x0000000000102268       0x50 texture.o
                0x0000000000102268                glopTexEnv
 .text.glopTexParameter
                0x00000000001022b8       0x5c texture.o
                0x00000000001022b8                glopTexParameter
 .text.glopPixelStore
                0x0000000000102314       0x24 texture.o
                0x0000000000102314                glopPixelStore
 .text.initGL   0x0000000000102338       0x38 gl_helpers.o
                0x0000000000102338                initGL
 .text.basicGLConfig
                0x0000000000102370       0xa8 gl_helpers.o
                0x0000000000102370                basicGLConfig
 .text.createModelDisplayList
                0x0000000000102418       0xe0 gl_helpers.o
                0x0000000000102418                createModelDisplayList
 .text.swapGL   0x00000000001024f8       0x18 gl_helpers.o
                0x00000000001024f8                swapGL
 .text.clearGL  0x0000000000102510        0x8 gl_helpers.o
                0x0000000000102510                clearGL
 .text.loadRGBTexture
                0x0000000000102518       0xd0 gl_helpers.o
                0x0000000000102518                loadRGBTexture
 .text.glInit   0x00000000001025e8      0x49c init.o
                0x00000000001025e8                glInit
 .text.glopMaterial
                0x0000000000102a84      0x19c light.o
                0x0000000000102a84                glopMaterial
 .text.glopColorMaterial
                0x0000000000102c20       0x14 light.o
                0x0000000000102c20                glopColorMaterial
 *fill*         0x0000000000102c34        0x4 
 .text.glopLight
                0x0000000000102c38      0x274 light.o
                0x0000000000102c38                glopLight
 .text.glopLightModel
                0x0000000000102eac       0x90 light.o
                0x0000000000102eac                glopLightModel
 .text.gl_enable_disable_light
                0x0000000000102f3c       0x8c light.o
                0x0000000000102f3c                gl_enable_disable_light
 .text.gl_shade_vertex
                0x0000000000102fc8      0x46c light.o
                0x0000000000102fc8                gl_shade_vertex
 .text.glopArrayElement
                0x0000000000103434      0x174 arrays.o
                0x0000000000103434                glopArrayElement
 .text.glopEnableClientState
                0x00000000001035a8       0x14 arrays.o
                0x00000000001035a8                glopEnableClientState
 .text.glopDisableClientState
                0x00000000001035bc       0x14 arrays.o
                0x00000000001035bc                glopDisableClientState
 .text.glopVertexPointer
                0x00000000001035d0       0x18 arrays.o
                0x00000000001035d0                glopVertexPointer
 .text.glopColorPointer
                0x00000000001035e8       0x18 arrays.o
                0x00000000001035e8                glopColorPointer
 .text.glopNormalPointer
                0x0000000000103600       0x10 arrays.o
                0x0000000000103600                glopNormalPointer
 .text.glopTexCoordPointer
                0x0000000000103610       0x18 arrays.o
                0x0000000000103610                glopTexCoordPointer
 .text.glopNormal
                0x0000000000103628       0x2c vertex.o
                0x0000000000103628                glopNormal
 .text.glopTexCoord
                0x0000000000103654       0x2c vertex.o
                0x0000000000103654                glopTexCoord
 .text.glopEdgeFlag
                0x0000000000103680        0xc vertex.o
                0x0000000000103680                glopEdgeFlag
 .text.glopColor
                0x000000000010368c       0x94 vertex.o
                0x000000000010368c                glopColor
 .text.gl_eval_viewport
                0x0000000000103720       0x94 vertex.o
                0x0000000000103720                gl_eval_viewport
 .text.glopBegin
                0x00000000001037b4      0x1d4 vertex.o
                0x00000000001037b4                glopBegin
 .text.glopVertex
                0x0000000000103988      0x68c vertex.o
                0x0000000000103988                glopVertex
 .text.glopEnd  0x0000000000104014       0xbc vertex.o
                0x0000000000104014                glopEnd
 .text.gl_M4_Id
                0x00000000001040d0       0x4c zmath.o
                0x00000000001040d0                gl_M4_Id
 .text.gl_M4_IsId
                0x000000000010411c       0x68 zmath.o
                0x000000000010411c                gl_M4_IsId
 .text.gl_M4_Mul
                0x0000000000104184       0x6c zmath.o
                0x0000000000104184                gl_M4_Mul
 .text.gl_M4_MulLeft
                0x00000000001041f0       0xa0 zmath.o
                0x00000000001041f0                gl_M4_MulLeft
 .text.gl_M4_Move
                0x0000000000104290       0x3c zmath.o
                0x0000000000104290                gl_M4_Move
 .text.gl_M4_MulV4
                0x00000000001042cc       0xb8 zmath.o
                0x00000000001042cc                gl_M4_MulV4
 .text.gl_M4_Transpose
                0x0000000000104384       0x88 zmath.o
                0x0000000000104384                gl_M4_Transpose
 .text.Matrix_Inv
                0x000000000010440c      0x264 zmath.o
                0x000000000010440c                Matrix_Inv
 .text.gl_M4_Inv
                0x0000000000104670       0x58 zmath.o
                0x0000000000104670                gl_M4_Inv
 .text.gl_M4_Rotate
                0x00000000001046c8       0xd8 zmath.o
                0x00000000001046c8                gl_M4_Rotate
 .text.gl_V3_Norm
                0x00000000001047a0       0x84 zmath.o
                0x00000000001047a0                gl_V3_Norm
 .text.gl_V3_New
                0x0000000000104824        0xc zmath.o
                0x0000000000104824                gl_V3_New
 .text.gl_V4_New
                0x0000000000104830        0xc zmath.o
                0x0000000000104830                gl_V4_New
 .text.interpolate
                0x000000000010483c       0x90 clip.o
 .text.clip_xmin
                0x00000000001048cc       0x74 clip.o
 .text.clip_xmax
                0x0000000000104940       0x6c clip.o
 .text.clip_ymin
                0x00000000001049ac       0x74 clip.o
 .text.clip_ymax
                0x0000000000104a20       0x6c clip.o
 .text.clip_zmin
                0x0000000000104a8c       0x74 clip.o
 .text.clip_zmax
                0x0000000000104b00       0x6c clip.o
 .text.gl_transform_to_viewport
                0x0000000000104b6c      0x118 clip.o
                0x0000000000104b6c                gl_transform_to_viewport
 *fill*         0x0000000000104c84        0x4 
 .text.updateTmp
                0x0000000000104c88      0x1cc clip.o
 .text.gl_draw_point
                0x0000000000104e54       0x38 clip.o
                0x0000000000104e54                gl_draw_point
 .text.gl_draw_line
                0x0000000000104e8c      0x3a8 clip.o
                0x0000000000104e8c                gl_draw_line
 .text.gl_draw_triangle
                0x0000000000105234      0x120 clip.o
                0x0000000000105234                gl_draw_triangle
 .text.gl_draw_triangle_clip
                0x0000000000105354      0x238 clip.o
 .text.gl_draw_triangle_select
                0x000000000010558c       0x3c clip.o
                0x000000000010558c                gl_draw_triangle_select
 .text.gl_draw_triangle_fill
                0x00000000001055c8       0x78 clip.o
                0x00000000001055c8                gl_draw_triangle_fill
 .text.gl_draw_triangle_line
                0x0000000000105640       0xec clip.o
                0x0000000000105640                gl_draw_triangle_line
 .text.gl_draw_triangle_point
                0x000000000010572c       0x64 clip.o
                0x000000000010572c                gl_draw_triangle_point
 .text.glVertex3f
                0x0000000000105790       0x34 api.o
                0x0000000000105790                glVertex3f
 .text.glNormal3f
                0x00000000001057c4       0x2c api.o
                0x00000000001057c4                glNormal3f
 .text.glColor3f
                0x00000000001057f0       0x7c api.o
                0x00000000001057f0                glColor3f
 .text.glTexCoord2f
                0x000000000010586c       0x38 api.o
                0x000000000010586c                glTexCoord2f
 .text.glShadeModel
                0x00000000001058a4       0x50 api.o
                0x00000000001058a4                glShadeModel
 .text.glCullFace
                0x00000000001058f4       0x60 api.o
                0x00000000001058f4                glCullFace
 .text.glEnable
                0x0000000000105954       0x30 api.o
                0x0000000000105954                glEnable
 .text.glDisable
                0x0000000000105984       0x30 api.o
                0x0000000000105984                glDisable
 .text.glBegin  0x00000000001059b4       0x28 api.o
                0x00000000001059b4                glBegin
 .text.glEnd    0x00000000001059dc       0x20 api.o
                0x00000000001059dc                glEnd
 .text.glMatrixMode
                0x00000000001059fc       0x28 api.o
                0x00000000001059fc                glMatrixMode
 .text.glLoadMatrixf
                0x0000000000105a24       0x54 api.o
                0x0000000000105a24                glLoadMatrixf
 .text.glLoadIdentity
                0x0000000000105a78       0x20 api.o
                0x0000000000105a78                glLoadIdentity
 .text.glPushMatrix
                0x0000000000105a98       0x20 api.o
                0x0000000000105a98                glPushMatrix
 .text.glPopMatrix
                0x0000000000105ab8       0x20 api.o
                0x0000000000105ab8                glPopMatrix
 .text.glTranslatef
                0x0000000000105ad8       0x2c api.o
                0x0000000000105ad8                glTranslatef
 .text.glViewport
                0x0000000000105b04       0x30 api.o
                0x0000000000105b04                glViewport
 .text.glColorMaterial
                0x0000000000105b34       0x2c api.o
                0x0000000000105b34                glColorMaterial
 .text.glLightModeli
                0x0000000000105b60       0x40 api.o
                0x0000000000105b60                glLightModeli
 .text.glClear  0x0000000000105ba0       0x28 api.o
                0x0000000000105ba0                glClear
 .text.glClearColor
                0x0000000000105bc8       0x30 api.o
                0x0000000000105bc8                glClearColor
 .text.glClearDepth
                0x0000000000105bf8       0x28 api.o
                0x0000000000105bf8                glClearDepth
 .text.glTexImage2D
                0x0000000000105c20       0x58 api.o
                0x0000000000105c20                glTexImage2D
 .text.glBindTexture
                0x0000000000105c78       0x2c api.o
                0x0000000000105c78                glBindTexture
 .text.glTexParameteri
                0x0000000000105ca4       0x44 api.o
                0x0000000000105ca4                glTexParameteri
 .text.glCallList
                0x0000000000105ce8       0x28 api.o
                0x0000000000105ce8                glCallList
 .text.glHint   0x0000000000105d10       0x2c api.o
                0x0000000000105d10                glHint
 .text.glPolygonStipple
                0x0000000000105d3c       0x30 misc.o
                0x0000000000105d3c                glPolygonStipple
 .text.glopViewport
                0x0000000000105d6c       0xf8 misc.o
                0x0000000000105d6c                glopViewport
 .text.glopEnableDisable
                0x0000000000105e64      0x188 misc.o
                0x0000000000105e64                glopEnableDisable
 .text.glopShadeModel
                0x0000000000105fec        0xc misc.o
                0x0000000000105fec                glopShadeModel
 .text.glopCullFace
                0x0000000000105ff8        0xc misc.o
                0x0000000000105ff8                glopCullFace
 .text.glopFrontFace
                0x0000000000106004        0xc misc.o
                0x0000000000106004                glopFrontFace
 .text.glopPolygonMode
                0x0000000000106010       0x6c misc.o
                0x0000000000106010                glopPolygonMode
 .text.glopHint
                0x000000000010607c        0x4 misc.o
                0x000000000010607c                glopHint
 .text.glopPolygonOffset
                0x0000000000106080       0x1c misc.o
                0x0000000000106080                glopPolygonOffset
 .text.gl_free  0x000000000010609c        0x4 memory.o
                0x000000000010609c                gl_free
 .text.gl_malloc
                0x00000000001060a0        0x4 memory.o
                0x00000000001060a0                gl_malloc
 .text.gl_zalloc
                0x00000000001060a4        0xc memory.o
                0x00000000001060a4                gl_zalloc
 .text.stbi__stdio_eof
                0x00000000001060b0       0x10 main.o
 .text.stbi__skip
                0x00000000001060c0       0x54 main.o
 .text.stbi__idct_block
                0x0000000000106114      0x44c main.o
 .text.resample_row_1
                0x0000000000106560        0x8 main.o
 .text.stbi__resample_row_v_2
                0x0000000000106568       0x44 main.o
 .text.stbi__resample_row_hv_2
                0x00000000001065ac       0xa8 main.o
 .text.stbi__resample_row_generic
                0x0000000000106654       0x50 main.o
 .text.stbi__YCbCr_to_RGB_row
                0x00000000001066a4       0xf4 main.o
 .text.stbi__bitreverse16
                0x0000000000106798       0x68 main.o
 .text.stbi__high_bit
                0x0000000000106800       0x50 main.o
 .text.stbi__out_gif_code
                0x0000000000106850      0x114 main.o
 .text.stbi__getn
                0x0000000000106964       0xa0 main.o
 .text.stbi__vertical_flip
                0x0000000000106a04       0xb4 main.o
 .text.stbi__stdio_skip
                0x0000000000106ab8        0x8 main.o
 .text.stbi__stdio_read
                0x0000000000106ac0       0x10 main.o
 .text.stbi__build_huffman
                0x0000000000106ad0      0x184 main.o
 .text.stbi__malloc_mad2
                0x0000000000106c54       0x60 main.o
 .text.stbi__convert_format16
                0x0000000000106cb4      0x530 main.o
 *fill*         0x00000000001071e4        0x4 
 .text.stbi__hdr_convert
                0x00000000001071e8      0x114 main.o
 .text.stbi__mad3sizes_valid
                0x00000000001072fc       0x80 main.o
 .text.stbi__get8
                0x000000000010737c       0x78 main.o
 .text.stbi__grow_buffer_unsafe
                0x00000000001073f4       0x80 main.o
 .text.stbi__jpeg_huff_decode
                0x0000000000107474      0x134 main.o
 .text.stbi__extend_receive
                0x00000000001075a8       0x94 main.o
 .text.stbi__jpeg_decode_block
                0x000000000010763c      0x1c8 main.o
 .text.stbi__resample_row_h_2
                0x0000000000107804       0xcc main.o
 .text.stbi__shiftsigned
                0x00000000001078d0       0x8c main.o
 .text.stbi__fill_bits
                0x000000000010795c       0x68 main.o
 .text.stbi__zhuffman_decode
                0x00000000001079c4      0x124 main.o
 .text.stbi__zbuild_huffman
                0x0000000000107ae8      0x214 main.o
 .text.stb__sbgrowf.constprop.0
                0x0000000000107cfc       0x64 main.o
 .text.stbi__free_jpeg_components.constprop.0
                0x0000000000107d60       0x88 main.o
 .text.stbi__mad4sizes_valid.constprop.0
                0x0000000000107de8       0x74 main.o
 .text.stbi__start_callbacks
                0x0000000000107e5c       0x74 main.o
 .text.stbi__jpeg_decode_block_prog_dc.part.0
                0x0000000000107ed0       0xe4 main.o
 .text.stbi__parse_entropy_coded_data
                0x0000000000107fb4      0xcbc main.o
 .text.stbi__pnm_skip_whitespace
                0x0000000000108c70      0x12c main.o
 .text.stbi__get32le
                0x0000000000108d9c       0x40 main.o
 .text.stbi__get32be
                0x0000000000108ddc       0x44 main.o
 .text.stbi__malloc_mad3
                0x0000000000108e20       0x80 main.o
 .text.stbi__create_png_image_raw
                0x0000000000108ea0     0x1050 main.o
 .text.stbi__convert_format
                0x0000000000109ef0      0x538 main.o
 .text.stbi__compute_huffman_codes
                0x000000000010a428      0x2ec main.o
 .text.stbi__parse_zlib
                0x000000000010a714      0x6f4 main.o
 .text.stbi__hdr_test
                0x000000000010ae08       0xec main.o
 .text.stbi__pnm_info
                0x000000000010aef4      0x238 main.o
 .text.stbi__gif_parse_colortable
                0x000000000010b12c      0x178 main.o
 .text.stbi__hdr_gettoken
                0x000000000010b2a4      0x158 main.o
 .text.stbi__hdr_load.constprop.0
                0x000000000010b3fc      0x5f0 main.o
 .text.stbi__get16be
                0x000000000010b9ec       0xfc main.o
 .text.stbi__process_marker
                0x000000000010bae8      0x520 main.o
 .text.stbi__decode_jpeg_header
                0x000000000010c008      0x67c main.o
 .text.stbi__get16le
                0x000000000010c684       0xf4 main.o
 .text.stbi__bmp_parse_header.part.0
                0x000000000010c778      0x380 main.o
 .text.stbi__bmp_load.constprop.0
                0x000000000010caf8      0xb28 main.o
 .text.stbi__gif_test_raw
                0x000000000010d620       0xe0 main.o
 .text.stbi__gif_header
                0x000000000010d700      0x1a8 main.o
 .text.stbi__gif_load_next.constprop.0
                0x000000000010d8a8      0x754 main.o
 .text.stbi__gif_load.constprop.0
                0x000000000010dffc       0xe0 main.o
 .text.rotatev3
                0x000000000010e0dc       0xac main.o
                0x000000000010e0dc                rotatev3
 .text.identitymat4
                0x000000000010e188       0x64 main.o
                0x000000000010e188                identitymat4
 .text.lookAt   0x000000000010e1ec      0x240 main.o
                0x000000000010e1ec                lookAt
 .text.stbi_zlib_decode_malloc_guesssize_headerflag
                0x000000000010e42c       0xa0 main.o
                0x000000000010e42c                stbi_zlib_decode_malloc_guesssize_headerflag
 .text.stbi__parse_png_file
                0x000000000010e4cc     0x10d0 main.o
 .text.stbi__load_main
                0x000000000010f59c     0x2ff4 main.o
 .text.stbi__load_and_postprocess_8bit
                0x0000000000112590      0x164 main.o
 .text.stbi_load
                0x00000000001126f4       0xb4 main.o
                0x00000000001126f4                stbi_load
 .text.ainit    0x00000000001127a8       0x3c main.o
                0x00000000001127a8                ainit
 .text.init     0x00000000001127e4       0x48 main.o
                0x00000000001127e4                init
 .text.freeobjraw
                0x000000000011282c       0x70 main.o
                0x000000000011282c                freeobjraw
 .text.freemodel
                0x000000000011289c       0x2c main.o
                0x000000000011289c                freemodel
 .text.tobj_tomodel
                0x00000000001128c8      0x390 main.o
                0x00000000001128c8                tobj_tomodel
 .text.tobj_load
                0x0000000000112c58      0xe28 main.o
                0x0000000000112c58                tobj_load
 .text.rotateCamera
                0x0000000000113a80      0x27c main.o
                0x0000000000113a80                rotateCamera
 .text.initFluid
                0x0000000000113cfc       0xc0 main.o
                0x0000000000113cfc                initFluid
 .text.myscandir
                0x0000000000113dbc       0x54 main.o
                0x0000000000113dbc                myscandir
 .text.startup.main
                0x0000000000113e10      0x8d0 main.o
                0x0000000000113e10                main
 .text.glopClearColor
                0x00000000001146e0       0x30 clear.o
                0x00000000001146e0                glopClearColor
 .text.glopClearDepth
                0x0000000000114710       0x10 clear.o
                0x0000000000114710                glopClearDepth
 .text.glopClear
                0x0000000000114720       0x64 clear.o
                0x0000000000114720                glopClear
 .text.ZB_open  0x0000000000114784       0xf8 zbuffer.o
                0x0000000000114784                ZB_open
 .text.ZB_copyFrameBuffer
                0x000000000011487c      0x1b0 zbuffer.o
                0x000000000011487c                ZB_copyFrameBuffer
 .text.ZB_clear
                0x0000000000114a2c      0x13c zbuffer.o
                0x0000000000114a2c                ZB_clear
 .text.ZB_initDither
                0x0000000000114b68      0x154 zdither.o
                0x0000000000114b68                ZB_initDither
 .text.tgl_warning
                0x0000000000114cbc        0xc msghandling.o
                0x0000000000114cbc                tgl_warning
 .text.tgl_trace
                0x0000000000114cc8        0xc msghandling.o
                0x0000000000114cc8                tgl_trace
 .text.ZB_fillTriangleFlat
                0x0000000000114cd4      0x740 ztriangle.o
                0x0000000000114cd4                ZB_fillTriangleFlat
 .text.ZB_fillTriangleSmooth
                0x0000000000115414      0xb10 ztriangle.o
                0x0000000000115414                ZB_fillTriangleSmooth
 .text.ZB_setTexture
                0x0000000000115f24        0x8 ztriangle.o
                0x0000000000115f24                ZB_setTexture
 .text.ZB_fillTriangleMappingPerspective
                0x0000000000115f2c      0xd28 ztriangle.o
                0x0000000000115f2c                ZB_fillTriangleMappingPerspective
 .text.ZB_plot  0x0000000000116c54       0x68 zline.o
                0x0000000000116c54                ZB_plot
 .text.ZB_line_z
                0x0000000000116cbc      0x8c4 zline.o
                0x0000000000116cbc                ZB_line_z
 .text.ZB_line  0x0000000000117580      0x514 zline.o
                0x0000000000117580                ZB_line
 .text.gl_convertRGB_to_8A8R8G8B
                0x0000000000117a94       0x48 image_util.o
                0x0000000000117a94                gl_convertRGB_to_8A8R8G8B
 .text.gl_resizeImageNoInterpolate
                0x0000000000117adc       0xe4 image_util.o
                0x0000000000117adc                gl_resizeImageNoInterpolate
 .text.glopMatrixMode
                0x0000000000117bc0       0x70 matrix.o
                0x0000000000117bc0                glopMatrixMode
 .text.glopLoadMatrix
                0x0000000000117c30       0x58 matrix.o
                0x0000000000117c30                glopLoadMatrix
 .text.glopLoadIdentity
                0x0000000000117c88       0x30 matrix.o
                0x0000000000117c88                glopLoadIdentity
 .text.glopMultMatrix
                0x0000000000117cb8       0x74 matrix.o
                0x0000000000117cb8                glopMultMatrix
 .text.glopPushMatrix
                0x0000000000117d2c       0x74 matrix.o
                0x0000000000117d2c                glopPushMatrix
 .text.glopPopMatrix
                0x0000000000117da0       0x58 matrix.o
                0x0000000000117da0                glopPopMatrix
 .text.glopRotate
                0x0000000000117df8      0x27c matrix.o
                0x0000000000117df8                glopRotate
 .text.glopScale
                0x0000000000118074       0xbc matrix.o
                0x0000000000118074                glopScale
 .text.glopTranslate
                0x0000000000118130       0xc4 matrix.o
                0x0000000000118130                glopTranslate
 .text.glopFrustum
                0x00000000001181f4      0x10c matrix.o
                0x00000000001181f4                glopFrustum
 .text.glopInitNames
                0x0000000000118300       0x20 select.o
                0x0000000000118300                glopInitNames
 .text.glopPushName
                0x0000000000118320       0x64 select.o
                0x0000000000118320                glopPushName
 .text.glopPopName
                0x0000000000118384       0x58 select.o
                0x0000000000118384                glopPopName
 .text.glopLoadName
                0x00000000001183dc       0x5c select.o
                0x00000000001183dc                glopLoadName
 .text.gl_add_select
                0x0000000000118438       0xc0 select.o
                0x0000000000118438                gl_add_select
 .text._ZL21addrMapNodeComparatorPK11rbtree_nodeS1_
                0x00000000001184f8       0x24 /opt/devkitpro/libctru/lib/libctru.a(linear.o)
 .text._ZL21addrMapNodeDestructorP11rbtree_node
                0x000000000011851c        0x4 /opt/devkitpro/libctru/lib/libctru.a(linear.o)
 .text.linearMemAlign
                0x0000000000118520      0x120 /opt/devkitpro/libctru/lib/libctru.a(linear.o)
                0x0000000000118520                linearMemAlign
 .text.linearAlloc
                0x0000000000118640        0x8 /opt/devkitpro/libctru/lib/libctru.a(linear.o)
                0x0000000000118640                linearAlloc
 .text.linearFree
                0x0000000000118648       0x5c /opt/devkitpro/libctru/lib/libctru.a(linear.o)
                0x0000000000118648                linearFree
 .text._ZN7MemPool13CoalesceRightEP8MemBlock
                0x00000000001186a4       0x84 /opt/devkitpro/libctru/lib/libctru.a(mem_pool.o)
                0x00000000001186a4                MemPool::CoalesceRight(MemBlock*)
 .text._ZN7MemPool8AllocateER8MemChunkmi
                0x0000000000118728      0x170 /opt/devkitpro/libctru/lib/libctru.a(mem_pool.o)
                0x0000000000118728                MemPool::Allocate(MemChunk&, unsigned long, int)
 .text._ZN7MemPool10DeallocateERK8MemChunk
                0x0000000000118898       0xfc /opt/devkitpro/libctru/lib/libctru.a(mem_pool.o)
                0x0000000000118898                MemPool::Deallocate(MemChunk const&)
 .text.romfs_close
                0x0000000000118994        0x8 /opt/devkitpro/libctru/lib/libctru.a(romfs_dev.o)
 .text.romfs_seek
                0x000000000011899c       0xc8 /opt/devkitpro/libctru/lib/libctru.a(romfs_dev.o)
 .text.romfs_dirreset
                0x0000000000118a64       0x24 /opt/devkitpro/libctru/lib/libctru.a(romfs_dev.o)
 .text.fill_dir
                0x0000000000118a88       0xc8 /opt/devkitpro/libctru/lib/libctru.a(romfs_dev.o)
 .text.romfs_dirnext
                0x0000000000118b50      0x2b0 /opt/devkitpro/libctru/lib/libctru.a(romfs_dev.o)
 .text.romfs_free
                0x0000000000118e00       0x84 /opt/devkitpro/libctru/lib/libctru.a(romfs_dev.o)
 .text.searchForFile.constprop.0
                0x0000000000118e84       0xd4 /opt/devkitpro/libctru/lib/libctru.a(romfs_dev.o)
 .text.searchForDir.constprop.0
                0x0000000000118f58       0xd8 /opt/devkitpro/libctru/lib/libctru.a(romfs_dev.o)
 .text.navigateToDir.constprop.0
                0x0000000000119030      0x1c0 /opt/devkitpro/libctru/lib/libctru.a(romfs_dev.o)
 .text.romfs_open
                0x00000000001191f0      0x128 /opt/devkitpro/libctru/lib/libctru.a(romfs_dev.o)
 .text.romfs_chdir
                0x0000000000119318       0x4c /opt/devkitpro/libctru/lib/libctru.a(romfs_dev.o)
 .text.romfs_diropen
                0x0000000000119364       0x70 /opt/devkitpro/libctru/lib/libctru.a(romfs_dev.o)
 .text.romfs_stat
                0x00000000001193d4      0x17c /opt/devkitpro/libctru/lib/libctru.a(romfs_dev.o)
 .text.romfs_dirclose
                0x0000000000119550        0x8 /opt/devkitpro/libctru/lib/libctru.a(romfs_dev.o)
 .text.romfs_fstat
                0x0000000000119558       0x7c /opt/devkitpro/libctru/lib/libctru.a(romfs_dev.o)
 .text.romfs_read
                0x00000000001195d4       0xd4 /opt/devkitpro/libctru/lib/libctru.a(romfs_dev.o)
 .text.romfsMountFromFile
                0x00000000001196a8      0x290 /opt/devkitpro/libctru/lib/libctru.a(romfs_dev.o)
                0x00000000001196a8                romfsMountFromFile
 .text.romfsMountFromCurrentProcess
                0x0000000000119938       0x98 /opt/devkitpro/libctru/lib/libctru.a(romfs_dev.o)
                0x0000000000119938                romfsMountFromCurrentProcess
 .text.romfsMountSelf
                0x00000000001199d0      0x25c /opt/devkitpro/libctru/lib/libctru.a(romfs_dev.o)
                0x00000000001199d0                romfsMountSelf
 .text.consoleDrawChar
                0x0000000000119c2c      0x178 /opt/devkitpro/libctru/lib/libctru.a(console.o)
                0x0000000000119c2c                consoleDrawChar
 .text.consolePrintChar
                0x0000000000119da4      0x124 /opt/devkitpro/libctru/lib/libctru.a(console.o)
                0x0000000000119da4                consolePrintChar
 .text.con_write
                0x0000000000119ec8      0xa00 /opt/devkitpro/libctru/lib/libctru.a(console.o)
                0x0000000000119ec8                con_write
 .text.consoleInit
                0x000000000011a8c8      0x168 /opt/devkitpro/libctru/lib/libctru.a(console.o)
                0x000000000011a8c8                consoleInit
 .text.newRow   0x000000000011aa30       0xf4 /opt/devkitpro/libctru/lib/libctru.a(console.o)
 .text.gfxPresentFramebuffer
                0x000000000011ab24       0xd0 /opt/devkitpro/libctru/lib/libctru.a(gfx.o)
 .text.gfxSet3D
                0x000000000011abf4       0x10 /opt/devkitpro/libctru/lib/libctru.a(gfx.o)
                0x000000000011abf4                gfxSet3D
 .text.gfxIsWide
                0x000000000011ac04       0x1c /opt/devkitpro/libctru/lib/libctru.a(gfx.o)
                0x000000000011ac04                gfxIsWide
 .text.gfxSetScreenFormat
                0x000000000011ac20       0xec /opt/devkitpro/libctru/lib/libctru.a(gfx.o)
                0x000000000011ac20                gfxSetScreenFormat
 .text.gfxSetDoubleBuffering
                0x000000000011ad0c       0x10 /opt/devkitpro/libctru/lib/libctru.a(gfx.o)
                0x000000000011ad0c                gfxSetDoubleBuffering
 .text.gfxInit  0x000000000011ad1c      0x108 /opt/devkitpro/libctru/lib/libctru.a(gfx.o)
                0x000000000011ad1c                gfxInit
 .text.gfxInitDefault
                0x000000000011ae24       0x10 /opt/devkitpro/libctru/lib/libctru.a(gfx.o)
                0x000000000011ae24                gfxInitDefault
 .text.gfxExit  0x000000000011ae34       0xb4 /opt/devkitpro/libctru/lib/libctru.a(gfx.o)
                0x000000000011ae34                gfxExit
 .text.gfxGetFramebuffer
                0x000000000011aee8       0xa0 /opt/devkitpro/libctru/lib/libctru.a(gfx.o)
                0x000000000011aee8                gfxGetFramebuffer
 .text.gfxFlushBuffers
                0x000000000011af88      0x10c /opt/devkitpro/libctru/lib/libctru.a(gfx.o)
                0x000000000011af88                gfxFlushBuffers
 .text.gfxScreenSwapBuffers
                0x000000000011b094       0x30 /opt/devkitpro/libctru/lib/libctru.a(gfx.o)
                0x000000000011b094                gfxScreenSwapBuffers
 .text.gfxSwapBuffers
                0x000000000011b0c4       0x50 /opt/devkitpro/libctru/lib/libctru.a(gfx.o)
                0x000000000011b0c4                gfxSwapBuffers
 .text.gfxSwapBuffersGpu
                0x000000000011b114       0x50 /opt/devkitpro/libctru/lib/libctru.a(gfx.o)
                0x000000000011b114                gfxSwapBuffersGpu
 .text.DSP_LoadComponent.part.0
                0x000000000011b164       0xa4 /opt/devkitpro/libctru/lib/libctru.a(dsp.o)
 .text.dspInit  0x000000000011b208       0xdc /opt/devkitpro/libctru/lib/libctru.a(dsp.o)
                0x000000000011b208                dspInit
 .text.dspExit  0x000000000011b2e4       0x78 /opt/devkitpro/libctru/lib/libctru.a(dsp.o)
                0x000000000011b2e4                dspExit
 .text.dspHook  0x000000000011b35c       0x24 /opt/devkitpro/libctru/lib/libctru.a(dsp.o)
                0x000000000011b35c                dspHook
 .text.dspUnhook
                0x000000000011b380       0x30 /opt/devkitpro/libctru/lib/libctru.a(dsp.o)
                0x000000000011b380                dspUnhook
 .text.aptDspSleep
                0x000000000011b3b0       0xac /opt/devkitpro/libctru/lib/libctru.a(dsp.o)
                0x000000000011b3b0                aptDspSleep
 .text.aptDspWakeup
                0x000000000011b45c       0xb4 /opt/devkitpro/libctru/lib/libctru.a(dsp.o)
                0x000000000011b45c                aptDspWakeup
 .text.aptDspCancel
                0x000000000011b510       0x44 /opt/devkitpro/libctru/lib/libctru.a(dsp.o)
                0x000000000011b510                aptDspCancel
 .text.DSP_FlushDataCache
                0x000000000011b554       0x50 /opt/devkitpro/libctru/lib/libctru.a(dsp.o)
                0x000000000011b554                DSP_FlushDataCache
 .text.DSP_SetSemaphore
                0x000000000011b5a4       0x34 /opt/devkitpro/libctru/lib/libctru.a(dsp.o)
                0x000000000011b5a4                DSP_SetSemaphore
 .text.DSP_SetSemaphoreMask
                0x000000000011b5d8       0x34 /opt/devkitpro/libctru/lib/libctru.a(dsp.o)
                0x000000000011b5d8                DSP_SetSemaphoreMask
 .text.DSP_GetSemaphoreHandle
                0x000000000011b60c       0x38 /opt/devkitpro/libctru/lib/libctru.a(dsp.o)
                0x000000000011b60c                DSP_GetSemaphoreHandle
 .text.DSP_LoadComponent
                0x000000000011b644       0x3c /opt/devkitpro/libctru/lib/libctru.a(dsp.o)
                0x000000000011b644                DSP_LoadComponent
 .text.DSP_RegisterInterruptEvents
                0x000000000011b680       0x44 /opt/devkitpro/libctru/lib/libctru.a(dsp.o)
                0x000000000011b680                DSP_RegisterInterruptEvents
 .text.DSP_ReadPipeIfPossible
                0x000000000011b6c4       0x74 /opt/devkitpro/libctru/lib/libctru.a(dsp.o)
                0x000000000011b6c4                DSP_ReadPipeIfPossible
 .text.DSP_WriteProcessPipe
                0x000000000011b738       0x4c /opt/devkitpro/libctru/lib/libctru.a(dsp.o)
                0x000000000011b738                DSP_WriteProcessPipe
 .text.DSP_ConvertProcessAddressFromDspDram
                0x000000000011b784       0x40 /opt/devkitpro/libctru/lib/libctru.a(dsp.o)
                0x000000000011b784                DSP_ConvertProcessAddressFromDspDram
 .text.DSP_RecvData
                0x000000000011b7c4       0x40 /opt/devkitpro/libctru/lib/libctru.a(dsp.o)
                0x000000000011b7c4                DSP_RecvData
 .text.DSP_RecvDataIsReady
                0x000000000011b804       0x4c /opt/devkitpro/libctru/lib/libctru.a(dsp.o)
                0x000000000011b804                DSP_RecvDataIsReady
 .text.gspHardwareInit
                0x000000000011b850      0xc58 /opt/devkitpro/libctru/lib/libctru.a(gspgpu.o)
 .text.gspInit  0x000000000011c4a8      0x254 /opt/devkitpro/libctru/lib/libctru.a(gspgpu.o)
                0x000000000011c4a8                gspInit
 .text.gspExit  0x000000000011c6fc       0xf0 /opt/devkitpro/libctru/lib/libctru.a(gspgpu.o)
                0x000000000011c6fc                gspExit
 .text.gspHasGpuRight
                0x000000000011c7ec       0x10 /opt/devkitpro/libctru/lib/libctru.a(gspgpu.o)
                0x000000000011c7ec                gspHasGpuRight
 .text.gspPresentBuffer
                0x000000000011c7fc       0x98 /opt/devkitpro/libctru/lib/libctru.a(gspgpu.o)
                0x000000000011c7fc                gspPresentBuffer
 .text.gspSetEventCallback
                0x000000000011c894       0x30 /opt/devkitpro/libctru/lib/libctru.a(gspgpu.o)
                0x000000000011c894                gspSetEventCallback
 .text.gspWaitForEvent
                0x000000000011c8c4       0x50 /opt/devkitpro/libctru/lib/libctru.a(gspgpu.o)
                0x000000000011c8c4                gspWaitForEvent
 .text.gspWaitForAnyEvent
                0x000000000011c914       0x4c /opt/devkitpro/libctru/lib/libctru.a(gspgpu.o)
                0x000000000011c914                gspWaitForAnyEvent
 .text.gspEventThreadMain
                0x000000000011c960      0x160 /opt/devkitpro/libctru/lib/libctru.a(gspgpu.o)
 .text.gspSubmitGxCommand
                0x000000000011cac0      0x130 /opt/devkitpro/libctru/lib/libctru.a(gspgpu.o)
                0x000000000011cac0                gspSubmitGxCommand
 .text.GSPGPU_FlushDataCache
                0x000000000011cbf0       0x50 /opt/devkitpro/libctru/lib/libctru.a(gspgpu.o)
                0x000000000011cbf0                GSPGPU_FlushDataCache
 .text.GSPGPU_SetLcdForceBlack
                0x000000000011cc40       0x34 /opt/devkitpro/libctru/lib/libctru.a(gspgpu.o)
                0x000000000011cc40                GSPGPU_SetLcdForceBlack
 .text.GSPGPU_AcquireRight
                0x000000000011cc74       0x68 /opt/devkitpro/libctru/lib/libctru.a(gspgpu.o)
                0x000000000011cc74                GSPGPU_AcquireRight
 .text.GSPGPU_ReleaseRight
                0x000000000011ccdc       0x48 /opt/devkitpro/libctru/lib/libctru.a(gspgpu.o)
                0x000000000011ccdc                GSPGPU_ReleaseRight
 .text.GSPGPU_ImportDisplayCaptureInfo
                0x000000000011cd24       0x7c /opt/devkitpro/libctru/lib/libctru.a(gspgpu.o)
                0x000000000011cd24                GSPGPU_ImportDisplayCaptureInfo
 .text.GSPGPU_SaveVramSysArea
                0x000000000011cda0       0x2c /opt/devkitpro/libctru/lib/libctru.a(gspgpu.o)
                0x000000000011cda0                GSPGPU_SaveVramSysArea
 .text.GSPGPU_RestoreVramSysArea
                0x000000000011cdcc       0x2c /opt/devkitpro/libctru/lib/libctru.a(gspgpu.o)
                0x000000000011cdcc                GSPGPU_RestoreVramSysArea
 .text.aptConvertScreenForCapture
                0x000000000011cdf8      0x1b0 /opt/devkitpro/libctru/lib/libctru.a(apt.o)
 .text.aptSendCommand
                0x000000000011cfa8      0x15c /opt/devkitpro/libctru/lib/libctru.a(apt.o)
                0x000000000011cfa8                aptSendCommand
 .text.aptExitProcess
                0x000000000011d104       0x38 /opt/devkitpro/libctru/lib/libctru.a(apt.o)
 .text.aptIsActive
                0x000000000011d13c       0x14 /opt/devkitpro/libctru/lib/libctru.a(apt.o)
                0x000000000011d13c                aptIsActive
 .text.aptExit  0x000000000011d150      0x2f0 /opt/devkitpro/libctru/lib/libctru.a(apt.o)
                0x000000000011d150                aptExit
 .text.aptHandleSleep
                0x000000000011d440       0xd8 /opt/devkitpro/libctru/lib/libctru.a(apt.o)
                0x000000000011d440                aptHandleSleep
 .text.aptHook  0x000000000011d518       0x30 /opt/devkitpro/libctru/lib/libctru.a(apt.o)
                0x000000000011d518                aptHook
 .text.aptUnhook
                0x000000000011d548       0x30 /opt/devkitpro/libctru/lib/libctru.a(apt.o)
                0x000000000011d548                aptUnhook
 .text.APT_SleepIfShellClosed
                0x000000000011d578       0x84 /opt/devkitpro/libctru/lib/libctru.a(apt.o)
                0x000000000011d578                APT_SleepIfShellClosed
 .text.aptSetSleepAllowed
                0x000000000011d5fc       0x84 /opt/devkitpro/libctru/lib/libctru.a(apt.o)
                0x000000000011d5fc                aptSetSleepAllowed
 .text.APT_UnlockTransition
                0x000000000011d680       0x84 /opt/devkitpro/libctru/lib/libctru.a(apt.o)
                0x000000000011d680                APT_UnlockTransition
 *fill*         0x000000000011d704        0x4 
 .text.aptEventHandler
                0x000000000011d708      0x484 /opt/devkitpro/libctru/lib/libctru.a(apt.o)
 .text.APT_ReceiveParameter
                0x000000000011db8c       0xb0 /opt/devkitpro/libctru/lib/libctru.a(apt.o)
                0x000000000011db8c                APT_ReceiveParameter
 .text.aptReceiveParameter.constprop.0
                0x000000000011dc3c       0xb0 /opt/devkitpro/libctru/lib/libctru.a(apt.o)
 *fill*         0x000000000011dcec        0x4 
 .text.aptScreenTransfer
                0x000000000011dcf0      0x2bc /opt/devkitpro/libctru/lib/libctru.a(apt.o)
 .text.aptWaitForWakeUp.isra.0
                0x000000000011dfac      0x2d0 /opt/devkitpro/libctru/lib/libctru.a(apt.o)
 .text.aptJumpToHomeMenu
                0x000000000011e27c       0xf8 /opt/devkitpro/libctru/lib/libctru.a(apt.o)
                0x000000000011e27c                aptJumpToHomeMenu
 .text.aptMainLoop
                0x000000000011e374       0x4c /opt/devkitpro/libctru/lib/libctru.a(apt.o)
                0x000000000011e374                aptMainLoop
 .text.aptInit  0x000000000011e3c0      0x234 /opt/devkitpro/libctru/lib/libctru.a(apt.o)
                0x000000000011e3c0                aptInit
 .text.APT_CheckNew3DS
                0x000000000011e5f4       0x7c /opt/devkitpro/libctru/lib/libctru.a(apt.o)
                0x000000000011e5f4                APT_CheckNew3DS
 .text.hidShouldUseIrrst
                0x000000000011e670       0x24 /opt/devkitpro/libctru/lib/libctru.a(hid.o)
                0x000000000011e670                hidShouldUseIrrst
 .text.hidInit  0x000000000011e694      0x18c /opt/devkitpro/libctru/lib/libctru.a(hid.o)
                0x000000000011e694                hidInit
 .text.hidExit  0x000000000011e820       0xe8 /opt/devkitpro/libctru/lib/libctru.a(hid.o)
                0x000000000011e820                hidExit
 .text.hidScanInput
                0x000000000011e908      0x294 /opt/devkitpro/libctru/lib/libctru.a(hid.o)
                0x000000000011e908                hidScanInput
 .text.hidKeysHeld
                0x000000000011eb9c       0x10 /opt/devkitpro/libctru/lib/libctru.a(hid.o)
                0x000000000011eb9c                hidKeysHeld
 .text.hidKeysDown
                0x000000000011ebac       0x10 /opt/devkitpro/libctru/lib/libctru.a(hid.o)
                0x000000000011ebac                hidKeysDown
 .text.hidKeysUp
                0x000000000011ebbc       0x10 /opt/devkitpro/libctru/lib/libctru.a(hid.o)
                0x000000000011ebbc                hidKeysUp
 .text.hidTouchRead
                0x000000000011ebcc       0x18 /opt/devkitpro/libctru/lib/libctru.a(hid.o)
                0x000000000011ebcc                hidTouchRead
 .text.hidCircleRead
                0x000000000011ebe4       0x18 /opt/devkitpro/libctru/lib/libctru.a(hid.o)
                0x000000000011ebe4                hidCircleRead
 .text.fsInit   0x000000000011ebfc       0xc8 /opt/devkitpro/libctru/lib/libctru.a(fs.o)
                0x000000000011ebfc                fsInit
 .text.fsExit   0x000000000011ecc4       0x3c /opt/devkitpro/libctru/lib/libctru.a(fs.o)
                0x000000000011ecc4                fsExit
 .text.fsExemptFromSession
                0x000000000011ed00       0x60 /opt/devkitpro/libctru/lib/libctru.a(fs.o)
                0x000000000011ed00                fsExemptFromSession
 .text.fsUnexemptFromSession
                0x000000000011ed60       0x50 /opt/devkitpro/libctru/lib/libctru.a(fs.o)
                0x000000000011ed60                fsUnexemptFromSession
 .text.FSUSER_OpenFile
                0x000000000011edb0       0xcc /opt/devkitpro/libctru/lib/libctru.a(fs.o)
                0x000000000011edb0                FSUSER_OpenFile
 .text.FSUSER_OpenFileDirectly
                0x000000000011ee7c       0xd4 /opt/devkitpro/libctru/lib/libctru.a(fs.o)
                0x000000000011ee7c                FSUSER_OpenFileDirectly
 .text.FSUSER_DeleteFile
                0x000000000011ef50       0xbc /opt/devkitpro/libctru/lib/libctru.a(fs.o)
                0x000000000011ef50                FSUSER_DeleteFile
 .text.FSUSER_RenameFile
                0x000000000011f00c       0xf8 /opt/devkitpro/libctru/lib/libctru.a(fs.o)
                0x000000000011f00c                FSUSER_RenameFile
 .text.FSUSER_DeleteDirectory
                0x000000000011f104       0xbc /opt/devkitpro/libctru/lib/libctru.a(fs.o)
                0x000000000011f104                FSUSER_DeleteDirectory
 .text.FSUSER_CreateFile
                0x000000000011f1c0       0xd4 /opt/devkitpro/libctru/lib/libctru.a(fs.o)
                0x000000000011f1c0                FSUSER_CreateFile
 .text.FSUSER_CreateDirectory
                0x000000000011f294       0xc4 /opt/devkitpro/libctru/lib/libctru.a(fs.o)
                0x000000000011f294                FSUSER_CreateDirectory
 .text.FSUSER_RenameDirectory
                0x000000000011f358       0xf8 /opt/devkitpro/libctru/lib/libctru.a(fs.o)
                0x000000000011f358                FSUSER_RenameDirectory
 .text.FSUSER_OpenDirectory
                0x000000000011f450       0xb4 /opt/devkitpro/libctru/lib/libctru.a(fs.o)
                0x000000000011f450                FSUSER_OpenDirectory
 .text.FSUSER_OpenArchive
                0x000000000011f504       0x94 /opt/devkitpro/libctru/lib/libctru.a(fs.o)
                0x000000000011f504                FSUSER_OpenArchive
 .text.FSUSER_CloseArchive
                0x000000000011f598       0x8c /opt/devkitpro/libctru/lib/libctru.a(fs.o)
                0x000000000011f598                FSUSER_CloseArchive
 .text.FSUSER_GetSdmcArchiveResource
                0x000000000011f624       0x74 /opt/devkitpro/libctru/lib/libctru.a(fs.o)
                0x000000000011f624                FSUSER_GetSdmcArchiveResource
 .text.FSUSER_IsSdmcWritable
                0x000000000011f698       0x64 /opt/devkitpro/libctru/lib/libctru.a(fs.o)
                0x000000000011f698                FSUSER_IsSdmcWritable
 .text.FSFILE_Read
                0x000000000011f6fc       0x58 /opt/devkitpro/libctru/lib/libctru.a(fs.o)
                0x000000000011f6fc                FSFILE_Read
 .text.FSFILE_Write
                0x000000000011f754       0x60 /opt/devkitpro/libctru/lib/libctru.a(fs.o)
                0x000000000011f754                FSFILE_Write
 .text.FSFILE_GetSize
                0x000000000011f7b4       0x38 /opt/devkitpro/libctru/lib/libctru.a(fs.o)
                0x000000000011f7b4                FSFILE_GetSize
 .text.FSFILE_SetSize
                0x000000000011f7ec       0x28 /opt/devkitpro/libctru/lib/libctru.a(fs.o)
                0x000000000011f7ec                FSFILE_SetSize
 .text.FSFILE_Close
                0x000000000011f814       0x3c /opt/devkitpro/libctru/lib/libctru.a(fs.o)
                0x000000000011f814                FSFILE_Close
 .text.FSFILE_Flush
                0x000000000011f850       0x24 /opt/devkitpro/libctru/lib/libctru.a(fs.o)
                0x000000000011f850                FSFILE_Flush
 .text.FSDIR_Read
                0x000000000011f874       0x50 /opt/devkitpro/libctru/lib/libctru.a(fs.o)
                0x000000000011f874                FSDIR_Read
 .text.FSDIR_Close
                0x000000000011f8c4       0x3c /opt/devkitpro/libctru/lib/libctru.a(fs.o)
                0x000000000011f8c4                FSDIR_Close
 .text.rbtree_init
                0x000000000011f900       0x10 /opt/devkitpro/libctru/lib/libctru.a(rbtree_init.o)
                0x000000000011f900                rbtree_init
 .text.do_insert
                0x000000000011f910      0x1a0 /opt/devkitpro/libctru/lib/libctru.a(rbtree_insert.o)
 .text.rbtree_insert
                0x000000000011fab0        0x8 /opt/devkitpro/libctru/lib/libctru.a(rbtree_insert.o)
                0x000000000011fab0                rbtree_insert
 .text.rbtree_rotate
                0x000000000011fab8       0x90 /opt/devkitpro/libctru/lib/libctru.a(rbtree_rotate.o)
                0x000000000011fab8                rbtree_rotate
 .text.rbtree_remove
                0x000000000011fb48      0x338 /opt/devkitpro/libctru/lib/libctru.a(rbtree_remove.o)
                0x000000000011fb48                rbtree_remove
 .text.rbtree_find
                0x000000000011fe80       0x74 /opt/devkitpro/libctru/lib/libctru.a(rbtree_find.o)
                0x000000000011fe80                rbtree_find
 .text.utf16_to_utf8
                0x000000000011fef4       0xe8 /opt/devkitpro/libctru/lib/libctru.a(utf16_to_utf8.o)
                0x000000000011fef4                utf16_to_utf8
 .text.decode_utf16
                0x000000000011ffdc       0x64 /opt/devkitpro/libctru/lib/libctru.a(decode_utf16.o)
                0x000000000011ffdc                decode_utf16
 .text.utf8_to_utf16
                0x0000000000120040       0xc0 /opt/devkitpro/libctru/lib/libctru.a(utf8_to_utf16.o)
                0x0000000000120040                utf8_to_utf16
 .text.__system_allocateHeaps
                0x0000000000120100      0x1e0 /opt/devkitpro/libctru/lib/libctru.a(allocateHeaps.o)
                0x0000000000120100                __system_allocateHeaps
 .text.__libctru_init
                0x00000000001202e0       0x38 /opt/devkitpro/libctru/lib/libctru.a(ctru_init.o)
                0x00000000001202e0                __libctru_init
 .text.__system_initArgv
                0x0000000000120318       0xf0 /opt/devkitpro/libctru/lib/libctru.a(initArgv.o)
                0x0000000000120318                __system_initArgv
 .text.svcControlMemory
                0x0000000000120408       0x20 /opt/devkitpro/libctru/lib/libctru.a(svc.o)
                0x0000000000120408                svcControlMemory
 .text.svcQueryMemory
                0x0000000000120428       0x30 /opt/devkitpro/libctru/lib/libctru.a(svc.o)
                0x0000000000120428                svcQueryMemory
 .text.svcExitProcess
                0x0000000000120458        0x8 /opt/devkitpro/libctru/lib/libctru.a(svc.o)
                0x0000000000120458                svcExitProcess
 .text.svcCreateThread
                0x0000000000120460       0x20 /opt/devkitpro/libctru/lib/libctru.a(svc.o)
                0x0000000000120460                svcCreateThread
 .text.svcExitThread
                0x0000000000120480        0x8 /opt/devkitpro/libctru/lib/libctru.a(svc.o)
                0x0000000000120480                svcExitThread
 .text.svcSleepThread
                0x0000000000120488        0x8 /opt/devkitpro/libctru/lib/libctru.a(svc.o)
                0x0000000000120488                svcSleepThread
 .text.svcGetThreadPriority
                0x0000000000120490       0x14 /opt/devkitpro/libctru/lib/libctru.a(svc.o)
                0x0000000000120490                svcGetThreadPriority
 .text.svcReleaseMutex
                0x00000000001204a4        0x8 /opt/devkitpro/libctru/lib/libctru.a(svc.o)
                0x00000000001204a4                svcReleaseMutex
 .text.svcCreateEvent
                0x00000000001204ac       0x14 /opt/devkitpro/libctru/lib/libctru.a(svc.o)
                0x00000000001204ac                svcCreateEvent
 .text.svcSignalEvent
                0x00000000001204c0        0x8 /opt/devkitpro/libctru/lib/libctru.a(svc.o)
                0x00000000001204c0                svcSignalEvent
 .text.svcClearEvent
                0x00000000001204c8        0x8 /opt/devkitpro/libctru/lib/libctru.a(svc.o)
                0x00000000001204c8                svcClearEvent
 .text.svcMapMemoryBlock
                0x00000000001204d0        0x8 /opt/devkitpro/libctru/lib/libctru.a(svc.o)
                0x00000000001204d0                svcMapMemoryBlock
 .text.svcUnmapMemoryBlock
                0x00000000001204d8        0x8 /opt/devkitpro/libctru/lib/libctru.a(svc.o)
                0x00000000001204d8                svcUnmapMemoryBlock
 .text.svcCreateAddressArbiter
                0x00000000001204e0       0x14 /opt/devkitpro/libctru/lib/libctru.a(svc.o)
                0x00000000001204e0                svcCreateAddressArbiter
 .text.svcArbitrateAddressNoTimeout
                0x00000000001204f4        0x8 /opt/devkitpro/libctru/lib/libctru.a(svc.o)
                0x00000000001204f4                svcArbitrateAddressNoTimeout
 .text.svcCloseHandle
                0x00000000001204fc        0x8 /opt/devkitpro/libctru/lib/libctru.a(svc.o)
                0x00000000001204fc                svcCloseHandle
 .text.svcWaitSynchronization
                0x0000000000120504        0x8 /opt/devkitpro/libctru/lib/libctru.a(svc.o)
                0x0000000000120504                svcWaitSynchronization
 .text.svcWaitSynchronizationN
                0x000000000012050c       0x28 /opt/devkitpro/libctru/lib/libctru.a(svc.o)
                0x000000000012050c                svcWaitSynchronizationN
 .text.svcDuplicateHandle
                0x0000000000120534       0x14 /opt/devkitpro/libctru/lib/libctru.a(svc.o)
                0x0000000000120534                svcDuplicateHandle
 .text.svcGetSystemTick
                0x0000000000120548        0x8 /opt/devkitpro/libctru/lib/libctru.a(svc.o)
                0x0000000000120548                svcGetSystemTick
 .text.svcConnectToPort
                0x0000000000120550       0x14 /opt/devkitpro/libctru/lib/libctru.a(svc.o)
                0x0000000000120550                svcConnectToPort
 .text.svcSendSyncRequest
                0x0000000000120564        0x8 /opt/devkitpro/libctru/lib/libctru.a(svc.o)
                0x0000000000120564                svcSendSyncRequest
 .text.svcGetThreadId
                0x000000000012056c       0x14 /opt/devkitpro/libctru/lib/libctru.a(svc.o)
                0x000000000012056c                svcGetThreadId
 .text.svcGetResourceLimit
                0x0000000000120580       0x14 /opt/devkitpro/libctru/lib/libctru.a(svc.o)
                0x0000000000120580                svcGetResourceLimit
 .text.svcGetResourceLimitLimitValues
                0x0000000000120594        0x8 /opt/devkitpro/libctru/lib/libctru.a(svc.o)
                0x0000000000120594                svcGetResourceLimitLimitValues
 .text.svcGetResourceLimitCurrentValues
                0x000000000012059c        0x8 /opt/devkitpro/libctru/lib/libctru.a(svc.o)
                0x000000000012059c                svcGetResourceLimitCurrentValues
 .text.svcBreak
                0x00000000001205a4        0x8 /opt/devkitpro/libctru/lib/libctru.a(svc.o)
                0x00000000001205a4                svcBreak
 .text.initSystem
                0x00000000001205ac       0x50 /opt/devkitpro/libctru/lib/libctru.a(stack_adjust.o)
                0x00000000001205ac                initSystem
 .text.__ctru_exit
                0x00000000001205fc       0x18 /opt/devkitpro/libctru/lib/libctru.a(stack_adjust.o)
                0x00000000001205fc                __ctru_exit
 .text.__aeabi_read_tp
                0x0000000000120614        0xc /opt/devkitpro/libctru/lib/libctru.a(readtp.o)
                0x0000000000120614                __aeabi_read_tp
 .text._ZL21addrMapNodeComparatorPK11rbtree_nodeS1_
                0x0000000000120620       0x24 /opt/devkitpro/libctru/lib/libctru.a(vram.o)
 .text._ZL21addrMapNodeDestructorP11rbtree_node
                0x0000000000120644        0x4 /opt/devkitpro/libctru/lib/libctru.a(vram.o)
 .text.vramMemAlign
                0x0000000000120648      0x114 /opt/devkitpro/libctru/lib/libctru.a(vram.o)
                0x0000000000120648                vramMemAlign
 .text.vramAlloc
                0x000000000012075c        0x8 /opt/devkitpro/libctru/lib/libctru.a(vram.o)
                0x000000000012075c                vramAlloc
 .text.vramFree
                0x0000000000120764       0x5c /opt/devkitpro/libctru/lib/libctru.a(vram.o)
                0x0000000000120764                vramFree
 .text.__sync_init
                0x00000000001207c0        0xc /opt/devkitpro/libctru/lib/libctru.a(synchronization.o)
                0x00000000001207c0                __sync_init
 .text.__sync_fini
                0x00000000001207cc       0x18 /opt/devkitpro/libctru/lib/libctru.a(synchronization.o)
                0x00000000001207cc                __sync_fini
 .text.syncArbitrateAddress
                0x00000000001207e4       0x2c /opt/devkitpro/libctru/lib/libctru.a(synchronization.o)
                0x00000000001207e4                syncArbitrateAddress
 .text.LightLock_Init
                0x0000000000120810       0x1c /opt/devkitpro/libctru/lib/libctru.a(synchronization.o)
                0x0000000000120810                LightLock_Init
 .text.LightLock_Lock
                0x000000000012082c       0x94 /opt/devkitpro/libctru/lib/libctru.a(synchronization.o)
                0x000000000012082c                LightLock_Lock
 .text.LightLock_TryLock
                0x00000000001208c0       0x44 /opt/devkitpro/libctru/lib/libctru.a(synchronization.o)
                0x00000000001208c0                LightLock_TryLock
 .text.LightLock_Unlock
                0x0000000000120904       0x40 /opt/devkitpro/libctru/lib/libctru.a(synchronization.o)
                0x0000000000120904                LightLock_Unlock
 .text.RecursiveLock_Init
                0x0000000000120944       0x24 /opt/devkitpro/libctru/lib/libctru.a(synchronization.o)
                0x0000000000120944                RecursiveLock_Init
 .text.RecursiveLock_Lock
                0x0000000000120968       0x30 /opt/devkitpro/libctru/lib/libctru.a(synchronization.o)
                0x0000000000120968                RecursiveLock_Lock
 .text.RecursiveLock_TryLock
                0x0000000000120998       0x78 /opt/devkitpro/libctru/lib/libctru.a(synchronization.o)
                0x0000000000120998                RecursiveLock_TryLock
 .text.RecursiveLock_Unlock
                0x0000000000120a10       0x54 /opt/devkitpro/libctru/lib/libctru.a(synchronization.o)
                0x0000000000120a10                RecursiveLock_Unlock
 .text.CondVar_Init
                0x0000000000120a64        0xc /opt/devkitpro/libctru/lib/libctru.a(synchronization.o)
                0x0000000000120a64                CondVar_Init
 .text.CondVar_Wait
                0x0000000000120a70       0x84 /opt/devkitpro/libctru/lib/libctru.a(synchronization.o)
                0x0000000000120a70                CondVar_Wait
 .text.CondVar_WakeUp
                0x0000000000120af4       0x88 /opt/devkitpro/libctru/lib/libctru.a(synchronization.o)
                0x0000000000120af4                CondVar_WakeUp
 .text.LightEvent_Init
                0x0000000000120b7c       0x40 /opt/devkitpro/libctru/lib/libctru.a(synchronization.o)
                0x0000000000120b7c                LightEvent_Init
 .text.LightEvent_Clear
                0x0000000000120bbc       0xa4 /opt/devkitpro/libctru/lib/libctru.a(synchronization.o)
                0x0000000000120bbc                LightEvent_Clear
 .text.LightEvent_Signal
                0x0000000000120c60       0xc8 /opt/devkitpro/libctru/lib/libctru.a(synchronization.o)
                0x0000000000120c60                LightEvent_Signal
 .text.LightEvent_TryWait
                0x0000000000120d28       0x58 /opt/devkitpro/libctru/lib/libctru.a(synchronization.o)
                0x0000000000120d28                LightEvent_TryWait
 .text.LightEvent_Wait
                0x0000000000120d80       0xb0 /opt/devkitpro/libctru/lib/libctru.a(synchronization.o)
                0x0000000000120d80                LightEvent_Wait
 .text.LightSemaphore_Init
                0x0000000000120e30       0x14 /opt/devkitpro/libctru/lib/libctru.a(synchronization.o)
                0x0000000000120e30                LightSemaphore_Init
 .text.LightSemaphore_Acquire
                0x0000000000120e44       0x94 /opt/devkitpro/libctru/lib/libctru.a(synchronization.o)
                0x0000000000120e44                LightSemaphore_Acquire
 .text.LightSemaphore_Release
                0x0000000000120ed8       0x64 /opt/devkitpro/libctru/lib/libctru.a(synchronization.o)
                0x0000000000120ed8                LightSemaphore_Release
 .text.envGetHandle
                0x0000000000120f3c       0x84 /opt/devkitpro/libctru/lib/libctru.a(env.o)
                0x0000000000120f3c                envGetHandle
 .text.envDestroyHandles
                0x0000000000120fc0       0x50 /opt/devkitpro/libctru/lib/libctru.a(env.o)
                0x0000000000120fc0                envDestroyHandles
 .text.osConvertVirtToPhys
                0x0000000000121010       0x74 /opt/devkitpro/libctru/lib/libctru.a(os.o)
                0x0000000000121010                osConvertVirtToPhys
 .text.osGetTimeRef
                0x0000000000121084       0x54 /opt/devkitpro/libctru/lib/libctru.a(os.o)
                0x0000000000121084                osGetTimeRef
 .text.osGetTime
                0x00000000001210d8       0xe4 /opt/devkitpro/libctru/lib/libctru.a(os.o)
                0x00000000001210d8                osGetTime
 .text.__libctru_gtod
                0x00000000001211bc       0x74 /opt/devkitpro/libctru/lib/libctru.a(os.o)
                0x00000000001211bc                __libctru_gtod
 .text.__ctru_speedup_config
                0x0000000000121230       0x34 /opt/devkitpro/libctru/lib/libctru.a(os.o)
                0x0000000000121230                __ctru_speedup_config
 .text.srvInit  0x0000000000121264      0x124 /opt/devkitpro/libctru/lib/libctru.a(srv.o)
                0x0000000000121264                srvInit
 .text.srvExit  0x0000000000121388       0x58 /opt/devkitpro/libctru/lib/libctru.a(srv.o)
                0x0000000000121388                srvExit
 .text.srvGetServiceHandleDirect
                0x00000000001213e0       0x80 /opt/devkitpro/libctru/lib/libctru.a(srv.o)
                0x00000000001213e0                srvGetServiceHandleDirect
 .text.srvGetServiceHandle
                0x0000000000121460       0x48 /opt/devkitpro/libctru/lib/libctru.a(srv.o)
                0x0000000000121460                srvGetServiceHandle
 .text.srvPublishToSubscriber
                0x00000000001214a8       0x38 /opt/devkitpro/libctru/lib/libctru.a(srv.o)
                0x00000000001214a8                srvPublishToSubscriber
 .text.threadCreate
                0x00000000001214e0      0x188 /opt/devkitpro/libctru/lib/libctru.a(thread.o)
                0x00000000001214e0                threadCreate
 .text.threadGetHandle
                0x0000000000121668       0x24 /opt/devkitpro/libctru/lib/libctru.a(thread.o)
                0x0000000000121668                threadGetHandle
 .text.threadFree
                0x000000000012168c       0x2c /opt/devkitpro/libctru/lib/libctru.a(thread.o)
                0x000000000012168c                threadFree
 .text.threadJoin
                0x00000000001216b8       0x24 /opt/devkitpro/libctru/lib/libctru.a(thread.o)
                0x00000000001216b8                threadJoin
 .text.threadGetCurrent
                0x00000000001216dc       0x30 /opt/devkitpro/libctru/lib/libctru.a(thread.o)
                0x00000000001216dc                threadGetCurrent
 .text.threadExit
                0x000000000012170c       0x40 /opt/devkitpro/libctru/lib/libctru.a(thread.o)
                0x000000000012170c                threadExit
 .text._thread_begin
                0x000000000012174c       0x44 /opt/devkitpro/libctru/lib/libctru.a(thread.o)
 .text.mappableFindAddressWithin
                0x0000000000121790       0x94 /opt/devkitpro/libctru/lib/libctru.a(mappable.o)
 .text.mappableInit
                0x0000000000121824       0x28 /opt/devkitpro/libctru/lib/libctru.a(mappable.o)
                0x0000000000121824                mappableInit
 .text.mappableAlloc
                0x000000000012184c       0x80 /opt/devkitpro/libctru/lib/libctru.a(mappable.o)
                0x000000000012184c                mappableAlloc
 .text.mappableFree
                0x00000000001218cc        0x4 /opt/devkitpro/libctru/lib/libctru.a(mappable.o)
                0x00000000001218cc                mappableFree
 .text.irrstInit
                0x00000000001218d0      0x160 /opt/devkitpro/libctru/lib/libctru.a(irrst.o)
                0x00000000001218d0                irrstInit
 .text.irrstExit
                0x0000000000121a30       0xcc /opt/devkitpro/libctru/lib/libctru.a(irrst.o)
                0x0000000000121a30                irrstExit
 .text.irrstScanInput
                0x0000000000121afc       0xb0 /opt/devkitpro/libctru/lib/libctru.a(irrst.o)
                0x0000000000121afc                irrstScanInput
 .text.irrstKeysHeld
                0x0000000000121bac       0x24 /opt/devkitpro/libctru/lib/libctru.a(irrst.o)
                0x0000000000121bac                irrstKeysHeld
 .text.irrstCstickRead
                0x0000000000121bd0       0x18 /opt/devkitpro/libctru/lib/libctru.a(irrst.o)
                0x0000000000121bd0                irrstCstickRead
 .text.srvPmGetSessionHandle
                0x0000000000121be8        0xc /opt/devkitpro/libctru/lib/libctru.a(srvpm.o)
                0x0000000000121be8                srvPmGetSessionHandle
 .text.ptmSysmInit
                0x0000000000121bf4       0x74 /opt/devkitpro/libctru/lib/libctru.a(ptmsysm.o)
                0x0000000000121bf4                ptmSysmInit
 .text.ptmSysmExit
                0x0000000000121c68       0x3c /opt/devkitpro/libctru/lib/libctru.a(ptmsysm.o)
                0x0000000000121c68                ptmSysmExit
 .text.PTMSYSM_ConfigureNew3DSCPU
                0x0000000000121ca4       0x34 /opt/devkitpro/libctru/lib/libctru.a(ptmsysm.o)
                0x0000000000121ca4                PTMSYSM_ConfigureNew3DSCPU
 .text.rbtree_node_next
                0x0000000000121cd8       0x50 /opt/devkitpro/libctru/lib/libctru.a(rbtree_iterator.o)
                0x0000000000121cd8                rbtree_node_next
 .text.encode_utf16
                0x0000000000121d28       0x60 /opt/devkitpro/libctru/lib/libctru.a(encode_utf16.o)
                0x0000000000121d28                encode_utf16
 .text.encode_utf8
                0x0000000000121d88       0xfc /opt/devkitpro/libctru/lib/libctru.a(encode_utf8.o)
                0x0000000000121d88                encode_utf8
 .text.decode_utf8
                0x0000000000121e84      0x13c /opt/devkitpro/libctru/lib/libctru.a(decode_utf8.o)
                0x0000000000121e84                decode_utf8
 .text.__appInit
                0x0000000000121fc0       0x30 /opt/devkitpro/libctru/lib/libctru.a(appInit.o)
                0x0000000000121fc0                __appInit
 .text.__libctru_nanosleep
                0x0000000000121ff0       0x30 /opt/devkitpro/libctru/lib/libctru.a(syscalls.o)
 .text.__libctru_get_reent
                0x0000000000122020       0x30 /opt/devkitpro/libctru/lib/libctru.a(syscalls.o)
 .text.__system_initSyscalls
                0x0000000000122050       0xf8 /opt/devkitpro/libctru/lib/libctru.a(syscalls.o)
                0x0000000000122050                __system_initSyscalls
 .text.__appExit
                0x0000000000122148       0x30 /opt/devkitpro/libctru/lib/libctru.a(appExit.o)
                0x0000000000122148                __appExit
 .text.__libctru_exit
                0x0000000000122178       0x90 /opt/devkitpro/libctru/lib/libctru.a(ctru_exit.o)
                0x0000000000122178                __libctru_exit
 .text.archive_link
                0x0000000000122208       0x14 /opt/devkitpro/libctru/lib/libctru.a(archive_dev.o)
 .text.archive_dirreset
                0x000000000012221c       0x14 /opt/devkitpro/libctru/lib/libctru.a(archive_dev.o)
 .text.archive_chmod
                0x0000000000122230       0x14 /opt/devkitpro/libctru/lib/libctru.a(archive_dev.o)
 .text.error_cmp
                0x0000000000122244       0x24 /opt/devkitpro/libctru/lib/libctru.a(archive_dev.o)
 .text.archive_translate_error
                0x0000000000122268       0x50 /opt/devkitpro/libctru/lib/libctru.a(archive_dev.o)
 .text.archive_seek
                0x00000000001222b8       0xd4 /opt/devkitpro/libctru/lib/libctru.a(archive_dev.o)
 .text._archiveInit.part.0
                0x000000000012238c       0x7c /opt/devkitpro/libctru/lib/libctru.a(archive_dev.o)
 .text.archiveFindDevice.part.0
                0x0000000000122408       0x8c /opt/devkitpro/libctru/lib/libctru.a(archive_dev.o)
 .text.archive_utf16path
                0x0000000000122494      0x294 /opt/devkitpro/libctru/lib/libctru.a(archive_dev.o)
 .text._archiveUnmountDeviceStruct.part.0
                0x0000000000122728       0xa0 /opt/devkitpro/libctru/lib/libctru.a(archive_dev.o)
 .text.archive_fchmod
                0x00000000001227c8       0x14 /opt/devkitpro/libctru/lib/libctru.a(archive_dev.o)
 .text.archive_statvfs
                0x00000000001227dc       0x14 /opt/devkitpro/libctru/lib/libctru.a(archive_dev.o)
 .text._archiveMountDevice
                0x00000000001227f0      0x158 /opt/devkitpro/libctru/lib/libctru.a(archive_dev.o)
 .text.archive_diropen
                0x0000000000122948       0xe8 /opt/devkitpro/libctru/lib/libctru.a(archive_dev.o)
 .text.archive_fstat
                0x0000000000122a30       0xa4 /opt/devkitpro/libctru/lib/libctru.a(archive_dev.o)
 .text.archive_close
                0x0000000000122ad4       0x6c /opt/devkitpro/libctru/lib/libctru.a(archive_dev.o)
 .text.archive_fsync
                0x0000000000122b40       0x6c /opt/devkitpro/libctru/lib/libctru.a(archive_dev.o)
 .text.archive_dirclose
                0x0000000000122bac       0x70 /opt/devkitpro/libctru/lib/libctru.a(archive_dev.o)
 .text.sdmc_statvfs
                0x0000000000122c1c       0xe8 /opt/devkitpro/libctru/lib/libctru.a(archive_dev.o)
 .text.archive_ftruncate
                0x0000000000122d04       0x80 /opt/devkitpro/libctru/lib/libctru.a(archive_dev.o)
 .text.archive_chdir
                0x0000000000122d84       0xfc /opt/devkitpro/libctru/lib/libctru.a(archive_dev.o)
 .text.archive_read
                0x0000000000122e80       0xb0 /opt/devkitpro/libctru/lib/libctru.a(archive_dev.o)
 .text.archive_unlink
                0x0000000000122f30       0xac /opt/devkitpro/libctru/lib/libctru.a(archive_dev.o)
 .text.archive_rmdir
                0x0000000000122fdc       0xc8 /opt/devkitpro/libctru/lib/libctru.a(archive_dev.o)
 .text.archive_mkdir
                0x00000000001230a4       0xec /opt/devkitpro/libctru/lib/libctru.a(archive_dev.o)
 .text.archive_stat
                0x0000000000123190      0x1a8 /opt/devkitpro/libctru/lib/libctru.a(archive_dev.o)
 .text.archive_rename
                0x0000000000123338      0x184 /opt/devkitpro/libctru/lib/libctru.a(archive_dev.o)
 .text.archive_dirnext
                0x00000000001234bc      0x168 /opt/devkitpro/libctru/lib/libctru.a(archive_dev.o)
 .text.archive_write
                0x0000000000123624      0x12c /opt/devkitpro/libctru/lib/libctru.a(archive_dev.o)
 .text.archive_open
                0x0000000000123750      0x1f0 /opt/devkitpro/libctru/lib/libctru.a(archive_dev.o)
 .text.archiveMountSdmc
                0x0000000000123940      0x1a4 /opt/devkitpro/libctru/lib/libctru.a(archive_dev.o)
                0x0000000000123940                archiveMountSdmc
 .text.archiveUnmountAll
                0x0000000000123ae4       0x54 /opt/devkitpro/libctru/lib/libctru.a(archive_dev.o)
                0x0000000000123ae4                archiveUnmountAll
 .text.cosf     0x0000000000123b38      0x22c /opt/devkitpro/devkitARM/bin/../lib/gcc/arm-none-eabi/10.2.0/../../../../arm-none-eabi/lib/armv6k/fpu/libm.a(lib_a-cosf.o)
                0x0000000000123b38                cosf
 .text.with_errnof
                0x0000000000123d64       0x24 /opt/devkitpro/devkitARM/bin/../lib/gcc/arm-none-eabi/10.2.0/../../../../arm-none-eabi/lib/armv6k/fpu/libm.a(lib_a-math_errf.o)
 .text.__math_invalidf
                0x0000000000123d88       0x1c /opt/devkitpro/devkitARM/bin/../lib/gcc/arm-none-eabi/10.2.0/../../../../arm-none-eabi/lib/armv6k/fpu/libm.a(lib_a-math_errf.o)
                0x0000000000123d88                __math_invalidf
 *fill*         0x0000000000123da4        0x4 
 .text.pow      0x0000000000123da8      0x6f8 /opt/devkitpro/devkitARM/bin/../lib/gcc/arm-none-eabi/10.2.0/../../../../arm-none-eabi/lib/armv6k/fpu/libm.a(lib_a-pow.o)
                0x0000000000123da8                pow
 .text.cos      0x00000000001244a0       0xc0 /opt/devkitpro/devkitARM/bin/../lib/gcc/arm-none-eabi/10.2.0/../../../../arm-none-eabi/lib/armv6k/fpu/libm.a(lib_a-s_cos.o)
                0x00000000001244a0                cos
 .text.floor    0x0000000000124560      0x164 /opt/devkitpro/devkitARM/bin/../lib/gcc/arm-none-eabi/10.2.0/../../../../arm-none-eabi/lib/armv6k/fpu/libm.a(lib_a-s_floor.o)
                0x0000000000124560                floor
 *fill*         0x00000000001246c4        0x4 
 .text.sinf     0x00000000001246c8      0x274 /opt/devkitpro/devkitARM/bin/../lib/gcc/arm-none-eabi/10.2.0/../../../../arm-none-eabi/lib/armv6k/fpu/libm.a(lib_a-sinf.o)
                0x00000000001246c8                sinf
 .text.ldexp    0x000000000012493c       0x8c /opt/devkitpro/devkitARM/bin/../lib/gcc/arm-none-eabi/10.2.0/../../../../arm-none-eabi/lib/armv6k/fpu/libm.a(lib_a-s_ldexp.o)
                0x000000000012493c                ldexp
 .text.scalbn   0x00000000001249c8      0x138 /opt/devkitpro/devkitARM/bin/../lib/gcc/arm-none-eabi/10.2.0/../../../../arm-none-eabi/lib/armv6k/fpu/libm.a(lib_a-s_scalbn.o)
                0x00000000001249c8                scalbn
 .text.sin      0x0000000000124b00       0xc8 /opt/devkitpro/devkitARM/bin/../lib/gcc/arm-none-eabi/10.2.0/../../../../arm-none-eabi/lib/armv6k/fpu/libm.a(lib_a-s_sin.o)
                0x0000000000124b00                sin
 .text.sqrtf    0x0000000000124bc8       0x70 /opt/devkitpro/devkitARM/bin/../lib/gcc/arm-none-eabi/10.2.0/../../../../arm-none-eabi/lib/armv6k/fpu/libm.a(lib_a-wf_sqrt.o)
                0x0000000000124bc8                sqrtf
 .text.sqrt     0x0000000000124c38       0x74 /opt/devkitpro/devkitARM/bin/../lib/gcc/arm-none-eabi/10.2.0/../../../../arm-none-eabi/lib/armv6k/fpu/libm.a(lib_a-w_sqrt.o)
                0x0000000000124c38                sqrt
 .text.__ieee754_sqrtf
                0x0000000000124cac        0x8 /opt/devkitpro/devkitARM/bin/../lib/gcc/arm-none-eabi/10.2.0/../../../../arm-none-eabi/lib/armv6k/fpu/libm.a(lib_a-ef_sqrt.o)
                0x0000000000124cac                __ieee754_sqrtf
 *fill*         0x0000000000124cb4        0x4 
 .text.__ieee754_rem_pio2
                0x0000000000124cb8      0x328 /opt/devkitpro/devkitARM/bin/../lib/gcc/arm-none-eabi/10.2.0/../../../../arm-none-eabi/lib/armv6k/fpu/libm.a(lib_a-e_rem_pio2.o)
                0x0000000000124cb8                __ieee754_rem_pio2
 .text.__ieee754_sqrt
                0x0000000000124fe0        0x8 /opt/devkitpro/devkitARM/bin/../lib/gcc/arm-none-eabi/10.2.0/../../../../arm-none-eabi/lib/armv6k/fpu/libm.a(lib_a-e_sqrt.o)
                0x0000000000124fe0                __ieee754_sqrt
 .text.__kernel_cos
                0x0000000000124fe8      0x158 /opt/devkitpro/devkitARM/bin/../lib/gcc/arm-none-eabi/10.2.0/../../../../arm-none-eabi/lib/armv6k/fpu/libm.a(lib_a-k_cos.o)
                0x0000000000124fe8                __kernel_cos
 .text.__kernel_rem_pio2
                0x0000000000125140      0x88c /opt/devkitpro/devkitARM/bin/../lib/gcc/arm-none-eabi/10.2.0/../../../../arm-none-eabi/lib/armv6k/fpu/libm.a(lib_a-k_rem_pio2.o)
                0x0000000000125140                __kernel_rem_pio2
 *fill*         0x00000000001259cc        0x4 
 .text.__kernel_sin
                0x00000000001259d0       0xc0 /opt/devkitpro/devkitARM/bin/../lib/gcc/arm-none-eabi/10.2.0/../../../../arm-none-eabi/lib/armv6k/fpu/libm.a(lib_a-k_sin.o)
                0x00000000001259d0                __kernel_sin
 .text.with_errno
                0x0000000000125a90       0x24 /opt/devkitpro/devkitARM/bin/../lib/gcc/arm-none-eabi/10.2.0/../../../../arm-none-eabi/lib/armv6k/fpu/libm.a(lib_a-math_err.o)
 .text.xflow    0x0000000000125ab4       0x28 /opt/devkitpro/devkitARM/bin/../lib/gcc/arm-none-eabi/10.2.0/../../../../arm-none-eabi/lib/armv6k/fpu/libm.a(lib_a-math_err.o)
 *fill*         0x0000000000125adc        0x4 
 .text.__math_uflow
                0x0000000000125ae0       0x10 /opt/devkitpro/devkitARM/bin/../lib/gcc/arm-none-eabi/10.2.0/../../../../arm-none-eabi/lib/armv6k/fpu/libm.a(lib_a-math_err.o)
                0x0000000000125ae0                __math_uflow
 .text.__math_oflow
                0x0000000000125af0       0x10 /opt/devkitpro/devkitARM/bin/../lib/gcc/arm-none-eabi/10.2.0/../../../../arm-none-eabi/lib/armv6k/fpu/libm.a(lib_a-math_err.o)
                0x0000000000125af0                __math_oflow
 .text.__math_divzero
                0x0000000000125b00       0x50 /opt/devkitpro/devkitARM/bin/../lib/gcc/arm-none-eabi/10.2.0/../../../../arm-none-eabi/lib/armv6k/fpu/libm.a(lib_a-math_err.o)
                0x0000000000125b00                __math_divzero
 .text.__math_invalid
                0x0000000000125b50       0x1c /opt/devkitpro/devkitARM/bin/../lib/gcc/arm-none-eabi/10.2.0/../../../../arm-none-eabi/lib/armv6k/fpu/libm.a(lib_a-math_err.o)
                0x0000000000125b50                __math_invalid
 .text.__math_check_uflow
                0x0000000000125b6c       0x14 /opt/devkitpro/devkitARM/bin/../lib/gcc/arm-none-eabi/10.2.0/../../../../arm-none-eabi/lib/armv6k/fpu/libm.a(lib_a-math_err.o)
                0x0000000000125b6c                __math_check_uflow
 .text.__math_check_oflow
                0x0000000000125b80       0x28 /opt/devkitpro/devkitARM/bin/../lib/gcc/arm-none-eabi/10.2.0/../../../../arm-none-eabi/lib/armv6k/fpu/libm.a(lib_a-math_err.o)
                0x0000000000125b80                __math_check_oflow
 .text.fabs     0x0000000000125ba8       0x14 /opt/devkitpro/devkitARM/bin/../lib/gcc/arm-none-eabi/10.2.0/../../../../arm-none-eabi/lib/armv6k/fpu/libm.a(lib_a-s_fabs.o)
                0x0000000000125ba8                fabs
 .text.finite   0x0000000000125bbc       0x20 /opt/devkitpro/devkitARM/bin/../lib/gcc/arm-none-eabi/10.2.0/../../../../arm-none-eabi/lib/armv6k/fpu/libm.a(lib_a-s_finite.o)
                0x0000000000125bbc                finite
 .text.SDL_InitSubSystem
                0x0000000000125bdc      0x158 /opt/devkitpro/portlibs/3ds/lib/libSDL.a(SDL.o)
                0x0000000000125bdc                SDL_InitSubSystem
 .text.SDL_Init
                0x0000000000125d34       0x40 /opt/devkitpro/portlibs/3ds/lib/libSDL.a(SDL.o)
                0x0000000000125d34                SDL_Init
 .text.SDL_QuitSubSystem
                0x0000000000125d74       0x9c /opt/devkitpro/portlibs/3ds/lib/libSDL.a(SDL.o)
                0x0000000000125d74                SDL_QuitSubSystem
 .text.SDL_Quit
                0x0000000000125e10       0x18 /opt/devkitpro/portlibs/3ds/lib/libSDL.a(SDL.o)
                0x0000000000125e10                SDL_Quit
 .text.SDL_SetError
                0x0000000000125e28      0x208 /opt/devkitpro/portlibs/3ds/lib/libSDL.a(SDL_error.o)
                0x0000000000125e28                SDL_SetError
 .text.SDL_GetErrorMsg
                0x0000000000126030      0x2e8 /opt/devkitpro/portlibs/3ds/lib/libSDL.a(SDL_error.o)
                0x0000000000126030                SDL_GetErrorMsg
 .text.SDL_GetError
                0x0000000000126318       0x10 /opt/devkitpro/portlibs/3ds/lib/libSDL.a(SDL_error.o)
                0x0000000000126318                SDL_GetError
 .text.SDL_ClearError
                0x0000000000126328       0x14 /opt/devkitpro/portlibs/3ds/lib/libSDL.a(SDL_error.o)
                0x0000000000126328                SDL_ClearError
 .text.SDL_Error
                0x000000000012633c       0x58 /opt/devkitpro/portlibs/3ds/lib/libSDL.a(SDL_error.o)
                0x000000000012633c                SDL_Error
 .text.SDL_Parachute
                0x0000000000126394       0x20 /opt/devkitpro/portlibs/3ds/lib/libSDL.a(SDL_fatal.o)
 .text.SDL_InstallParachute
                0x00000000001263b4       0x4c /opt/devkitpro/portlibs/3ds/lib/libSDL.a(SDL_fatal.o)
                0x00000000001263b4                SDL_InstallParachute
 .text.SDL_UninstallParachute
                0x0000000000126400       0x50 /opt/devkitpro/portlibs/3ds/lib/libSDL.a(SDL_fatal.o)
                0x0000000000126400                SDL_UninstallParachute
 .text.SDL_LockAudio_Default
                0x0000000000126450       0x30 /opt/devkitpro/portlibs/3ds/lib/libSDL.a(SDL_audio.o)
 .text.SDL_UnlockAudio_Default
                0x0000000000126480       0x30 /opt/devkitpro/portlibs/3ds/lib/libSDL.a(SDL_audio.o)
 .text.SDL_RunAudio
                0x00000000001264b0      0x19c /opt/devkitpro/portlibs/3ds/lib/libSDL.a(SDL_audio.o)
                0x00000000001264b0                SDL_RunAudio
 .text.SDL_OpenAudio
                0x000000000012664c      0x4cc /opt/devkitpro/portlibs/3ds/lib/libSDL.a(SDL_audio.o)
                0x000000000012664c                SDL_OpenAudio
 .text.SDL_PauseAudio
                0x0000000000126b18       0x18 /opt/devkitpro/portlibs/3ds/lib/libSDL.a(SDL_audio.o)
                0x0000000000126b18                SDL_PauseAudio
 .text.SDL_LockAudio
                0x0000000000126b30       0x24 /opt/devkitpro/portlibs/3ds/lib/libSDL.a(SDL_audio.o)
                0x0000000000126b30                SDL_LockAudio
 .text.SDL_UnlockAudio
                0x0000000000126b54       0x24 /opt/devkitpro/portlibs/3ds/lib/libSDL.a(SDL_audio.o)
                0x0000000000126b54                SDL_UnlockAudio
 .text.SDL_CloseAudio
                0x0000000000126b78        0x8 /opt/devkitpro/portlibs/3ds/lib/libSDL.a(SDL_audio.o)
                0x0000000000126b78                SDL_CloseAudio
 .text.SDL_AudioQuit
                0x0000000000126b80       0xac /opt/devkitpro/portlibs/3ds/lib/libSDL.a(SDL_audio.o)
                0x0000000000126b80                SDL_AudioQuit
 .text.SDL_AudioInit
                0x0000000000126c2c      0x104 /opt/devkitpro/portlibs/3ds/lib/libSDL.a(SDL_audio.o)
                0x0000000000126c2c                SDL_AudioInit
 .text.SDL_FirstAudioFormat
                0x0000000000126d30       0xa8 /opt/devkitpro/portlibs/3ds/lib/libSDL.a(SDL_audio.o)
                0x0000000000126d30                SDL_FirstAudioFormat
 .text.SDL_NextAudioFormat
                0x0000000000126dd8       0x54 /opt/devkitpro/portlibs/3ds/lib/libSDL.a(SDL_audio.o)
                0x0000000000126dd8                SDL_NextAudioFormat
 .text.SDL_CalculateAudioSpec
                0x0000000000126e2c       0x34 /opt/devkitpro/portlibs/3ds/lib/libSDL.a(SDL_audio.o)
                0x0000000000126e2c                SDL_CalculateAudioSpec
 .text.SDL_ConvertMono
                0x0000000000126e60      0x27c /opt/devkitpro/portlibs/3ds/lib/libSDL.a(SDL_audiocvt.o)
                0x0000000000126e60                SDL_ConvertMono
 .text.SDL_ConvertStrip
                0x00000000001270dc      0x290 /opt/devkitpro/portlibs/3ds/lib/libSDL.a(SDL_audiocvt.o)
                0x00000000001270dc                SDL_ConvertStrip
 .text.SDL_ConvertStrip_2
                0x000000000012736c      0x294 /opt/devkitpro/portlibs/3ds/lib/libSDL.a(SDL_audiocvt.o)
                0x000000000012736c                SDL_ConvertStrip_2
 .text.SDL_ConvertStereo
                0x0000000000127600       0xa0 /opt/devkitpro/portlibs/3ds/lib/libSDL.a(SDL_audiocvt.o)
                0x0000000000127600                SDL_ConvertStereo
 .text.SDL_ConvertSurround
                0x00000000001276a0      0x414 /opt/devkitpro/portlibs/3ds/lib/libSDL.a(SDL_audiocvt.o)
                0x00000000001276a0                SDL_ConvertSurround
 .text.SDL_ConvertSurround_4
                0x0000000000127ab4      0x38c /opt/devkitpro/portlibs/3ds/lib/libSDL.a(SDL_audiocvt.o)
                0x0000000000127ab4                SDL_ConvertSurround_4
 .text.SDL_Convert16LSB
                0x0000000000127e40       0x70 /opt/devkitpro/portlibs/3ds/lib/libSDL.a(SDL_audiocvt.o)
                0x0000000000127e40                SDL_Convert16LSB
 .text.SDL_Convert16MSB
                0x0000000000127eb0       0x80 /opt/devkitpro/portlibs/3ds/lib/libSDL.a(SDL_audiocvt.o)
                0x0000000000127eb0                SDL_Convert16MSB
 .text.SDL_Convert8
                0x0000000000127f30       0x8c /opt/devkitpro/portlibs/3ds/lib/libSDL.a(SDL_audiocvt.o)
                0x0000000000127f30                SDL_Convert8
 .text.SDL_ConvertSign
                0x0000000000127fbc       0xa4 /opt/devkitpro/portlibs/3ds/lib/libSDL.a(SDL_audiocvt.o)
                0x0000000000127fbc                SDL_ConvertSign
 .text.SDL_ConvertEndian
                0x0000000000128060       0x64 /opt/devkitpro/portlibs/3ds/lib/libSDL.a(SDL_audiocvt.o)
                0x0000000000128060                SDL_ConvertEndian
 .text.SDL_RateMUL2
                0x00000000001280c4       0xc8 /opt/devkitpro/portlibs/3ds/lib/libSDL.a(SDL_audiocvt.o)
                0x00000000001280c4                SDL_RateMUL2
 .text.SDL_RateMUL2_c2
                0x000000000012818c      0x110 /opt/devkitpro/portlibs/3ds/lib/libSDL.a(SDL_audiocvt.o)
                0x000000000012818c                SDL_RateMUL2_c2
 .text.SDL_RateMUL2_c4
                0x000000000012829c      0x178 /opt/devkitpro/portlibs/3ds/lib/libSDL.a(SDL_audiocvt.o)
                0x000000000012829c                SDL_RateMUL2_c4
 .text.SDL_RateMUL2_c6
                0x0000000000128414      0x1e0 /opt/devkitpro/portlibs/3ds/lib/libSDL.a(SDL_audiocvt.o)
                0x0000000000128414                SDL_RateMUL2_c6
 .text.SDL_RateDIV2
                0x00000000001285f4       0xe8 /opt/devkitpro/portlibs/3ds/lib/libSDL.a(SDL_audiocvt.o)
                0x00000000001285f4                SDL_RateDIV2
 .text.SDL_RateDIV2_c2
                0x00000000001286dc       0xf4 /opt/devkitpro/portlibs/3ds/lib/libSDL.a(SDL_audiocvt.o)
                0x00000000001286dc                SDL_RateDIV2_c2
 .text.SDL_RateDIV2_c4
                0x00000000001287d0      0x11c /opt/devkitpro/portlibs/3ds/lib/libSDL.a(SDL_audiocvt.o)
                0x00000000001287d0                SDL_RateDIV2_c4
 .text.SDL_RateDIV2_c6
                0x00000000001288ec      0x158 /opt/devkitpro/portlibs/3ds/lib/libSDL.a(SDL_audiocvt.o)
                0x00000000001288ec                SDL_RateDIV2_c6
 .text.SDL_ConvertAudio
                0x0000000000128a44       0x58 /opt/devkitpro/portlibs/3ds/lib/libSDL.a(SDL_audiocvt.o)
                0x0000000000128a44                SDL_ConvertAudio
 *fill*         0x0000000000128a9c        0x4 
 .text.SDL_BuildAudioCVT
                0x0000000000128aa0      0x5e0 /opt/devkitpro/portlibs/3ds/lib/libSDL.a(SDL_audiocvt.o)
                0x0000000000128aa0                SDL_BuildAudioCVT
 .text.stdio_write
                0x0000000000129080       0x4c /opt/devkitpro/portlibs/3ds/lib/libSDL.a(SDL_rwops.o)
 .text.stdio_read
                0x00000000001290cc       0x4c /opt/devkitpro/portlibs/3ds/lib/libSDL.a(SDL_rwops.o)
 .text.stdio_seek
                0x0000000000129118       0x34 /opt/devkitpro/portlibs/3ds/lib/libSDL.a(SDL_rwops.o)
 .text.stdio_close
                0x000000000012914c       0x34 /opt/devkitpro/portlibs/3ds/lib/libSDL.a(SDL_rwops.o)
 .text.SDL_RWFromFile
                0x0000000000129180       0xbc /opt/devkitpro/portlibs/3ds/lib/libSDL.a(SDL_rwops.o)
                0x0000000000129180                SDL_RWFromFile
 .text.SDL_FreeRW