Archive member included to satisfy reference by file (symbol)

/opt/devkitpro/libctru/lib/libctru.a(linear.o)
                              main.o (linearAlloc)
/opt/devkitpro/libctru/lib/libctru.a(mem_pool.o)
                              /opt/devkitpro/libctru/lib/libctru.a(linear.o) (MemPool::Allocate(MemChunk&, unsigned long, int))
/opt/devkitpro/libctru/lib/libctru.a(romfs_dev.o)
                              main.o (romfsMountSelf)
/opt/devkitpro/libctru/lib/libctru.a(console.o)
                              main.o (consoleInit)
/opt/devkitpro/libctru/lib/libctru.a(path_buf.o)
                              /opt/devkitpro/libctru/lib/libctru.a(romfs_dev.o) (__ctru_dev_utf16_buf)
/opt/devkitpro/libctru/lib/libctru.a(gfx.o)
                              /opt/devkitpro/libctru/lib/libctru.a(console.o) (gfxIsWide)
/opt/devkitpro/libctru/lib/libctru.a(dsp.o)
                              main.o (DSP_FlushDataCache)
/opt/devkitpro/libctru/lib/libctru.a(gspgpu.o)
                              /opt/devkitpro/libctru/lib/libctru.a(gfx.o) (gspInit)
/opt/devkitpro/libctru/lib/libctru.a(apt.o)
                              main.o (aptMainLoop)
/opt/devkitpro/libctru/lib/libctru.a(hid.o)
                              main.o (hidScanInput)
/opt/devkitpro/libctru/lib/libctru.a(fs.o)
                              main.o (fsInit)
/opt/devkitpro/libctru/lib/libctru.a(rbtree_init.o)
                              /opt/devkitpro/libctru/lib/libctru.a(linear.o) (rbtree_init)
/opt/devkitpro/libctru/lib/libctru.a(rbtree_insert.o)
                              /opt/devkitpro/libctru/lib/libctru.a(linear.o) (rbtree_insert)
/opt/devkitpro/libctru/lib/libctru.a(rbtree_rotate.o)
                              /opt/devkitpro/libctru/lib/libctru.a(rbtree_insert.o) (rbtree_rotate)
/opt/devkitpro/libctru/lib/libctru.a(rbtree_remove.o)
                              /opt/devkitpro/libctru/lib/libctru.a(linear.o) (rbtree_remove)
/opt/devkitpro/libctru/lib/libctru.a(rbtree_find.o)
                              /opt/devkitpro/libctru/lib/libctru.a(linear.o) (rbtree_find)
/opt/devkitpro/libctru/lib/libctru.a(utf16_to_utf8.o)
                              /opt/devkitpro/libctru/lib/libctru.a(romfs_dev.o) (utf16_to_utf8)
/opt/devkitpro/libctru/lib/libctru.a(decode_utf16.o)
                              /opt/devkitpro/libctru/lib/libctru.a(utf16_to_utf8.o) (decode_utf16)
/opt/devkitpro/libctru/lib/libctru.a(utf8_to_utf16.o)
                              /opt/devkitpro/libctru/lib/libctru.a(romfs_dev.o) (utf8_to_utf16)
/opt/devkitpro/libctru/lib/libctru.a(allocateHeaps.o)
                              /opt/devkitpro/libctru/lib/libctru.a(linear.o) (__ctru_linear_heap_size)
/opt/devkitpro/libctru/lib/libctru.a(ctru_init.o)
                              /opt/devkitpro/libctru/lib/libctru.a(apt.o) (__system_retAddr)
/opt/devkitpro/libctru/lib/libctru.a(initArgv.o)
                              /opt/devkitpro/libctru/lib/libctru.a(ctru_init.o) (__system_initArgv)
/opt/devkitpro/libctru/lib/libctru.a(svc.o)
                              /opt/devkitpro/libctru/lib/libctru.a(allocateHeaps.o) (svcControlMemory)
/opt/devkitpro/libctru/lib/libctru.a(stack_adjust.o)
                              /opt/devkitpro/devkitARM/bin/../lib/gcc/arm-none-eabi/10.2.0/../../../../arm-none-eabi/lib/armv6k/fpu/3dsx_crt0.o (initSystem)
/opt/devkitpro/libctru/lib/libctru.a(readtp.o)
                              main.o (__aeabi_read_tp)
/opt/devkitpro/libctru/lib/libctru.a(default_font.bin.o)
                              /opt/devkitpro/libctru/lib/libctru.a(console.o) (default_font_bin)
/opt/devkitpro/libctru/lib/libctru.a(vram.o)
                              /opt/devkitpro/libctru/lib/libctru.a(gfx.o) (vramAlloc)
/opt/devkitpro/libctru/lib/libctru.a(synchronization.o)
                              /opt/devkitpro/libctru/lib/libctru.a(ctru_init.o) (__sync_init)
/opt/devkitpro/libctru/lib/libctru.a(env.o)
                              /opt/devkitpro/libctru/lib/libctru.a(fs.o) (envGetHandle)
/opt/devkitpro/libctru/lib/libctru.a(os.o)
                              /opt/devkitpro/libctru/lib/libctru.a(apt.o) (__ctru_speedup_config)
/opt/devkitpro/libctru/lib/libctru.a(srv.o)
                              /opt/devkitpro/libctru/lib/libctru.a(apt.o) (srvInit)
/opt/devkitpro/libctru/lib/libctru.a(thread.o)
                              /opt/devkitpro/libctru/lib/libctru.a(gspgpu.o) (threadCreate)
/opt/devkitpro/libctru/lib/libctru.a(mappable.o)
                              /opt/devkitpro/libctru/lib/libctru.a(allocateHeaps.o) (mappableInit)
/opt/devkitpro/libctru/lib/libctru.a(irrst.o)
                              /opt/devkitpro/libctru/lib/libctru.a(hid.o) (irrstInit)
/opt/devkitpro/libctru/lib/libctru.a(srvpm.o)
                              /opt/devkitpro/libctru/lib/libctru.a(srv.o) (srvPmGetSessionHandle)
/opt/devkitpro/libctru/lib/libctru.a(ptmsysm.o)
                              /opt/devkitpro/libctru/lib/libctru.a(os.o) (ptmSysmInit)
[...]
Memory Configuration

Name             Origin             Length             Attributes
*default*        0x0000000000000000 0xffffffffffffffff

Linker script and memory map

                0x0000000000100000                PROVIDE (__start__ = 0x100000)
                0x0000000000100000                . = __start__

.text           0x0000000000100000    0x9a664
 *(.crt0)
 .crt0          0x0000000000100000       0x94 /opt/devkitpro/devkitARM/bin/../lib/gcc/arm-none-eabi/10.2.0/../../../../arm-none-eabi/lib/armv6k/fpu/3dsx_crt0.o
                0x0000000000100000                _start
                0x0000000000100008                __service_ptr
                0x000000000010000c                __apt_appid
                0x0000000000100010                __heap_size
                0x0000000000100014                __linear_heap_size
                0x0000000000100018                __system_arglist
                0x000000000010001c                __system_runflags
 *(.init)
 .init          0x0000000000100094        0xc /opt/devkitpro/devkitARM/bin/../lib/gcc/arm-none-eabi/10.2.0/armv6k/fpu/crti.o
                0x0000000000100094                _init
 .init          0x00000000001000a0        0xc /opt/devkitpro/devkitARM/bin/../lib/gcc/arm-none-eabi/10.2.0/armv6k/fpu/crtn.o
                0x00000000001000ac                . = ALIGN (0x4)
 *(.text)
 .text          0x00000000001000ac      0x964 /opt/devkitpro/portlibs/3ds/lib/libmad.a(imdct_l_arm.o)
                0x00000000001000ac                _III_imdct_l
                0x00000000001000ac                III_imdct_l
 .text          0x0000000000100a10      0x20c /opt/devkitpro/devkitARM/bin/../lib/gcc/arm-none-eabi/10.2.0/armv6k/fpu/libgcc.a(_udivsi3.o)
                0x0000000000100a10                __udivsi3
                0x0000000000100a10                __aeabi_uidiv
                0x0000000000100bfc                __aeabi_uidivmod
 .text          0x0000000000100c1c      0x240 /opt/devkitpro/devkitARM/bin/../lib/gcc/arm-none-eabi/10.2.0/armv6k/fpu/libgcc.a(_divsi3.o)
                0x0000000000100c1c                __aeabi_idiv
                0x0000000000100c1c                __divsi3
                0x0000000000100e3c                __aeabi_idivmod
 .text          0x0000000000100e5c        0x4 /opt/devkitpro/devkitARM/bin/../lib/gcc/arm-none-eabi/10.2.0/armv6k/fpu/libgcc.a(_dvmd_tls.o)
                0x0000000000100e5c                __aeabi_ldiv0
                0x0000000000100e5c                __aeabi_idiv0
 .text          0x0000000000100e60      0x3c0 /opt/devkitpro/devkitARM/bin/../lib/gcc/arm-none-eabi/10.2.0/armv6k/fpu/libgcc.a(_arm_addsubdf3.o)
                0x0000000000100e60                __aeabi_drsub
                0x0000000000100e68                __aeabi_dsub
                0x0000000000100e68                __subdf3
                0x0000000000100e6c                __adddf3
                0x0000000000100e6c                __aeabi_dadd
                0x0000000000101118                __aeabi_ui2d
                0x0000000000101118                __floatunsidf
                0x000000000010113c                __floatsidf
                0x000000000010113c                __aeabi_i2d
                0x0000000000101164                __extendsfdf2
                0x0000000000101164                __aeabi_f2d
                0x00000000001011ac                __aeabi_ul2d
                0x00000000001011ac                __floatundidf
                0x00000000001011c0                __floatdidf
                0x00000000001011c0                __aeabi_l2d
 .text          0x0000000000101220       0xd4 /opt/devkitpro/devkitARM/bin/../lib/gcc/arm-none-eabi/10.2.0/armv6k/fpu/libgcc.a(_aeabi_ldivmod.o)
                0x0000000000101220                __aeabi_ldivmod
 .text          0x00000000001012f4       0x3c /opt/devkitpro/devkitARM/bin/../lib/gcc/arm-none-eabi/10.2.0/armv6k/fpu/libgcc.a(_aeabi_uldivmod.o)
                0x00000000001012f4                __aeabi_uldivmod
 *fill*         0x0000000000101330       0x10 
 .text          0x0000000000101340      0x390 /opt/devkitpro/devkitARM/bin/../lib/gcc/arm-none-eabi/10.2.0/../../../../arm-none-eabi/lib/armv6k/fpu/libg.a(lib_a-strcmp.o)
                0x0000000000101348                strcmp
 *(.text.*)
 .text.__do_global_dtors_aux
                0x00000000001016d0       0x40 /opt/devkitpro/devkitARM/bin/../lib/gcc/arm-none-eabi/10.2.0/armv6k/fpu/crtbegin.o
 .text.frame_dummy
                0x0000000000101710       0x2c /opt/devkitpro/devkitARM/bin/../lib/gcc/arm-none-eabi/10.2.0/armv6k/fpu/crtbegin.o
 .text.specbuf_get_buffer
                0x000000000010173c      0x170 specbuf.o
                0x000000000010173c                specbuf_get_buffer
 .text.glPlotPixel
                0x00000000001018ac       0x54 ztext.o
                0x00000000001018ac                glPlotPixel
 .text.renderchar
                0x0000000000101900       0xd4 ztext.o
                0x0000000000101900                renderchar
 .text.glDrawText
                0x00000000001019d4       0xe0 ztext.o
                0x00000000001019d4                glDrawText
 .text.glopEndList
                0x0000000000101ab4       0x24 list.o
                0x0000000000101ab4                glopEndList
 .text.glopNextBuffer
                0x0000000000101ad8       0x24 list.o
                0x0000000000101ad8                glopNextBuffer
 .text.glopCallList
                0x0000000000101afc       0x7c list.o
                0x0000000000101afc                glopCallList
 .text.gl_get_context
                0x0000000000101b78       0x10 list.o
                0x0000000000101b78                gl_get_context
 .text.gl_print_op
                0x0000000000101b88       0xbc list.o
                0x0000000000101b88                gl_print_op
 .text.gl_compile_op
                0x0000000000101c44       0xa8 list.o
                0x0000000000101c44                gl_compile_op
 .text.gl_add_op
                0x0000000000101cec       0x7c list.o
                0x0000000000101cec                gl_add_op
 .text.glNewList
                0x0000000000101d68      0x10c list.o
                0x0000000000101d68                glNewList
 .text.glEndList
                0x0000000000101e74       0x68 list.o
                0x0000000000101e74                glEndList
 .text.glGenLists
                0x0000000000101edc       0xc0 list.o
                0x0000000000101edc                glGenLists
 .text.gl_fatal_error
                0x0000000000101f9c       0x64 error.o
                0x0000000000101f9c                gl_fatal_error
 .text.alloc_texture
                0x0000000000102000       0x50 texture.o
                0x0000000000102000                alloc_texture
 .text.glInitTextures
                0x0000000000102050       0x3c texture.o
                0x0000000000102050                glInitTextures
 .text.glGenTextures
                0x000000000010208c       0x78 texture.o
                0x000000000010208c                glGenTextures
 .text.glopBindTexture
                0x0000000000102104       0xb4 texture.o
                0x0000000000102104                glopBindTexture
 .text.glopTexImage2D
                0x00000000001021b8      0x120 texture.o
                0x00000000001021b8                glopTexImage2D
 .text.glopTexEnv
                0x00000000001022d8       0x50 texture.o
                0x00000000001022d8                glopTexEnv
 .text.glopTexParameter
                0x0000000000102328       0x5c texture.o
                0x0000000000102328                glopTexParameter
 .text.glopPixelStore
                0x0000000000102384       0x24 texture.o
                0x0000000000102384                glopPixelStore
 .text.initGL   0x00000000001023a8       0x38 gl_helpers.o
                0x00000000001023a8                initGL
 .text.basicGLConfig
                0x00000000001023e0       0xa8 gl_helpers.o
                0x00000000001023e0                basicGLConfig
 .text.createModelDisplayList
                0x0000000000102488       0xe0 gl_helpers.o
                0x0000000000102488                createModelDisplayList
 .text.swapGL   0x0000000000102568       0x18 gl_helpers.o
                0x0000000000102568                swapGL
 .text.clearGL  0x0000000000102580        0x8 gl_helpers.o
                0x0000000000102580                clearGL
 .text.loadRGBTexture
                0x0000000000102588       0xd0 gl_helpers.o
                0x0000000000102588                loadRGBTexture
 .text.glInit   0x0000000000102658      0x498 init.o
                0x0000000000102658                glInit
 .text.glopMaterial
                0x0000000000102af0      0x190 light.o
                0x0000000000102af0                glopMaterial
 .text.glopColorMaterial
                0x0000000000102c80       0x14 light.o
                0x0000000000102c80                glopColorMaterial
 *fill*         0x0000000000102c94        0x4 
 .text.glopLight
                0x0000000000102c98      0x274 light.o
                0x0000000000102c98                glopLight
 .text.glopLightModel
                0x0000000000102f0c       0x94 light.o
                0x0000000000102f0c                glopLightModel
 .text.gl_enable_disable_light
                0x0000000000102fa0       0x8c light.o
                0x0000000000102fa0                gl_enable_disable_light
 *fill*         0x000000000010302c        0x4 
 .text.gl_shade_vertex
                0x0000000000103030      0x49c light.o
                0x0000000000103030                gl_shade_vertex
 .text.glopArrayElement
                0x00000000001034cc      0x174 arrays.o
                0x00000000001034cc                glopArrayElement
 .text.glopEnableClientState
                0x0000000000103640       0x14 arrays.o
                0x0000000000103640                glopEnableClientState
 .text.glopDisableClientState
                0x0000000000103654       0x14 arrays.o
                0x0000000000103654                glopDisableClientState
 .text.glopVertexPointer
                0x0000000000103668       0x18 arrays.o
                0x0000000000103668                glopVertexPointer
 .text.glopColorPointer
                0x0000000000103680       0x18 arrays.o
                0x0000000000103680                glopColorPointer
 .text.glopNormalPointer
                0x0000000000103698       0x10 arrays.o
                0x0000000000103698                glopNormalPointer
 .text.glopTexCoordPointer
                0x00000000001036a8       0x18 arrays.o
                0x00000000001036a8                glopTexCoordPointer
 .text.glopNormal
                0x00000000001036c0       0x2c vertex.o
                0x00000000001036c0                glopNormal
 .text.glopTexCoord
                0x00000000001036ec       0x2c vertex.o
                0x00000000001036ec                glopTexCoord
 .text.glopEdgeFlag
                0x0000000000103718        0xc vertex.o
                0x0000000000103718                glopEdgeFlag
 .text.glopColor
                0x0000000000103724       0x94 vertex.o
                0x0000000000103724                glopColor
 .text.gl_eval_viewport
                0x00000000001037b8       0x94 vertex.o
                0x00000000001037b8                gl_eval_viewport
 .text.glopBegin
                0x000000000010384c      0x1d4 vertex.o
                0x000000000010384c                glopBegin
 .text.glopVertex
                0x0000000000103a20      0x6d8 vertex.o
                0x0000000000103a20                glopVertex
 .text.glopEnd  0x00000000001040f8       0xbc vertex.o
                0x00000000001040f8                glopEnd
 .text.gl_M4_Id
                0x00000000001041b4       0x4c zmath.o
                0x00000000001041b4                gl_M4_Id
 .text.gl_M4_IsId
                0x0000000000104200       0x68 zmath.o
                0x0000000000104200                gl_M4_IsId
 .text.gl_M4_Mul
                0x0000000000104268       0x6c zmath.o
                0x0000000000104268                gl_M4_Mul
 .text.gl_M4_MulLeft
                0x00000000001042d4       0xa0 zmath.o
                0x00000000001042d4                gl_M4_MulLeft
 .text.gl_M4_Move
                0x0000000000104374       0x3c zmath.o
                0x0000000000104374                gl_M4_Move
 .text.gl_M4_MulV4
                0x00000000001043b0       0xb8 zmath.o
                0x00000000001043b0                gl_M4_MulV4
 .text.gl_M4_Transpose
                0x0000000000104468       0x88 zmath.o
                0x0000000000104468                gl_M4_Transpose
 .text.Matrix_Inv
                0x00000000001044f0      0x264 zmath.o
                0x00000000001044f0                Matrix_Inv
 .text.gl_M4_Inv
                0x0000000000104754       0x58 zmath.o
                0x0000000000104754                gl_M4_Inv
 .text.gl_M4_Rotate
                0x00000000001047ac       0xd8 zmath.o
                0x00000000001047ac                gl_M4_Rotate
 .text.gl_V3_Norm
                0x0000000000104884       0x84 zmath.o
                0x0000000000104884                gl_V3_Norm
 .text.gl_V3_New
                0x0000000000104908        0xc zmath.o
                0x0000000000104908                gl_V3_New
 .text.gl_V4_New
                0x0000000000104914        0xc zmath.o
                0x0000000000104914                gl_V4_New
 .text.interpolate
                0x0000000000104920       0x90 clip.o
 .text.clip_xmin
                0x00000000001049b0       0x74 clip.o
 .text.clip_xmax
                0x0000000000104a24       0x6c clip.o
 .text.clip_ymin
                0x0000000000104a90       0x74 clip.o
 .text.clip_ymax
                0x0000000000104b04       0x6c clip.o
 .text.clip_zmin
                0x0000000000104b70       0x74 clip.o
 .text.clip_zmax
                0x0000000000104be4       0x6c clip.o
 .text.gl_transform_to_viewport
                0x0000000000104c50      0x108 clip.o
                0x0000000000104c50                gl_transform_to_viewport
 .text.updateTmp
                0x0000000000104d58      0x1cc clip.o
 .text.gl_draw_point
                0x0000000000104f24       0x38 clip.o
                0x0000000000104f24                gl_draw_point
 .text.gl_draw_line
                0x0000000000104f5c      0x3ac clip.o
                0x0000000000104f5c                gl_draw_line
 .text.gl_draw_triangle
                0x0000000000105308      0x120 clip.o
                0x0000000000105308                gl_draw_triangle
 .text.gl_draw_triangle_clip
                0x0000000000105428      0x240 clip.o
 .text.gl_draw_triangle_select
                0x0000000000105668       0x3c clip.o
                0x0000000000105668                gl_draw_triangle_select
 .text.gl_draw_triangle_fill
                0x00000000001056a4       0x78 clip.o
                0x00000000001056a4                gl_draw_triangle_fill
 .text.gl_draw_triangle_line
                0x000000000010571c       0xec clip.o
                0x000000000010571c                gl_draw_triangle_line
 .text.gl_draw_triangle_point
                0x0000000000105808       0x64 clip.o
                0x0000000000105808                gl_draw_triangle_point
 .text.glVertex3f
                0x000000000010586c       0x34 api.o
                0x000000000010586c                glVertex3f
 .text.glNormal3f
                0x00000000001058a0       0x2c api.o
                0x00000000001058a0                glNormal3f
 .text.glColor3f
                0x00000000001058cc       0x74 api.o
                0x00000000001058cc                glColor3f
 .text.glTexCoord2f
                0x0000000000105940       0x38 api.o
                0x0000000000105940                glTexCoord2f
 .text.glShadeModel
                0x0000000000105978       0x50 api.o
                0x0000000000105978                glShadeModel
 .text.glCullFace
                0x00000000001059c8       0x60 api.o
                0x00000000001059c8                glCullFace
 .text.glEnable
                0x0000000000105a28       0x30 api.o
                0x0000000000105a28                glEnable
 .text.glDisable
                0x0000000000105a58       0x30 api.o
                0x0000000000105a58                glDisable
 .text.glBegin  0x0000000000105a88       0x28 api.o
                0x0000000000105a88                glBegin
 .text.glEnd    0x0000000000105ab0       0x20 api.o
                0x0000000000105ab0                glEnd
 .text.glMatrixMode
                0x0000000000105ad0       0x28 api.o
                0x0000000000105ad0                glMatrixMode
 .text.glLoadMatrixf
                0x0000000000105af8       0x54 api.o
                0x0000000000105af8                glLoadMatrixf
 .text.glLoadIdentity
                0x0000000000105b4c       0x20 api.o
                0x0000000000105b4c                glLoadIdentity
 .text.glPushMatrix
                0x0000000000105b6c       0x20 api.o
                0x0000000000105b6c                glPushMatrix
 .text.glPopMatrix
                0x0000000000105b8c       0x20 api.o
                0x0000000000105b8c                glPopMatrix
 .text.glTranslatef
                0x0000000000105bac       0x2c api.o
                0x0000000000105bac                glTranslatef
 .text.glViewport
                0x0000000000105bd8       0x30 api.o
                0x0000000000105bd8                glViewport
 .text.glColorMaterial
                0x0000000000105c08       0x2c api.o
                0x0000000000105c08                glColorMaterial
 .text.glLightModeli
                0x0000000000105c34       0x40 api.o
                0x0000000000105c34                glLightModeli
 .text.glClear  0x0000000000105c74       0x28 api.o
                0x0000000000105c74                glClear
 .text.glClearColor
                0x0000000000105c9c       0x30 api.o
                0x0000000000105c9c                glClearColor
 .text.glClearDepth
                0x0000000000105ccc       0x28 api.o
                0x0000000000105ccc                glClearDepth
 .text.glTexImage2D
                0x0000000000105cf4       0x58 api.o
                0x0000000000105cf4                glTexImage2D
 .text.glBindTexture
                0x0000000000105d4c       0x2c api.o
                0x0000000000105d4c                glBindTexture
 .text.glTexParameteri
                0x0000000000105d78       0x44 api.o
                0x0000000000105d78                glTexParameteri
 .text.glCallList
                0x0000000000105dbc       0x28 api.o
                0x0000000000105dbc                glCallList
 .text.glHint   0x0000000000105de4       0x2c api.o
                0x0000000000105de4                glHint
 .text.glPolygonStipple
                0x0000000000105e10       0x30 misc.o
                0x0000000000105e10                glPolygonStipple
 .text.glopViewport
                0x0000000000105e40       0xf8 misc.o
                0x0000000000105e40                glopViewport
 .text.glopEnableDisable
                0x0000000000105f38      0x188 misc.o
                0x0000000000105f38                glopEnableDisable
 .text.glopShadeModel
                0x00000000001060c0        0xc misc.o
                0x00000000001060c0                glopShadeModel
 .text.glopCullFace
                0x00000000001060cc        0xc misc.o
                0x00000000001060cc                glopCullFace
 .text.glopFrontFace
                0x00000000001060d8        0xc misc.o
                0x00000000001060d8                glopFrontFace
 .text.glopPolygonMode
                0x00000000001060e4       0x6c misc.o
                0x00000000001060e4                glopPolygonMode
 .text.glopHint
                0x0000000000106150        0x4 misc.o
                0x0000000000106150                glopHint
 .text.glopPolygonOffset
                0x0000000000106154       0x1c misc.o
                0x0000000000106154                glopPolygonOffset
 .text.gl_free  0x0000000000106170        0x4 memory.o
                0x0000000000106170                gl_free
 .text.gl_malloc
                0x0000000000106174        0x4 memory.o
                0x0000000000106174                gl_malloc
 .text.gl_zalloc
                0x0000000000106178        0xc memory.o
                0x0000000000106178                gl_zalloc
 .text.stbi__stdio_eof
                0x0000000000106184       0x10 main.o
 .text.stbi__skip
                0x0000000000106194       0x54 main.o
 .text.stbi__idct_block
                0x00000000001061e8      0x44c main.o
 .text.resample_row_1
                0x0000000000106634        0x8 main.o
 .text.stbi__resample_row_v_2
                0x000000000010663c       0x44 main.o
 .text.stbi__resample_row_hv_2
                0x0000000000106680       0xa8 main.o
 .text.stbi__resample_row_generic
                0x0000000000106728       0x50 main.o
 .text.stbi__YCbCr_to_RGB_row
                0x0000000000106778       0xf4 main.o
 .text.stbi__bitreverse16
                0x000000000010686c       0x68 main.o
 .text.stbi__high_bit
                0x00000000001068d4       0x50 main.o
 .text.stbi__out_gif_code
                0x0000000000106924      0x114 main.o
 .text.stbi__getn
                0x0000000000106a38       0xa0 main.o
 .text.stbi__vertical_flip
                0x0000000000106ad8       0xb4 main.o
 .text.stbi__stdio_skip
                0x0000000000106b8c        0x8 main.o
 .text.stbi__stdio_read
                0x0000000000106b94       0x10 main.o
 .text.stbi__build_huffman
                0x0000000000106ba4      0x184 main.o
 .text.stbi__malloc_mad2
                0x0000000000106d28       0x60 main.o
 .text.stbi__convert_format16
                0x0000000000106d88      0x530 main.o
 .text.stbi__hdr_convert
                0x00000000001072b8      0x114 main.o
 .text.stbi__mad3sizes_valid
                0x00000000001073cc       0x80 main.o
 .text.stbi__get8
                0x000000000010744c       0x78 main.o
 .text.stbi__grow_buffer_unsafe
                0x00000000001074c4       0x80 main.o
 .text.stbi__jpeg_huff_decode
                0x0000000000107544      0x134 main.o
 .text.stbi__extend_receive
                0x0000000000107678       0x94 main.o
 .text.stbi__jpeg_decode_block
                0x000000000010770c      0x1c8 main.o
 .text.stbi__resample_row_h_2
                0x00000000001078d4       0xcc main.o
 .text.stbi__shiftsigned
                0x00000000001079a0       0x8c main.o
 .text.stbi__fill_bits
                0x0000000000107a2c       0x68 main.o
 .text.stbi__zhuffman_decode
                0x0000000000107a94      0x124 main.o
 .text.stbi__zbuild_huffman
                0x0000000000107bb8      0x214 main.o
 .text.stb__sbgrowf.constprop.0
                0x0000000000107dcc       0x64 main.o
 .text.stbi__free_jpeg_components.constprop.0
                0x0000000000107e30       0x88 main.o
 .text.stbi__mad4sizes_valid.constprop.0
                0x0000000000107eb8       0x74 main.o
 .text.stbi__start_callbacks
                0x0000000000107f2c       0x74 main.o
 .text.stbi__jpeg_decode_block_prog_dc.part.0
                0x0000000000107fa0       0xe4 main.o
 .text.stbi__parse_entropy_coded_data
                0x0000000000108084      0xcbc main.o
 .text.stbi__pnm_skip_whitespace
                0x0000000000108d40      0x12c main.o
 .text.stbi__get32le
                0x0000000000108e6c       0x40 main.o
 .text.stbi__get32be
                0x0000000000108eac       0x44 main.o
 .text.stbi__malloc_mad3
                0x0000000000108ef0       0x80 main.o
 .text.stbi__create_png_image_raw
                0x0000000000108f70     0x1050 main.o
 .text.stbi__convert_format
                0x0000000000109fc0      0x538 main.o
 .text.stbi__compute_huffman_codes
                0x000000000010a4f8      0x2ec main.o
 .text.stbi__parse_zlib
                0x000000000010a7e4      0x6f4 main.o
 .text.stbi__hdr_test
                0x000000000010aed8       0xec main.o
 .text.stbi__pnm_info
                0x000000000010afc4      0x238 main.o
 .text.stbi__gif_parse_colortable
                0x000000000010b1fc      0x178 main.o
 .text.stbi__hdr_gettoken
                0x000000000010b374      0x158 main.o
 .text.stbi__hdr_load.constprop.0
                0x000000000010b4cc      0x5f0 main.o
 .text.stbi__get16le
                0x000000000010babc       0xf4 main.o
 .text.stbi__bmp_parse_header.part.0
                0x000000000010bbb0      0x380 main.o
 .text.stbi__get16be
                0x000000000010bf30       0xfc main.o
 .text.stbi__process_marker
                0x000000000010c02c      0x520 main.o
 .text.stbi__decode_jpeg_header
                0x000000000010c54c      0x67c main.o
 .text.stbi__bmp_load.constprop.0
                0x000000000010cbc8      0xb28 main.o
 .text.stbi__gif_test_raw
                0x000000000010d6f0       0xe0 main.o
 .text.stbi__gif_header
                0x000000000010d7d0      0x1a8 main.o
 .text.stbi__gif_load_next.constprop.0
                0x000000000010d978      0x754 main.o
 .text.stbi__gif_load.constprop.0
                0x000000000010e0cc       0xe0 main.o
 .text.rotatev3
                0x000000000010e1ac       0xac main.o
                0x000000000010e1ac                rotatev3
 .text.identitymat4
                0x000000000010e258       0x64 main.o
                0x000000000010e258                identitymat4
 .text.lookAt   0x000000000010e2bc      0x240 main.o
                0x000000000010e2bc                lookAt
 .text.stbi_zlib_decode_malloc_guesssize_headerflag
                0x000000000010e4fc       0xa0 main.o
                0x000000000010e4fc                stbi_zlib_decode_malloc_guesssize_headerflag
 .text.stbi__parse_png_file
                0x000000000010e59c     0x10d0 main.o
 .text.stbi__load_main
                0x000000000010f66c     0x2ff4 main.o
 .text.stbi__load_and_postprocess_8bit
                0x0000000000112660      0x164 main.o
 .text.stbi_load
                0x00000000001127c4       0xb4 main.o
                0x00000000001127c4                stbi_load
 .text.ainit    0x0000000000112878       0x3c main.o
                0x0000000000112878                ainit
 .text.init     0x00000000001128b4       0x48 main.o
                0x00000000001128b4                init
 .text.freeobjraw
                0x00000000001128fc       0x70 main.o
                0x00000000001128fc                freeobjraw
 .text.freemodel
                0x000000000011296c       0x2c main.o
                0x000000000011296c                freemodel
 .text.tobj_tomodel
                0x0000000000112998      0x390 main.o
                0x0000000000112998                tobj_tomodel
 .text.tobj_load
                0x0000000000112d28      0xe28 main.o
                0x0000000000112d28                tobj_load
 .text.rotateCamera
                0x0000000000113b50      0x27c main.o
                0x0000000000113b50                rotateCamera
 .text.initFluid
                0x0000000000113dcc       0xc0 main.o
                0x0000000000113dcc                initFluid
 .text.myscandir
                0x0000000000113e8c       0x54 main.o
                0x0000000000113e8c                myscandir
 .text.startup.main
                0x0000000000113ee0      0x8d0 main.o
                0x0000000000113ee0                main
 .text.glopClearColor
                0x00000000001147b0       0x30 clear.o
                0x00000000001147b0                glopClearColor
 .text.glopClearDepth
                0x00000000001147e0       0x10 clear.o
                0x00000000001147e0                glopClearDepth
 .text.glopClear
                0x00000000001147f0       0x64 clear.o
                0x00000000001147f0                glopClear
 .text.ZB_open  0x0000000000114854       0xf8 zbuffer.o
                0x0000000000114854                ZB_open
 .text.ZB_copyFrameBuffer
                0x000000000011494c      0x1b0 zbuffer.o
                0x000000000011494c                ZB_copyFrameBuffer
 .text.ZB_clear
                0x0000000000114afc      0x140 zbuffer.o
                0x0000000000114afc                ZB_clear
 .text.ZB_initDither
                0x0000000000114c3c      0x154 zdither.o
                0x0000000000114c3c                ZB_initDither
 .text.tgl_warning
                0x0000000000114d90        0xc msghandling.o
                0x0000000000114d90                tgl_warning
 .text.tgl_trace
                0x0000000000114d9c        0xc msghandling.o
                0x0000000000114d9c                tgl_trace
 .text.ZB_fillTriangleFlat
                0x0000000000114da8      0x740 ztriangle.o
                0x0000000000114da8                ZB_fillTriangleFlat
 .text.ZB_fillTriangleSmooth
                0x00000000001154e8      0xb18 ztriangle.o
                0x00000000001154e8                ZB_fillTriangleSmooth
 .text.ZB_setTexture
                0x0000000000116000        0x8 ztriangle.o
                0x0000000000116000                ZB_setTexture
 .text.ZB_fillTriangleMappingPerspective
                0x0000000000116008      0xd28 ztriangle.o
                0x0000000000116008                ZB_fillTriangleMappingPerspective
 .text.ZB_plot  0x0000000000116d30       0x6c zline.o
                0x0000000000116d30                ZB_plot
 .text.ZB_line_z
                0x0000000000116d9c      0x8e0 zline.o
                0x0000000000116d9c                ZB_line_z
 .text.ZB_line  0x000000000011767c      0x538 zline.o
                0x000000000011767c                ZB_line
 .text.gl_convertRGB_to_8A8R8G8B
                0x0000000000117bb4       0x48 image_util.o
                0x0000000000117bb4                gl_convertRGB_to_8A8R8G8B
 .text.gl_resizeImageNoInterpolate
                0x0000000000117bfc       0xe4 image_util.o
                0x0000000000117bfc                gl_resizeImageNoInterpolate
 .text.glopMatrixMode
                0x0000000000117ce0       0x70 matrix.o
                0x0000000000117ce0                glopMatrixMode
 .text.glopLoadMatrix
                0x0000000000117d50       0x58 matrix.o
                0x0000000000117d50                glopLoadMatrix
 .text.glopLoadIdentity
                0x0000000000117da8       0x30 matrix.o
                0x0000000000117da8                glopLoadIdentity
 .text.glopMultMatrix
                0x0000000000117dd8       0x74 matrix.o
                0x0000000000117dd8                glopMultMatrix
 .text.glopPushMatrix
                0x0000000000117e4c       0x74 matrix.o
                0x0000000000117e4c                glopPushMatrix
 .text.glopPopMatrix
                0x0000000000117ec0       0x58 matrix.o
                0x0000000000117ec0                glopPopMatrix
 .text.glopRotate
                0x0000000000117f18      0x27c matrix.o
                0x0000000000117f18                glopRotate
 .text.glopScale
                0x0000000000118194       0xbc matrix.o
                0x0000000000118194                glopScale
 .text.glopTranslate
                0x0000000000118250       0xc4 matrix.o
                0x0000000000118250                glopTranslate
 .text.glopFrustum
                0x0000000000118314      0x10c matrix.o
                0x0000000000118314                glopFrustum
 .text.glopInitNames
                0x0000000000118420       0x20 select.o
                0x0000000000118420                glopInitNames
 .text.glopPushName
                0x0000000000118440       0x64 select.o
                0x0000000000118440                glopPushName
 .text.glopPopName
                0x00000000001184a4       0x58 select.o
                0x00000000001184a4                glopPopName
 .text.glopLoadName
                0x00000000001184fc       0x5c select.o
                0x00000000001184fc                glopLoadName
 .text.gl_add_select
                0x0000000000118558       0xc0 select.o
                0x0000000000118558                gl_add_select
 .text._ZL21addrMapNodeComparatorPK11rbtree_nodeS1_
                0x0000000000118618       0x24 /opt/devkitpro/libctru/lib/libctru.a(linear.o)
 .text._ZL21addrMapNodeDestructorP11rbtree_node
                0x000000000011863c        0x4 /opt/devkitpro/libctru/lib/libctru.a(linear.o)
 .text.linearMemAlign
                0x0000000000118640      0x120 /opt/devkitpro/libctru/lib/libctru.a(linear.o)
                0x0000000000118640                linearMemAlign
 .text.linearAlloc
                0x0000000000118760        0x8 /opt/devkitpro/libctru/lib/libctru.a(linear.o)
                0x0000000000118760                linearAlloc
 .text.linearFree
                0x0000000000118768       0x5c /opt/devkitpro/libctru/lib/libctru.a(linear.o)
                0x0000000000118768                linearFree
 .text._ZN7MemPool13CoalesceRightEP8MemBlock
                0x00000000001187c4       0x84 /opt/devkitpro/libctru/lib/libctru.a(mem_pool.o)
                0x00000000001187c4                MemPool::CoalesceRight(MemBlock*)
 .text._ZN7MemPool8AllocateER8MemChunkmi
                0x0000000000118848      0x170 /opt/devkitpro/libctru/lib/libctru.a(mem_pool.o)
                0x0000000000118848                MemPool::Allocate(MemChunk&, unsigned long, int)
 .text._ZN7MemPool10DeallocateERK8MemChunk
                0x00000000001189b8       0xfc /opt/devkitpro/libctru/lib/libctru.a(mem_pool.o)
                0x00000000001189b8                MemPool::Deallocate(MemChunk const&)
 .text.romfs_close
                0x0000000000118ab4        0x8 /opt/devkitpro/libctru/lib/libctru.a(romfs_dev.o)
 .text.romfs_seek
                0x0000000000118abc       0xc8 /opt/devkitpro/libctru/lib/libctru.a(romfs_dev.o)
 .text.romfs_dirreset
                0x0000000000118b84       0x24 /opt/devkitpro/libctru/lib/libctru.a(romfs_dev.o)
 .text.fill_dir
                0x0000000000118ba8       0xc8 /opt/devkitpro/libctru/lib/libctru.a(romfs_dev.o)
 .text.romfs_dirnext
                0x0000000000118c70      0x2b0 /opt/devkitpro/libctru/lib/libctru.a(romfs_dev.o)
 .text.romfs_free
                0x0000000000118f20       0x84 /opt/devkitpro/libctru/lib/libctru.a(romfs_dev.o)
 .text.searchForFile.constprop.0
                0x0000000000118fa4       0xd4 /opt/devkitpro/libctru/lib/libctru.a(romfs_dev.o)
 .text.searchForDir.constprop.0
                0x0000000000119078       0xd8 /opt/devkitpro/libctru/lib/libctru.a(romfs_dev.o)
 .text.navigateToDir.constprop.0
                0x0000000000119150      0x1c0 /opt/devkitpro/libctru/lib/libctru.a(romfs_dev.o)
 .text.romfs_open
                0x0000000000119310      0x128 /opt/devkitpro/libctru/lib/libctru.a(romfs_dev.o)
 .text.romfs_chdir
                0x0000000000119438       0x4c /opt/devkitpro/libctru/lib/libctru.a(romfs_dev.o)
 .text.romfs_diropen
                0x0000000000119484       0x70 /opt/devkitpro/libctru/lib/libctru.a(romfs_dev.o)
 .text.romfs_stat
                0x00000000001194f4      0x17c /opt/devkitpro/libctru/lib/libctru.a(romfs_dev.o)
 .text.romfs_dirclose
                0x0000000000119670        0x8 /opt/devkitpro/libctru/lib/libctru.a(romfs_dev.o)
 .text.romfs_fstat
                0x0000000000119678       0x7c /opt/devkitpro/libctru/lib/libctru.a(romfs_dev.o)
 .text.romfs_read
                0x00000000001196f4       0xd4 /opt/devkitpro/libctru/lib/libctru.a(romfs_dev.o)
 .text.romfsMountFromFile
                0x00000000001197c8      0x290 /opt/devkitpro/libctru/lib/libctru.a(romfs_dev.o)
                0x00000000001197c8                romfsMountFromFile
 .text.romfsMountFromCurrentProcess
                0x0000000000119a58       0x98 /opt/devkitpro/libctru/lib/libctru.a(romfs_dev.o)
                0x0000000000119a58                romfsMountFromCurrentProcess
 .text.romfsMountSelf
                0x0000000000119af0      0x25c /opt/devkitpro/libctru/lib/libctru.a(romfs_dev.o)
                0x0000000000119af0                romfsMountSelf
 .text.consoleDrawChar
                0x0000000000119d4c      0x178 /opt/devkitpro/libctru/lib/libctru.a(console.o)
                0x0000000000119d4c                consoleDrawChar
 .text.consolePrintChar
                0x0000000000119ec4      0x124 /opt/devkitpro/libctru/lib/libctru.a(console.o)
                0x0000000000119ec4                consolePrintChar
 .text.con_write
                0x0000000000119fe8      0xa00 /opt/devkitpro/libctru/lib/libctru.a(console.o)
                0x0000000000119fe8                con_write
 .text.consoleInit
                0x000000000011a9e8      0x168 /opt/devkitpro/libctru/lib/libctru.a(console.o)
                0x000000000011a9e8                consoleInit
 .text.newRow   0x000000000011ab50       0xf4 /opt/devkitpro/libctru/lib/libctru.a(console.o)
 .text.gfxPresentFramebuffer
                0x000000000011ac44       0xd0 /opt/devkitpro/libctru/lib/libctru.a(gfx.o)
 .text.gfxSet3D
                0x000000000011ad14       0x10 /opt/devkitpro/libctru/lib/libctru.a(gfx.o)
                0x000000000011ad14                gfxSet3D
 .text.gfxIsWide
                0x000000000011ad24       0x1c /opt/devkitpro/libctru/lib/libctru.a(gfx.o)
                0x000000000011ad24                gfxIsWide
 .text.gfxSetScreenFormat
                0x000000000011ad40       0xec /opt/devkitpro/libctru/lib/libctru.a(gfx.o)
                0x000000000011ad40                gfxSetScreenFormat
 .text.gfxSetDoubleBuffering
                0x000000000011ae2c       0x10 /opt/devkitpro/libctru/lib/libctru.a(gfx.o)
                0x000000000011ae2c                gfxSetDoubleBuffering
 .text.gfxInit  0x000000000011ae3c      0x108 /opt/devkitpro/libctru/lib/libctru.a(gfx.o)
                0x000000000011ae3c                gfxInit
 .text.gfxInitDefault
                0x000000000011af44       0x10 /opt/devkitpro/libctru/lib/libctru.a(gfx.o)
                0x000000000011af44                gfxInitDefault
 .text.gfxExit  0x000000000011af54       0xb4 /opt/devkitpro/libctru/lib/libctru.a(gfx.o)
                0x000000000011af54                gfxExit
 .text.gfxGetFramebuffer
                0x000000000011b008       0xa0 /opt/devkitpro/libctru/lib/libctru.a(gfx.o)
                0x000000000011b008                gfxGetFramebuffer
 .text.gfxFlushBuffers
                0x000000000011b0a8      0x10c /opt/devkitpro/libctru/lib/libctru.a(gfx.o)
                0x000000000011b0a8                gfxFlushBuffers
 .text.gfxScreenSwapBuffers
                0x000000000011b1b4       0x30 /opt/devkitpro/libctru/lib/libctru.a(gfx.o)
                0x000000000011b1b4                gfxScreenSwapBuffers
 .text.gfxSwapBuffers
                0x000000000011b1e4       0x50 /opt/devkitpro/libctru/lib/libctru.a(gfx.o)
                0x000000000011b1e4                gfxSwapBuffers
 .text.gfxSwapBuffersGpu
                0x000000000011b234       0x50 /opt/devkitpro/libctru/lib/libctru.a(gfx.o)
                0x000000000011b234                gfxSwapBuffersGpu
 .text.DSP_LoadComponent.part.0
                0x000000000011b284       0xa4 /opt/devkitpro/libctru/lib/libctru.a(dsp.o)
 .text.dspInit  0x000000000011b328       0xdc /opt/devkitpro/libctru/lib/libctru.a(dsp.o)
                0x000000000011b328                dspInit
 .text.dspExit  0x000000000011b404       0x78 /opt/devkitpro/libctru/lib/libctru.a(dsp.o)
                0x000000000011b404                dspExit
 .text.dspHook  0x000000000011b47c       0x24 /opt/devkitpro/libctru/lib/libctru.a(dsp.o)
                0x000000000011b47c                dspHook
 .text.dspUnhook
                0x000000000011b4a0       0x30 /opt/devkitpro/libctru/lib/libctru.a(dsp.o)
                0x000000000011b4a0                dspUnhook
 .text.aptDspSleep
                0x000000000011b4d0       0xac /opt/devkitpro/libctru/lib/libctru.a(dsp.o)
                0x000000000011b4d0                aptDspSleep
 .text.aptDspWakeup
                0x000000000011b57c       0xb4 /opt/devkitpro/libctru/lib/libctru.a(dsp.o)
                0x000000000011b57c                aptDspWakeup
 .text.aptDspCancel
                0x000000000011b630       0x44 /opt/devkitpro/libctru/lib/libctru.a(dsp.o)
                0x000000000011b630                aptDspCancel
 .text.DSP_FlushDataCache
                0x000000000011b674       0x50 /opt/devkitpro/libctru/lib/libctru.a(dsp.o)
                0x000000000011b674                DSP_FlushDataCache
 .text.DSP_SetSemaphore
                0x000000000011b6c4       0x34 /opt/devkitpro/libctru/lib/libctru.a(dsp.o)
                0x000000000011b6c4                DSP_SetSemaphore
 .text.DSP_SetSemaphoreMask
                0x000000000011b6f8       0x34 /opt/devkitpro/libctru/lib/libctru.a(dsp.o)
                0x000000000011b6f8                DSP_SetSemaphoreMask
 .text.DSP_GetSemaphoreHandle
                0x000000000011b72c       0x38 /opt/devkitpro/libctru/lib/libctru.a(dsp.o)
                0x000000000011b72c                DSP_GetSemaphoreHandle
 .text.DSP_LoadComponent
                0x000000000011b764       0x3c /opt/devkitpro/libctru/lib/libctru.a(dsp.o)
                0x000000000011b764                DSP_LoadComponent
 .text.DSP_RegisterInterruptEvents
                0x000000000011b7a0       0x44 /opt/devkitpro/libctru/lib/libctru.a(dsp.o)
                0x000000000011b7a0                DSP_RegisterInterruptEvents
 .text.DSP_ReadPipeIfPossible
                0x000000000011b7e4       0x74 /opt/devkitpro/libctru/lib/libctru.a(dsp.o)
                0x000000000011b7e4                DSP_ReadPipeIfPossible
 .text.DSP_WriteProcessPipe
                0x000000000011b858       0x4c /opt/devkitpro/libctru/lib/libctru.a(dsp.o)
                0x000000000011b858                DSP_WriteProcessPipe
 .text.DSP_ConvertProcessAddressFromDspDram
                0x000000000011b8a4       0x40 /opt/devkitpro/libctru/lib/libctru.a(dsp.o)
                0x000000000011b8a4                DSP_ConvertProcessAddressFromDspDram
 .text.DSP_RecvData
                0x000000000011b8e4       0x40 /opt/devkitpro/libctru/lib/libctru.a(dsp.o)
                0x000000000011b8e4                DSP_RecvData
 .text.DSP_RecvDataIsReady
                0x000000000011b924       0x4c /opt/devkitpro/libctru/lib/libctru.a(dsp.o)
                0x000000000011b924                DSP_RecvDataIsReady
 .text.gspHardwareInit
                0x000000000011b970      0xc58 /opt/devkitpro/libctru/lib/libctru.a(gspgpu.o)
 .text.gspInit  0x000000000011c5c8      0x254 /opt/devkitpro/libctru/lib/libctru.a(gspgpu.o)
                0x000000000011c5c8                gspInit
 .text.gspExit  0x000000000011c81c       0xf0 /opt/devkitpro/libctru/lib/libctru.a(gspgpu.o)
                0x000000000011c81c                gspExit
 .text.gspHasGpuRight
                0x000000000011c90c       0x10 /opt/devkitpro/libctru/lib/libctru.a(gspgpu.o)
                0x000000000011c90c                gspHasGpuRight
 .text.gspPresentBuffer
                0x000000000011c91c       0x98 /opt/devkitpro/libctru/lib/libctru.a(gspgpu.o)
                0x000000000011c91c                gspPresentBuffer
 .text.gspSetEventCallback
                0x000000000011c9b4       0x30 /opt/devkitpro/libctru/lib/libctru.a(gspgpu.o)
                0x000000000011c9b4                gspSetEventCallback
 .text.gspWaitForEvent
                0x000000000011c9e4       0x50 /opt/devkitpro/libctru/lib/libctru.a(gspgpu.o)
                0x000000000011c9e4                gspWaitForEvent
 .text.gspWaitForAnyEvent
                0x000000000011ca34       0x4c /opt/devkitpro/libctru/lib/libctru.a(gspgpu.o)
                0x000000000011ca34                gspWaitForAnyEvent
 .text.gspEventThreadMain
                0x000000000011ca80      0x160 /opt/devkitpro/libctru/lib/libctru.a(gspgpu.o)
 .text.gspSubmitGxCommand
                0x000000000011cbe0      0x130 /opt/devkitpro/libctru/lib/libctru.a(gspgpu.o)
                0x000000000011cbe0                gspSubmitGxCommand
 .text.GSPGPU_FlushDataCache
                0x000000000011cd10       0x50 /opt/devkitpro/libctru/lib/libctru.a(gspgpu.o)
                0x000000000011cd10                GSPGPU_FlushDataCache
 .text.GSPGPU_SetLcdForceBlack
                0x000000000011cd60       0x34 /opt/devkitpro/libctru/lib/libctru.a(gspgpu.o)
                0x000000000011cd60                GSPGPU_SetLcdForceBlack
 .text.GSPGPU_AcquireRight
                0x000000000011cd94       0x68 /opt/devkitpro/libctru/lib/libctru.a(gspgpu.o)
                0x000000000011cd94                GSPGPU_AcquireRight
 .text.GSPGPU_ReleaseRight
                0x000000000011cdfc       0x48 /opt/devkitpro/libctru/lib/libctru.a(gspgpu.o)
                0x000000000011cdfc                GSPGPU_ReleaseRight
 .text.GSPGPU_ImportDisplayCaptureInfo
                0x000000000011ce44       0x7c /opt/devkitpro/libctru/lib/libctru.a(gspgpu.o)
                0x000000000011ce44                GSPGPU_ImportDisplayCaptureInfo
 .text.GSPGPU_SaveVramSysArea
                0x000000000011cec0       0x2c /opt/devkitpro/libctru/lib/libctru.a(gspgpu.o)
                0x000000000011cec0                GSPGPU_SaveVramSysArea
 .text.GSPGPU_RestoreVramSysArea
                0x000000000011ceec       0x2c /opt/devkitpro/libctru/lib/libctru.a(gspgpu.o)
                0x000000000011ceec                GSPGPU_RestoreVramSysArea
 .text.aptConvertScreenForCapture
                0x000000000011cf18      0x1b0 /opt/devkitpro/libctru/lib/libctru.a(apt.o)
 .text.aptSendCommand
                0x000000000011d0c8      0x15c /opt/devkitpro/libctru/lib/libctru.a(apt.o)
                0x000000000011d0c8                aptSendCommand
 .text.aptExitProcess
                0x000000000011d224       0x38 /opt/devkitpro/libctru/lib/libctru.a(apt.o)
 .text.aptIsActive
                0x000000000011d25c       0x14 /opt/devkitpro/libctru/lib/libctru.a(apt.o)
                0x000000000011d25c                aptIsActive
 .text.aptExit  0x000000000011d270      0x2f0 /opt/devkitpro/libctru/lib/libctru.a(apt.o)
                0x000000000011d270                aptExit
 .text.aptHandleSleep
                0x000000000011d560       0xd8 /opt/devkitpro/libctru/lib/libctru.a(apt.o)
                0x000000000011d560                aptHandleSleep
 .text.aptHook  0x000000000011d638       0x30 /opt/devkitpro/libctru/lib/libctru.a(apt.o)
                0x000000000011d638                aptHook
 .text.aptUnhook
                0x000000000011d668       0x30 /opt/devkitpro/libctru/lib/libctru.a(apt.o)
                0x000000000011d668                aptUnhook
 .text.APT_SleepIfShellClosed
                0x000000000011d698       0x84 /opt/devkitpro/libctru/lib/libctru.a(apt.o)
                0x000000000011d698                APT_SleepIfShellClosed
 .text.aptSetSleepAllowed
                0x000000000011d71c       0x84 /opt/devkitpro/libctru/lib/libctru.a(apt.o)
                0x000000000011d71c                aptSetSleepAllowed
 .text.APT_UnlockTransition
                0x000000000011d7a0       0x84 /opt/devkitpro/libctru/lib/libctru.a(apt.o)
                0x000000000011d7a0                APT_UnlockTransition
 *fill*         0x000000000011d824        0x4 
 .text.aptEventHandler
                0x000000000011d828      0x484 /opt/devkitpro/libctru/lib/libctru.a(apt.o)
 .text.APT_ReceiveParameter
                0x000000000011dcac       0xb0 /opt/devkitpro/libctru/lib/libctru.a(apt.o)
                0x000000000011dcac                APT_ReceiveParameter
 .text.aptReceiveParameter.constprop.0
                0x000000000011dd5c       0xb0 /opt/devkitpro/libctru/lib/libctru.a(apt.o)
 *fill*         0x000000000011de0c        0x4 
 .text.aptScreenTransfer
                0x000000000011de10      0x2bc /opt/devkitpro/libctru/lib/libctru.a(apt.o)
 .text.aptWaitForWakeUp.isra.0
                0x000000000011e0cc      0x2d0 /opt/devkitpro/libctru/lib/libctru.a(apt.o)
 .text.aptJumpToHomeMenu
                0x000000000011e39c       0xf8 /opt/devkitpro/libctru/lib/libctru.a(apt.o)
                0x000000000011e39c                aptJumpToHomeMenu
 .text.aptMainLoop
                0x000000000011e494       0x4c /opt/devkitpro/libctru/lib/libctru.a(apt.o)
                0x000000000011e494                aptMainLoop
 .text.aptInit  0x000000000011e4e0      0x234 /opt/devkitpro/libctru/lib/libctru.a(apt.o)
                0x000000000011e4e0                aptInit
 .text.APT_CheckNew3DS
                0x000000000011e714       0x7c /opt/devkitpro/libctru/lib/libctru.a(apt.o)
                0x000000000011e714                APT_CheckNew3DS
 .text.hidShouldUseIrrst
                0x000000000011e790       0x24 /opt/devkitpro/libctru/lib/libctru.a(hid.o)
                0x000000000011e790                hidShouldUseIrrst
 .text.hidInit  0x000000000011e7b4      0x18c /opt/devkitpro/libctru/lib/libctru.a(hid.o)
                0x000000000011e7b4                hidInit
 .text.hidExit  0x000000000011e940       0xe8 /opt/devkitpro/libctru/lib/libctru.a(hid.o)
                0x000000000011e940                hidExit
 .text.hidScanInput
                0x000000000011ea28      0x294 /opt/devkitpro/libctru/lib/libctru.a(hid.o)
                0x000000000011ea28                hidScanInput
 .text.hidKeysHeld
                0x000000000011ecbc       0x10 /opt/devkitpro/libctru/lib/libctru.a(hid.o)
                0x000000000011ecbc                hidKeysHeld
 .text.hidKeysDown
                0x000000000011eccc       0x10 /opt/devkitpro/libctru/lib/libctru.a(hid.o)
                0x000000000011eccc                hidKeysDown
 .text.hidKeysUp
                0x000000000011ecdc       0x10 /opt/devkitpro/libctru/lib/libctru.a(hid.o)
                0x000000000011ecdc                hidKeysUp
 .text.hidTouchRead
                0x000000000011ecec       0x18 /opt/devkitpro/libctru/lib/libctru.a(hid.o)
                0x000000000011ecec                hidTouchRead
 .text.hidCircleRead
                0x000000000011ed04       0x18 /opt/devkitpro/libctru/lib/libctru.a(hid.o)
                0x000000000011ed04                hidCircleRead
 .text.fsInit   0x000000000011ed1c       0xc8 /opt/devkitpro/libctru/lib/libctru.a(fs.o)
                0x000000000011ed1c                fsInit
 .text.fsExit   0x000000000011ede4       0x3c /opt/devkitpro/libctru/lib/libctru.a(fs.o)
                0x000000000011ede4                fsExit
 .text.fsExemptFromSession
                0x000000000011ee20       0x60 /opt/devkitpro/libctru/lib/libctru.a(fs.o)
                0x000000000011ee20                fsExemptFromSession
 .text.fsUnexemptFromSession
                0x000000000011ee80       0x50 /opt/devkitpro/libctru/lib/libctru.a(fs.o)
                0x000000000011ee80                fsUnexemptFromSession
 .text.FSUSER_OpenFile
                0x000000000011eed0       0xcc /opt/devkitpro/libctru/lib/libctru.a(fs.o)
                0x000000000011eed0                FSUSER_OpenFile
 .text.FSUSER_OpenFileDirectly
                0x000000000011ef9c       0xd4 /opt/devkitpro/libctru/lib/libctru.a(fs.o)
                0x000000000011ef9c                FSUSER_OpenFileDirectly
 .text.FSUSER_DeleteFile
                0x000000000011f070       0xbc /opt/devkitpro/libctru/lib/libctru.a(fs.o)
                0x000000000011f070                FSUSER_DeleteFile
 .text.FSUSER_RenameFile
                0x000000000011f12c       0xf8 /opt/devkitpro/libctru/lib/libctru.a(fs.o)
                0x000000000011f12c                FSUSER_RenameFile
 .text.FSUSER_DeleteDirectory
                0x000000000011f224       0xbc /opt/devkitpro/libctru/lib/libctru.a(fs.o)
                0x000000000011f224                FSUSER_DeleteDirectory
 .text.FSUSER_CreateFile
                0x000000000011f2e0       0xd4 /opt/devkitpro/libctru/lib/libctru.a(fs.o)
                0x000000000011f2e0                FSUSER_CreateFile
 .text.FSUSER_CreateDirectory
                0x000000000011f3b4       0xc4 /opt/devkitpro/libctru/lib/libctru.a(fs.o)
                0x000000000011f3b4                FSUSER_CreateDirectory
 .text.FSUSER_RenameDirectory
                0x000000000011f478       0xf8 /opt/devkitpro/libctru/lib/libctru.a(fs.o)
                0x000000000011f478                FSUSER_RenameDirectory
 .text.FSUSER_OpenDirectory
                0x000000000011f570       0xb4 /opt/devkitpro/libctru/lib/libctru.a(fs.o)
                0x000000000011f570                FSUSER_OpenDirectory
 .text.FSUSER_OpenArchive
                0x000000000011f624       0x94 /opt/devkitpro/libctru/lib/libctru.a(fs.o)
                0x000000000011f624                FSUSER_OpenArchive
 .text.FSUSER_CloseArchive
                0x000000000011f6b8       0x8c /opt/devkitpro/libctru/lib/libctru.a(fs.o)
                0x000000000011f6b8                FSUSER_CloseArchive
 .text.FSUSER_GetSdmcArchiveResource
                0x000000000011f744       0x74 /opt/devkitpro/libctru/lib/libctru.a(fs.o)
                0x000000000011f744                FSUSER_GetSdmcArchiveResource
 .text.FSUSER_IsSdmcWritable
                0x000000000011f7b8       0x64 /opt/devkitpro/libctru/lib/libctru.a(fs.o)
                0x000000000011f7b8                FSUSER_IsSdmcWritable
 .text.FSFILE_Read
                0x000000000011f81c       0x58 /opt/devkitpro/libctru/lib/libctru.a(fs.o)
                0x000000000011f81c                FSFILE_Read
 .text.FSFILE_Write
                0x000000000011f874       0x60 /opt/devkitpro/libctru/lib/libctru.a(fs.o)
                0x000000000011f874                FSFILE_Write
 .text.FSFILE_GetSize
                0x000000000011f8d4       0x38 /opt/devkitpro/libctru/lib/libctru.a(fs.o)
                0x000000000011f8d4                FSFILE_GetSize
 .text.FSFILE_SetSize
                0x000000000011f90c       0x28 /opt/devkitpro/libctru/lib/libctru.a(fs.o)
                0x000000000011f90c                FSFILE_SetSize
 .text.FSFILE_Close
                0x000000000011f934       0x3c /opt/devkitpro/libctru/lib/libctru.a(fs.o)
                0x000000000011f934                FSFILE_Close
 .text.FSFILE_Flush
                0x000000000011f970       0x24 /opt/devkitpro/libctru/lib/libctru.a(fs.o)
                0x000000000011f970                FSFILE_Flush
 .text.FSDIR_Read
                0x000000000011f994       0x50 /opt/devkitpro/libctru/lib/libctru.a(fs.o)
                0x000000000011f994                FSDIR_Read
 .text.FSDIR_Close
                0x000000000011f9e4       0x3c /opt/devkitpro/libctru/lib/libctru.a(fs.o)
                0x000000000011f9e4                FSDIR_Close
 .text.rbtree_init
                0x000000000011fa20       0x10 /opt/devkitpro/libctru/lib/libctru.a(rbtree_init.o)
                0x000000000011fa20                rbtree_init
 .text.do_insert
                0x000000000011fa30      0x1a0 /opt/devkitpro/libctru/lib/libctru.a(rbtree_insert.o)
 .text.rbtree_insert
                0x000000000011fbd0        0x8 /opt/devkitpro/libctru/lib/libctru.a(rbtree_insert.o)
                0x000000000011fbd0                rbtree_insert
 .text.rbtree_rotate
                0x000000000011fbd8       0x90 /opt/devkitpro/libctru/lib/libctru.a(rbtree_rotate.o)
                0x000000000011fbd8                rbtree_rotate
 .text.rbtree_remove
                0x000000000011fc68      0x338 /opt/devkitpro/libctru/lib/libctru.a(rbtree_remove.o)
                0x000000000011fc68                rbtree_remove
 .text.rbtree_find
                0x000000000011ffa0       0x74 /opt/devkitpro/libctru/lib/libctru.a(rbtree_find.o)
                0x000000000011ffa0                rbtree_find
 .text.utf16_to_utf8
                0x0000000000120014       0xe8 /opt/devkitpro/libctru/lib/libctru.a(utf16_to_utf8.o)
                0x0000000000120014                utf16_to_utf8
 .text.decode_utf16
                0x00000000001200fc       0x64 /opt/devkitpro/libctru/lib/libctru.a(decode_utf16.o)
                0x00000000001200fc                decode_utf16
 .text.utf8_to_utf16
                0x0000000000120160       0xc0 /opt/devkitpro/libctru/lib/libctru.a(utf8_to_utf16.o)
                0x0000000000120160                utf8_to_utf16
 .text.__system_allocateHeaps
                0x0000000000120220      0x1e0 /opt/devkitpro/libctru/lib/libctru.a(allocateHeaps.o)
                0x0000000000120220                __system_allocateHeaps
 .text.__libctru_init
                0x0000000000120400       0x38 /opt/devkitpro/libctru/lib/libctru.a(ctru_init.o)
                0x0000000000120400                __libctru_init
 .text.__system_initArgv
                0x0000000000120438       0xf0 /opt/devkitpro/libctru/lib/libctru.a(initArgv.o)
                0x0000000000120438                __system_initArgv
 .text.svcControlMemory
                0x0000000000120528       0x20 /opt/devkitpro/libctru/lib/libctru.a(svc.o)
                0x0000000000120528                svcControlMemory
 .text.svcQueryMemory
                0x0000000000120548       0x30 /opt/devkitpro/libctru/lib/libctru.a(svc.o)
                0x0000000000120548                svcQueryMemory
 .text.svcExitProcess
                0x0000000000120578        0x8 /opt/devkitpro/libctru/lib/libctru.a(svc.o)
                0x0000000000120578                svcExitProcess
 .text.svcCreateThread
                0x0000000000120580       0x20 /opt/devkitpro/libctru/lib/libctru.a(svc.o)
                0x0000000000120580                svcCreateThread
 .text.svcExitThread
                0x00000000001205a0        0x8 /opt/devkitpro/libctru/lib/libctru.a(svc.o)
                0x00000000001205a0                svcExitThread
 .text.svcSleepThread
                0x00000000001205a8        0x8 /opt/devkitpro/libctru/lib/libctru.a(svc.o)
                0x00000000001205a8                svcSleepThread
 .text.svcGetThreadPriority
                0x00000000001205b0       0x14 /opt/devkitpro/libctru/lib/libctru.a(svc.o)
                0x00000000001205b0                svcGetThreadPriority
 .text.svcReleaseMutex
                0x00000000001205c4        0x8 /opt/devkitpro/libctru/lib/libctru.a(svc.o)
                0x00000000001205c4                svcReleaseMutex
 .text.svcCreateEvent
                0x00000000001205cc       0x14 /opt/devkitpro/libctru/lib/libctru.a(svc.o)
                0x00000000001205cc                svcCreateEvent
 .text.svcSignalEvent
                0x00000000001205e0        0x8 /opt/devkitpro/libctru/lib/libctru.a(svc.o)
                0x00000000001205e0                svcSignalEvent
 .text.svcClearEvent
                0x00000000001205e8        0x8 /opt/devkitpro/libctru/lib/libctru.a(svc.o)
                0x00000000001205e8                svcClearEvent
 .text.svcMapMemoryBlock
                0x00000000001205f0        0x8 /opt/devkitpro/libctru/lib/libctru.a(svc.o)
                0x00000000001205f0                svcMapMemoryBlock
 .text.svcUnmapMemoryBlock
                0x00000000001205f8        0x8 /opt/devkitpro/libctru/lib/libctru.a(svc.o)
                0x00000000001205f8                svcUnmapMemoryBlock
 .text.svcCreateAddressArbiter
                0x0000000000120600       0x14 /opt/devkitpro/libctru/lib/libctru.a(svc.o)
                0x0000000000120600                svcCreateAddressArbiter
 .text.svcArbitrateAddressNoTimeout
                0x0000000000120614        0x8 /opt/devkitpro/libctru/lib/libctru.a(svc.o)
                0x0000000000120614                svcArbitrateAddressNoTimeout
 .text.svcCloseHandle
                0x000000000012061c        0x8 /opt/devkitpro/libctru/lib/libctru.a(svc.o)
                0x000000000012061c                svcCloseHandle
 .text.svcWaitSynchronization
                0x0000000000120624        0x8 /opt/devkitpro/libctru/lib/libctru.a(svc.o)
                0x0000000000120624                svcWaitSynchronization
 .text.svcWaitSynchronizationN
                0x000000000012062c       0x28 /opt/devkitpro/libctru/lib/libctru.a(svc.o)
                0x000000000012062c                svcWaitSynchronizationN
 .text.svcDuplicateHandle
                0x0000000000120654       0x14 /opt/devkitpro/libctru/lib/libctru.a(svc.o)
                0x0000000000120654                svcDuplicateHandle
 .text.svcGetSystemTick
                0x0000000000120668        0x8 /opt/devkitpro/libctru/lib/libctru.a(svc.o)
                0x0000000000120668                svcGetSystemTick
 .text.svcConnectToPort
                0x0000000000120670       0x14 /opt/devkitpro/libctru/lib/libctru.a(svc.o)
                0x0000000000120670                svcConnectToPort
 .text.svcSendSyncRequest
                0x0000000000120684        0x8 /opt/devkitpro/libctru/lib/libctru.a(svc.o)
                0x0000000000120684                svcSendSyncRequest
 .text.svcGetThreadId
                0x000000000012068c       0x14 /opt/devkitpro/libctru/lib/libctru.a(svc.o)
                0x000000000012068c                svcGetThreadId
 .text.svcGetResourceLimit
                0x00000000001206a0       0x14 /opt/devkitpro/libctru/lib/libctru.a(svc.o)
                0x00000000001206a0                svcGetResourceLimit
 .text.svcGetResourceLimitLimitValues
                0x00000000001206b4        0x8 /opt/devkitpro/libctru/lib/libctru.a(svc.o)
                0x00000000001206b4                svcGetResourceLimitLimitValues
 .text.svcGetResourceLimitCurrentValues
                0x00000000001206bc        0x8 /opt/devkitpro/libctru/lib/libctru.a(svc.o)
                0x00000000001206bc                svcGetResourceLimitCurrentValues
 .text.svcBreak
                0x00000000001206c4        0x8 /opt/devkitpro/libctru/lib/libctru.a(svc.o)
                0x00000000001206c4                svcBreak
 .text.initSystem
                0x00000000001206cc       0x50 /opt/devkitpro/libctru/lib/libctru.a(stack_adjust.o)
                0x00000000001206cc                initSystem
 .text.__ctru_exit
                0x000000000012071c       0x18 /opt/devkitpro/libctru/lib/libctru.a(stack_adjust.o)
                0x000000000012071c                __ctru_exit
 .text.__aeabi_read_tp
                0x0000000000120734        0xc /opt/devkitpro/libctru/lib/libctru.a(readtp.o)
                0x0000000000120734                __aeabi_read_tp
 .text._ZL21addrMapNodeComparatorPK11rbtree_nodeS1_
                0x0000000000120740       0x24 /opt/devkitpro/libctru/lib/libctru.a(vram.o)
 .text._ZL21addrMapNodeDestructorP11rbtree_node
                0x0000000000120764        0x4 /opt/devkitpro/libctru/lib/libctru.a(vram.o)
 .text.vramMemAlign
                0x0000000000120768      0x114 /opt/devkitpro/libctru/lib/libctru.a(vram.o)
                0x0000000000120768                vramMemAlign
 .text.vramAlloc
                0x000000000012087c        0x8 /opt/devkitpro/libctru/lib/libctru.a(vram.o)
                0x000000000012087c                vramAlloc
 .text.vramFree
                0x0000000000120884       0x5c /opt/devkitpro/libctru/lib/libctru.a(vram.o)
                0x0000000000120884                vramFree
 .text.__sync_init
                0x00000000001208e0        0xc /opt/devkitpro/libctru/lib/libctru.a(synchronization.o)
                0x00000000001208e0                __sync_init
 .text.__sync_fini
                0x00000000001208ec       0x18 /opt/devkitpro/libctru/lib/libctru.a(synchronization.o)
                0x00000000001208ec                __sync_fini
 .text.syncArbitrateAddress
                0x0000000000120904       0x2c /opt/devkitpro/libctru/lib/libctru.a(synchronization.o)
                0x0000000000120904                syncArbitrateAddress
 .text.LightLock_Init
                0x0000000000120930       0x1c /opt/devkitpro/libctru/lib/libctru.a(synchronization.o)
                0x0000000000120930                LightLock_Init
 .text.LightLock_Lock
                0x000000000012094c       0x94 /opt/devkitpro/libctru/lib/libctru.a(synchronization.o)
                0x000000000012094c                LightLock_Lock
 .text.LightLock_TryLock
                0x00000000001209e0       0x44 /opt/devkitpro/libctru/lib/libctru.a(synchronization.o)
                0x00000000001209e0                LightLock_TryLock
 .text.LightLock_Unlock
                0x0000000000120a24       0x40 /opt/devkitpro/libctru/lib/libctru.a(synchronization.o)
                0x0000000000120a24                LightLock_Unlock
 .text.RecursiveLock_Init
                0x0000000000120a64       0x24 /opt/devkitpro/libctru/lib/libctru.a(synchronization.o)
                0x0000000000120a64                RecursiveLock_Init
 .text.RecursiveLock_Lock
                0x0000000000120a88       0x30 /opt/devkitpro/libctru/lib/libctru.a(synchronization.o)
                0x0000000000120a88                RecursiveLock_Lock
 .text.RecursiveLock_TryLock
                0x0000000000120ab8       0x78 /opt/devkitpro/libctru/lib/libctru.a(synchronization.o)
                0x0000000000120ab8                RecursiveLock_TryLock
 .text.RecursiveLock_Unlock
                0x0000000000120b30       0x54 /opt/devkitpro/libctru/lib/libctru.a(synchronization.o)
                0x0000000000120b30                RecursiveLock_Unlock
 .text.CondVar_Init
                0x0000000000120b84        0xc /opt/devkitpro/libctru/lib/libctru.a(synchronization.o)
                0x0000000000120b84                CondVar_Init
 .text.CondVar_Wait
                0x0000000000120b90       0x84 /opt/devkitpro/libctru/lib/libctru.a(synchronization.o)
                0x0000000000120b90                CondVar_Wait
 .text.CondVar_WakeUp
                0x0000000000120c14       0x88 /opt/devkitpro/libctru/lib/libctru.a(synchronization.o)
                0x0000000000120c14                CondVar_WakeUp
 .text.LightEvent_Init
                0x0000000000120c9c       0x40 /opt/devkitpro/libctru/lib/libctru.a(synchronization.o)
                0x0000000000120c9c                LightEvent_Init
 .text.LightEvent_Clear
                0x0000000000120cdc       0xa4 /opt/devkitpro/libctru/lib/libctru.a(synchronization.o)
                0x0000000000120cdc                LightEvent_Clear
 .text.LightEvent_Signal
                0x0000000000120d80       0xc8 /opt/devkitpro/libctru/lib/libctru.a(synchronization.o)
                0x0000000000120d80                LightEvent_Signal
 .text.LightEvent_TryWait
                0x0000000000120e48       0x58 /opt/devkitpro/libctru/lib/libctru.a(synchronization.o)
                0x0000000000120e48                LightEvent_TryWait
 .text.LightEvent_Wait
                0x0000000000120ea0       0xb0 /opt/devkitpro/libctru/lib/libctru.a(synchronization.o)
                0x0000000000120ea0                LightEvent_Wait
 .text.LightSemaphore_Init
                0x0000000000120f50       0x14 /opt/devkitpro/libctru/lib/libctru.a(synchronization.o)
                0x0000000000120f50                LightSemaphore_Init
 .text.LightSemaphore_Acquire
                0x0000000000120f64       0x94 /opt/devkitpro/libctru/lib/libctru.a(synchronization.o)
                0x0000000000120f64                LightSemaphore_Acquire
 .text.LightSemaphore_Release
                0x0000000000120ff8       0x64 /opt/devkitpro/libctru/lib/libctru.a(synchronization.o)
                0x0000000000120ff8                LightSemaphore_Release
 .text.envGetHandle
                0x000000000012105c       0x84 /opt/devkitpro/libctru/lib/libctru.a(env.o)
                0x000000000012105c                envGetHandle
 .text.envDestroyHandles
                0x00000000001210e0       0x50 /opt/devkitpro/libctru/lib/libctru.a(env.o)
                0x00000000001210e0                envDestroyHandles
 .text.osConvertVirtToPhys
                0x0000000000121130       0x74 /opt/devkitpro/libctru/lib/libctru.a(os.o)
                0x0000000000121130                osConvertVirtToPhys
 .text.osGetTimeRef
                0x00000000001211a4       0x54 /opt/devkitpro/libctru/lib/libctru.a(os.o)
                0x00000000001211a4                osGetTimeRef
 .text.osGetTime
                0x00000000001211f8       0xe4 /opt/devkitpro/libctru/lib/libctru.a(os.o)
                0x00000000001211f8                osGetTime
 .text.__libctru_gtod
                0x00000000001212dc       0x74 /opt/devkitpro/libctru/lib/libctru.a(os.o)
                0x00000000001212dc                __libctru_gtod
 .text.__ctru_speedup_config
                0x0000000000121350       0x34 /opt/devkitpro/libctru/lib/libctru.a(os.o)
                0x0000000000121350                __ctru_speedup_config
 .text.srvInit  0x0000000000121384      0x124 /opt/devkitpro/libctru/lib/libctru.a(srv.o)
                0x0000000000121384                srvInit
 .text.srvExit  0x00000000001214a8       0x58 /opt/devkitpro/libctru/lib/libctru.a(srv.o)
                0x00000000001214a8                srvExit
 .text.srvGetServiceHandleDirect
                0x0000000000121500       0x80 /opt/devkitpro/libctru/lib/libctru.a(srv.o)
                0x0000000000121500                srvGetServiceHandleDirect
 .text.srvGetServiceHandle
                0x0000000000121580       0x48 /opt/devkitpro/libctru/lib/libctru.a(srv.o)
                0x0000000000121580                srvGetServiceHandle
 .text.srvPublishToSubscriber
                0x00000000001215c8       0x38 /opt/devkitpro/libctru/lib/libctru.a(srv.o)
                0x00000000001215c8                srvPublishToSubscriber
 .text.threadCreate
                0x0000000000121600      0x188 /opt/devkitpro/libctru/lib/libctru.a(thread.o)
                0x0000000000121600                threadCreate
 .text.threadGetHandle
                0x0000000000121788       0x24 /opt/devkitpro/libctru/lib/libctru.a(thread.o)
                0x0000000000121788                threadGetHandle
 .text.threadFree
                0x00000000001217ac       0x2c /opt/devkitpro/libctru/lib/libctru.a(thread.o)
                0x00000000001217ac                threadFree
 .text.threadJoin
                0x00000000001217d8       0x24 /opt/devkitpro/libctru/lib/libctru.a(thread.o)
                0x00000000001217d8                threadJoin
 .text.threadGetCurrent
                0x00000000001217fc       0x30 /opt/devkitpro/libctru/lib/libctru.a(thread.o)
                0x00000000001217fc                threadGetCurrent
 .text.threadExit
                0x000000000012182c       0x40 /opt/devkitpro/libctru/lib/libctru.a(thread.o)
                0x000000000012182c                threadExit
 .text._thread_begin
                0x000000000012186c       0x44 /opt/devkitpro/libctru/lib/libctru.a(thread.o)
 .text.mappableFindAddressWithin
                0x00000000001218b0       0x94 /opt/devkitpro/libctru/lib/libctru.a(mappable.o)
 .text.mappableInit
                0x0000000000121944       0x28 /opt/devkitpro/libctru/lib/libctru.a(mappable.o)
                0x0000000000121944                mappableInit
 .text.mappableAlloc
                0x000000000012196c       0x80 /opt/devkitpro/libctru/lib/libctru.a(mappable.o)
                0x000000000012196c                mappableAlloc
 .text.mappableFree
                0x00000000001219ec        0x4 /opt/devkitpro/libctru/lib/libctru.a(mappable.o)
                0x00000000001219ec                mappableFree
 .text.irrstInit
                0x00000000001219f0      0x160 /opt/devkitpro/libctru/lib/libctru.a(irrst.o)
                0x00000000001219f0                irrstInit
 .text.irrstExit
                0x0000000000121b50       0xcc /opt/devkitpro/libctru/lib/libctru.a(irrst.o)
                0x0000000000121b50                irrstExit
 .text.irrstScanInput
                0x0000000000121c1c       0xb0 /opt/devkitpro/libctru/lib/libctru.a(irrst.o)
                0x0000000000121c1c                irrstScanInput
 .text.irrstKeysHeld
                0x0000000000121ccc       0x24 /opt/devkitpro/libctru/lib/libctru.a(irrst.o)
                0x0000000000121ccc                irrstKeysHeld
 .text.irrstCstickRead
                0x0000000000121cf0       0x18 /opt/devkitpro/libctru/lib/libctru.a(irrst.o)
                0x0000000000121cf0                irrstCstickRead
 .text.srvPmGetSessionHandle
                0x0000000000121d08        0xc /opt/devkitpro/libctru/lib/libctru.a(srvpm.o)
                0x0000000000121d08                srvPmGetSessionHandle
 .text.ptmSysmInit
                0x0000000000121d14       0x74 /opt/devkitpro/libctru/lib/libctru.a(ptmsysm.o)
                0x0000000000121d14                ptmSysmInit
 .text.ptmSysmExit
                0x0000000000121d88       0x3c /opt/devkitpro/libctru/lib/libctru.a(ptmsysm.o)
                0x0000000000121d88                ptmSysmExit
 .text.PTMSYSM_ConfigureNew3DSCPU
                0x0000000000121dc4       0x34 /opt/devkitpro/libctru/lib/libctru.a(ptmsysm.o)
                0x0000000000121dc4                PTMSYSM_ConfigureNew3DSCPU
 .text.rbtree_node_next
                0x0000000000121df8       0x50 /opt/devkitpro/libctru/lib/libctru.a(rbtree_iterator.o)
                0x0000000000121df8                rbtree_node_next
 .text.encode_utf16
                0x0000000000121e48       0x60 /opt/devkitpro/libctru/lib/libctru.a(encode_utf16.o)
                0x0000000000121e48                encode_utf16
 .text.encode_utf8
                0x0000000000121ea8       0xfc /opt/devkitpro/libctru/lib/libctru.a(encode_utf8.o)
                0x0000000000121ea8                encode_utf8
 .text.decode_utf8
                0x0000000000121fa4      0x13c /opt/devkitpro/libctru/lib/libctru.a(decode_utf8.o)
                0x0000000000121fa4                decode_utf8
 .text.__appInit
                0x00000000001220e0       0x30 /opt/devkitpro/libctru/lib/libctru.a(appInit.o)
                0x00000000001220e0                __appInit
 .text.__libctru_nanosleep
                0x0000000000122110       0x30 /opt/devkitpro/libctru/lib/libctru.a(syscalls.o)
 .text.__libctru_get_reent
                0x0000000000122140       0x30 /opt/devkitpro/libctru/lib/libctru.a(syscalls.o)
 .text.__system_initSyscalls
                0x0000000000122170       0xf8 /opt/devkitpro/libctru/lib/libctru.a(syscalls.o)
                0x0000000000122170                __system_initSyscalls
 .text.__appExit
                0x0000000000122268       0x30 /opt/devkitpro/libctru/lib/libctru.a(appExit.o)
                0x0000000000122268                __appExit
 .text.__libctru_exit
                0x0000000000122298       0x90 /opt/devkitpro/libctru/lib/libctru.a(ctru_exit.o)
                0x0000000000122298                __libctru_exit
 .text.archive_link
                0x0000000000122328       0x14 /opt/devkitpro/libctru/lib/libctru.a(archive_dev.o)
 .text.archive_dirreset
                0x000000000012233c       0x14 /opt/devkitpro/libctru/lib/libctru.a(archive_dev.o)
 .text.archive_chmod
                0x0000000000122350       0x14 /opt/devkitpro/libctru/lib/libctru.a(archive_dev.o)
 .text.error_cmp
                0x0000000000122364       0x24 /opt/devkitpro/libctru/lib/libctru.a(archive_dev.o)
 .text.archive_translate_error
                0x0000000000122388       0x50 /opt/devkitpro/libctru/lib/libctru.a(archive_dev.o)
 .text.archive_seek
                0x00000000001223d8       0xd4 /opt/devkitpro/libctru/lib/libctru.a(archive_dev.o)
 .text._archiveInit.part.0
                0x00000000001224ac       0x7c /opt/devkitpro/libctru/lib/libctru.a(archive_dev.o)
 .text.archiveFindDevice.part.0
                0x0000000000122528       0x8c /opt/devkitpro/libctru/lib/libctru.a(archive_dev.o)
 .text.archive_utf16path
                0x00000000001225b4      0x294 /opt/devkitpro/libctru/lib/libctru.a(archive_dev.o)
 .text._archiveUnmountDeviceStruct.part.0
                0x0000000000122848       0xa0 /opt/devkitpro/libctru/lib/libctru.a(archive_dev.o)
 .text.archive_fchmod
                0x00000000001228e8       0x14 /opt/devkitpro/libctru/lib/libctru.a(archive_dev.o)
 .text.archive_statvfs
                0x00000000001228fc       0x14 /opt/devkitpro/libctru/lib/libctru.a(archive_dev.o)
 .text._archiveMountDevice
                0x0000000000122910      0x158 /opt/devkitpro/libctru/lib/libctru.a(archive_dev.o)
 .text.archive_diropen
                0x0000000000122a68       0xe8 /opt/devkitpro/libctru/lib/libctru.a(archive_dev.o)
 .text.archive_fstat
                0x0000000000122b50       0xa4 /opt/devkitpro/libctru/lib/libctru.a(archive_dev.o)
 .text.archive_close
                0x0000000000122bf4       0x6c /opt/devkitpro/libctru/lib/libctru.a(archive_dev.o)
 .text.archive_fsync
                0x0000000000122c60       0x6c /opt/devkitpro/libctru/lib/libctru.a(archive_dev.o)
 .text.archive_dirclose
                0x0000000000122ccc       0x70 /opt/devkitpro/libctru/lib/libctru.a(archive_dev.o)
 .text.sdmc_statvfs
                0x0000000000122d3c       0xe8 /opt/devkitpro/libctru/lib/libctru.a(archive_dev.o)
 .text.archive_ftruncate
                0x0000000000122e24       0x80 /opt/devkitpro/libctru/lib/libctru.a(archive_dev.o)
 .text.archive_chdir
                0x0000000000122ea4       0xfc /opt/devkitpro/libctru/lib/libctru.a(archive_dev.o)
 .text.archive_read
                0x0000000000122fa0       0xb0 /opt/devkitpro/libctru/lib/libctru.a(archive_dev.o)
 .text.archive_unlink
                0x0000000000123050       0xac /opt/devkitpro/libctru/lib/libctru.a(archive_dev.o)
 .text.archive_rmdir
                0x00000000001230fc       0xc8 /opt/devkitpro/libctru/lib/libctru.a(archive_dev.o)
 .text.archive_mkdir
                0x00000000001231c4       0xec /opt/devkitpro/libctru/lib/libctru.a(archive_dev.o)
 .text.archive_stat
                0x00000000001232b0      0x1a8 /opt/devkitpro/libctru/lib/libctru.a(archive_dev.o)
 .text.archive_rename
                0x0000000000123458      0x184 /opt/devkitpro/libctru/lib/libctru.a(archive_dev.o)
 .text.archive_dirnext
                0x00000000001235dc      0x168 /opt/devkitpro/libctru/lib/libctru.a(archive_dev.o)
 .text.archive_write
                0x0000000000123744      0x12c /opt/devkitpro/libctru/lib/libctru.a(archive_dev.o)
 .text.archive_open
                0x0000000000123870      0x1f0 /opt/devkitpro/libctru/lib/libctru.a(archive_dev.o)
 .text.archiveMountSdmc
                0x0000000000123a60      0x1a4 /opt/devkitpro/libctru/lib/libctru.a(archive_dev.o)
                0x0000000000123a60                archiveMountSdmc
 .text.archiveUnmountAll
                0x0000000000123c04       0x54 /opt/devkitpro/libctru/lib/libctru.a(archive_dev.o)
                0x0000000000123c04                archiveUnmountAll
 .text.cosf     0x0000000000123c58      0x22c /opt/devkitpro/devkitARM/bin/../lib/gcc/arm-none-eabi/10.2.0/../../../../arm-none-eabi/lib/armv6k/fpu/libm.a(lib_a-cosf.o)
                0x0000000000123c58                cosf
 .text.with_errnof
                0x0000000000123e84       0x24 /opt/devkitpro/devkitARM/bin/../lib/gcc/arm-none-eabi/10.2.0/../../../../arm-none-eabi/lib/armv6k/fpu/libm.a(lib_a-math_errf.o)
 .text.__math_invalidf
                0x0000000000123ea8       0x1c /opt/devkitpro/devkitARM/bin/../lib/gcc/arm-none-eabi/10.2.0/../../../../arm-none-eabi/lib/armv6k/fpu/libm.a(lib_a-math_errf.o)
                0x0000000000123ea8                __math_invalidf
 *fill*         0x0000000000123ec4        0x4 
 .text.pow      0x0000000000123ec8      0x6f8 /opt/devkitpro/devkitARM/bin/../lib/gcc/arm-none-eabi/10.2.0/../../../../arm-none-eabi/lib/armv6k/fpu/libm.a(lib_a-pow.o)
                0x0000000000123ec8                pow
 .text.cos      0x00000000001245c0       0xc0 /opt/devkitpro/devkitARM/bin/../lib/gcc/arm-none-eabi/10.2.0/../../../../arm-none-eabi/lib/armv6k/fpu/libm.a(lib_a-s_cos.o)
                0x00000000001245c0                cos
 .text.floor    0x0000000000124680      0x164 /opt/devkitpro/devkitARM/bin/../lib/gcc/arm-none-eabi/10.2.0/../../../../arm-none-eabi/lib/armv6k/fpu/libm.a(lib_a-s_floor.o)
                0x0000000000124680                floor
 *fill*         0x00000000001247e4        0x4 
 .text.sinf     0x00000000001247e8      0x274 /opt/devkitpro/devkitARM/bin/../lib/gcc/arm-none-eabi/10.2.0/../../../../arm-none-eabi/lib/armv6k/fpu/libm.a(lib_a-sinf.o)
                0x00000000001247e8                sinf
 .text.ldexp    0x0000000000124a5c       0x8c /opt/devkitpro/devkitARM/bin/../lib/gcc/arm-none-eabi/10.2.0/../../../../arm-none-eabi/lib/armv6k/fpu/libm.a(lib_a-s_ldexp.o)
                0x0000000000124a5c                ldexp
 .text.scalbn   0x0000000000124ae8      0x138 /opt/devkitpro/devkitARM/bin/../lib/gcc/arm-none-eabi/10.2.0/../../../../arm-none-eabi/lib/armv6k/fpu/libm.a(lib_a-s_scalbn.o)
                0x0000000000124ae8                scalbn
 .text.sin      0x0000000000124c20       0xc8 /opt/devkitpro/devkitARM/bin/../lib/gcc/arm-none-eabi/10.2.0/../../../../arm-none-eabi/lib/armv6k/fpu/libm.a(lib_a-s_sin.o)
                0x0000000000124c20                sin
 .text.sqrtf    0x0000000000124ce8       0x70 /opt/devkitpro/devkitARM/bin/../lib/gcc/arm-none-eabi/10.2.0/../../../../arm-none-eabi/lib/armv6k/fpu/libm.a(lib_a-wf_sqrt.o)
                0x0000000000124ce8                sqrtf
 .text.sqrt     0x0000000000124d58       0x74 /opt/devkitpro/devkitARM/bin/../lib/gcc/arm-none-eabi/10.2.0/../../../../arm-none-eabi/lib/armv6k/fpu/libm.a(lib_a-w_sqrt.o)
                0x0000000000124d58                sqrt
 .text.__ieee754_sqrtf
                0x0000000000124dcc        0x8 /opt/devkitpro/devkitARM/bin/../lib/gcc/arm-none-eabi/10.2.0/../../../../arm-none-eabi/lib/armv6k/fpu/libm.a(lib_a-ef_sqrt.o)
                0x0000000000124dcc                __ieee754_sqrtf
 *fill*         0x0000000000124dd4        0x4 
 .text.__ieee754_rem_pio2
                0x0000000000124dd8      0x328 /opt/devkitpro/devkitARM/bin/../lib/gcc/arm-none-eabi/10.2.0/../../../../arm-none-eabi/lib/armv6k/fpu/libm.a(lib_a-e_rem_pio2.o)
                0x0000000000124dd8                __ieee754_rem_pio2
 .text.__ieee754_sqrt
                0x0000000000125100        0x8 /opt/devkitpro/devkitARM/bin/../lib/gcc/arm-none-eabi/10.2.0/../../../../arm-none-eabi/lib/armv6k/fpu/libm.a(lib_a-e_sqrt.o)
                0x0000000000125100                __ieee754_sqrt
 .text.__kernel_cos
                0x0000000000125108      0x158 /opt/devkitpro/devkitARM/bin/../lib/gcc/arm-none-eabi/10.2.0/../../../../arm-none-eabi/lib/armv6k/fpu/libm.a(lib_a-k_cos.o)
                0x0000000000125108                __kernel_cos
 .text.__kernel_rem_pio2
                0x0000000000125260      0x88c /opt/devkitpro/devkitARM/bin/../lib/gcc/arm-none-eabi/10.2.0/../../../../arm-none-eabi/lib/armv6k/fpu/libm.a(lib_a-k_rem_pio2.o)
                0x0000000000125260                __kernel_rem_pio2
 *fill*         0x0000000000125aec        0x4 
 .text.__kernel_sin
                0x0000000000125af0       0xc0 /opt/devkitpro/devkitARM/bin/../lib/gcc/arm-none-eabi/10.2.0/../../../../arm-none-eabi/lib/armv6k/fpu/libm.a(lib_a-k_sin.o)
                0x0000000000125af0                __kernel_sin
 .text.with_errno
                0x0000000000125bb0       0x24 /opt/devkitpro/devkitARM/bin/../lib/gcc/arm-none-eabi/10.2.0/../../../../arm-none-eabi/lib/armv6k/fpu/libm.a(lib_a-math_err.o)
 .text.xflow    0x0000000000125bd4       0x28 /opt/devkitpro/devkitARM/bin/../lib/gcc/arm-none-eabi/10.2.0/../../../../arm-none-eabi/lib/armv6k/fpu/libm.a(lib_a-math_err.o)
 *fill*         0x0000000000125bfc        0x4 
 .text.__math_uflow
                0x0000000000125c00       0x10 /opt/devkitpro/devkitARM/bin/../lib/gcc/arm-none-eabi/10.2.0/../../../../arm-none-eabi/lib/armv6k/fpu/libm.a(lib_a-math_err.o)
                0x0000000000125c00                __math_uflow
 .text.__math_oflow
                0x0000000000125c10       0x10 /opt/devkitpro/devkitARM/bin/../lib/gcc/arm-none-eabi/10.2.0/../../../../arm-none-eabi/lib/armv6k/fpu/libm.a(lib_a-math_err.o)
                0x0000000000125c10                __math_oflow
 .text.__math_divzero
                0x0000000000125c20       0x50 /opt/devkitpro/devkitARM/bin/../lib/gcc/arm-none-eabi/10.2.0/../../../../arm-none-eabi/lib/armv6k/fpu/libm.a(lib_a-math_err.o)
                0x0000000000125c20                __math_divzero
 .text.__math_invalid
                0x0000000000125c70       0x1c /opt/devkitpro/devkitARM/bin/../lib/gcc/arm-none-eabi/10.2.0/../../../../arm-none-eabi/lib/armv6k/fpu/libm.a(lib_a-math_err.o)
                0x0000000000125c70                __math_invalid
 .text.__math_check_uflow
                0x0000000000125c8c       0x14 /opt/devkitpro/devkitARM/bin/../lib/gcc/arm-none-eabi/10.2.0/../../../../arm-none-eabi/lib/armv6k/fpu/libm.a(lib_a-math_err.o)
                0x0000000000125c8c                __math_check_uflow
 .text.__math_check_oflow
                0x0000000000125ca0       0x28 /opt/devkitpro/devkitARM/bin/../lib/gcc/arm-none-eabi/10.2.0/../../../../arm-none-eabi/lib/armv6k/fpu/libm.a(lib_a-math_err.o)
                0x0000000000125ca0                __math_check_oflow
 .text.fabs     0x0000000000125cc8       0x14 /opt/devkitpro/devkitARM/bin/../lib/gcc/arm-none-eabi/10.2.0/../../../../arm-none-eabi/lib/armv6k/fpu/libm.a(lib_a-s_fabs.o)
                0x0000000000125cc8                fabs
 .text.finite   0x0000000000125cdc       0x20 /opt/devkitpro/devkitARM/bin/../lib/gcc/arm-none-eabi/10.2.0/../../../../arm-none-eabi/lib/armv6k/fpu/libm.a(lib_a-s_finite.o)
                0x0000000000125cdc                finite
 .text.SDL_InitSubSystem
                0x0000000000125cfc      0x158 /opt/devkitpro/portlibs/3ds/lib/libSDL.a(SDL.o)
                0x0000000000125cfc                SDL_InitSubSystem
 .text.SDL_Init
                0x0000000000125e54       0x40 /opt/devkitpro/portlibs/3ds/lib/libSDL.a(SDL.o)
                0x0000000000125e54                SDL_Init
 .text.SDL_QuitSubSystem
                0x0000000000125e94       0x9c /opt/devkitpro/portlibs/3ds/lib/libSDL.a(SDL.o)
                0x0000000000125e94                SDL_QuitSubSystem
 .text.SDL_Quit
                0x0000000000125f30       0x18 /opt/devkitpro/portlibs/3ds/lib/libSDL.a(SDL.o)
                0x0000000000125f30                SDL_Quit
 .text.SDL_SetError
                0x0000000000125f48      0x208 /opt/devkitpro/portlibs/3ds/lib/libSDL.a(SDL_error.o)
                0x0000000000125f48                SDL_SetError
 .text.SDL_GetErrorMsg
                0x0000000000126150      0x2e8 /opt/devkitpro/portlibs/3ds/lib/libSDL.a(SDL_error.o)
                0x0000000000126150                SDL_GetErrorMsg
 .text.SDL_GetError
                0x0000000000126438       0x10 /opt/devkitpro/portlibs/3ds/lib/libSDL.a(SDL_error.o)
                0x0000000000126438                SDL_GetError
 .text.SDL_ClearError
                0x0000000000126448       0x14 /opt/devkitpro/portlibs/3ds/lib/libSDL.a(SDL_error.o)
                0x0000000000126448                SDL_ClearError
 .text.SDL_Error
                0x000000000012645c       0x58 /opt/devkitpro/portlibs/3ds/lib/libSDL.a(SDL_error.o)
                0x000000000012645c                SDL_Error
 .text.SDL_Parachute
                0x00000000001264b4       0x20 /opt/devkitpro/portlibs/3ds/lib/libSDL.a(SDL_fatal.o)
 .text.SDL_InstallParachute
                0x00000000001264d4       0x4c /opt/devkitpro/portlibs/3ds/lib/libSDL.a(SDL_fatal.o)
                0x00000000001264d4                SDL_InstallParachute
 .text.SDL_UninstallParachute
                0x0000000000126520       0x50 /opt/devkitpro/portlibs/3ds/lib/libSDL.a(SDL_fatal.o)
                0x0000000000126520                SDL_UninstallParachute
 .text.SDL_LockAudio_Default
                0x0000000000126570       0x30 /opt/devkitpro/portlibs/3ds/lib/libSDL.a(SDL_audio.o)
 .text.SDL_UnlockAudio_Default
                0x00000000001265a0       0x30 /opt/devkitpro/portlibs/3ds/lib/libSDL.a(SDL_audio.o)
 .text.SDL_RunAudio
                0x00000000001265d0      0x19c /opt/devkitpro/portlibs/3ds/lib/libSDL.a(SDL_audio.o)
                0x00000000001265d0                SDL_RunAudio
 .text.SDL_OpenAudio
                0x000000000012676c      0x4cc /opt/devkitpro/portlibs/3ds/lib/libSDL.a(SDL_audio.o)
                0x000000000012676c                SDL_OpenAudio
 .text.SDL_PauseAudio
                0x0000000000126c38       0x18 /opt/devkitpro/portlibs/3ds/lib/libSDL.a(SDL_audio.o)
                0x0000000000126c38                SDL_PauseAudio
 .text.SDL_LockAudio
                0x0000000000126c50       0x24 /opt/devkitpro/portlibs/3ds/lib/libSDL.a(SDL_audio.o)
                0x0000000000126c50                SDL_LockAudio
 .text.SDL_UnlockAudio
                0x0000000000126c74       0x24 /opt/devkitpro/portlibs/3ds/lib/libSDL.a(SDL_audio.o)
                0x0000000000126c74                SDL_UnlockAudio
 .text.SDL_CloseAudio
                0x0000000000126c98        0x8 /opt/devkitpro/portlibs/3ds/lib/libSDL.a(SDL_audio.o)
                0x0000000000126c98                SDL_CloseAudio
 .text.SDL_AudioQuit
                0x0000000000126ca0       0xac /opt/devkitpro/portlibs/3ds/lib/libSDL.a(SDL_audio.o)
                0x0000000000126ca0                SDL_AudioQuit
 .text.SDL_AudioInit
                0x0000000000126d4c      0x104 /opt/devkitpro/portlibs/3ds/lib/libSDL.a(SDL_audio.o)
                0x0000000000126d4c                SDL_AudioInit
 .text.SDL_FirstAudioFormat
                0x0000000000126e50       0xa8 /opt/devkitpro/portlibs/3ds/lib/libSDL.a(SDL_audio.o)
                0x0000000000126e50                SDL_FirstAudioFormat
 .text.SDL_NextAudioFormat
                0x0000000000126ef8       0x54 /opt/devkitpro/portlibs/3ds/lib/libSDL.a(SDL_audio.o)
                0x0000000000126ef8                SDL_NextAudioFormat
 .text.SDL_CalculateAudioSpec
                0x0000000000126f4c       0x34 /opt/devkitpro/portlibs/3ds/lib/libSDL.a(SDL_audio.o)
                0x0000000000126f4c                SDL_CalculateAudioSpec
 .text.SDL_ConvertMono
                0x0000000000126f80      0x27c /opt/devkitpro/portlibs/3ds/lib/libSDL.a(SDL_audiocvt.o)
                0x0000000000126f80                SDL_ConvertMono
 .text.SDL_ConvertStrip
                0x00000000001271fc      0x290 /opt/devkitpro/portlibs/3ds/lib/libSDL.a(SDL_audiocvt.o)
                0x00000000001271fc                SDL_ConvertStrip
 .text.SDL_ConvertStrip_2
                0x000000000012748c      0x294 /opt/devkitpro/portlibs/3ds/lib/libSDL.a(SDL_audiocvt.o)
                0x000000000012748c                SDL_ConvertStrip_2
 .text.SDL_ConvertStereo
                0x0000000000127720       0xa0 /opt/devkitpro/portlibs/3ds/lib/libSDL.a(SDL_audiocvt.o)
                0x0000000000127720                SDL_ConvertStereo
 .text.SDL_ConvertSurround
                0x00000000001277c0      0x414 /opt/devkitpro/portlibs/3ds/lib/libSDL.a(SDL_audiocvt.o)
                0x00000000001277c0                SDL_ConvertSurround
 .text.SDL_ConvertSurround_4
                0x0000000000127bd4      0x38c /opt/devkitpro/portlibs/3ds/lib/libSDL.a(SDL_audiocvt.o)
                0x0000000000127bd4                SDL_ConvertSurround_4
 .text.SDL_Convert16LSB
                0x0000000000127f60       0x70 /opt/devkitpro/portlibs/3ds/lib/libSDL.a(SDL_audiocvt.o)
                0x0000000000127f60                SDL_Convert16LSB
 .text.SDL_Convert16MSB
                0x0000000000127fd0       0x80 /opt/devkitpro/portlibs/3ds/lib/libSDL.a(SDL_audiocvt.o)
                0x0000000000127fd0                SDL_Convert16MSB
 .text.SDL_Convert8
                0x0000000000128050       0x8c /opt/devkitpro/portlibs/3ds/lib/libSDL.a(SDL_audiocvt.o)
                0x0000000000128050                SDL_Convert8
 .text.SDL_ConvertSign
                0x00000000001280dc       0xa4 /opt/devkitpro/portlibs/3ds/lib/libSDL.a(SDL_audiocvt.o)
                0x00000000001280dc                SDL_ConvertSign
 .text.SDL_ConvertEndian
                0x0000000000128180       0x64 /opt/devkitpro/portlibs/3ds/lib/libSDL.a(SDL_audiocvt.o)
                0x0000000000128180                SDL_ConvertEndian
 .text.SDL_RateMUL2
                0x00000000001281e4       0xc8 /opt/devkitpro/portlibs/3ds/lib/libSDL.a(SDL_audiocvt.o)
                0x00000000001281e4                SDL_RateMUL2
 .text.SDL_RateMUL2_c2
                0x00000000001282ac      0x110 /opt/devkitpro/portlibs/3ds/lib/libSDL.a(SDL_audiocvt.o)
                0x00000000001282ac                SDL_RateMUL2_c2
 .text.SDL_RateMUL2_c4
                0x00000000001283bc      0x178 /opt/devkitpro/portlibs/3ds/lib/libSDL.a(SDL_audiocvt.o)
                0x00000000001283bc                SDL_RateMUL2_c4
 .text.SDL_RateMUL2_c6
                0x0000000000128534      0x1e0 /opt/devkitpro/portlibs/3ds/lib/libSDL.a(SDL_audiocvt.o)
                0x0000000000128534                SDL_RateMUL2_c6
 .text.SDL_RateDIV2
                0x0000000000128714       0xe8 /opt/devkitpro/portlibs/3ds/lib/libSDL.a(SDL_audiocvt.o)
                0x0000000000128714                SDL_RateDIV2
 .text.SDL_RateDIV2_c2
                0x00000000001287fc       0xf4 /opt/devkitpro/portlibs/3ds/lib/libSDL.a(SDL_audiocvt.o)
                0x00000000001287fc                SDL_RateDIV2_c2
 .text.SDL_RateDIV2_c4
                0x00000000001288f0      0x11c /opt/devkitpro/portlibs/3ds/lib/libSDL.a(SDL_audiocvt.o)
                0x00000000001288f0                SDL_RateDIV2_c4
 .text.SDL_RateDIV2_c6
                0x0000000000128a0c      0x158 /opt/devkitpro/portlibs/3ds/lib/libSDL.a(SDL_audiocvt.o)
                0x0000000000128a0c                SDL_RateDIV2_c6
 .text.SDL_ConvertAudio
                0x0000000000128b64       0x58 /opt/devkitpro/portlibs/3ds/lib/libSDL.a(SDL_audiocvt.o)
                0x0000000000128b64                SDL_ConvertAudio
 *fill*         0x0000000000128bbc        0x4 
 .text.SDL_BuildAudioCVT
                0x0000000000128bc0      0x5e0 /opt/devkitpro/portlibs/3ds/lib/libSDL.a(SDL_audiocvt.o)
                0x0000000000128bc0                SDL_BuildAudioCVT
 .text.stdio_write
                0x00000000001291a0       0x4c /opt/devkitpro/portlibs/3ds/lib/libSDL.a(SDL_rwops.o)
 .text.stdio_read
                0x00000000001291ec       0x4c /opt/devkitpro/portlibs/3ds/lib/libSDL.a(SDL_rwops.o)
 .text.stdio_seek
                0x0000000000129238       0x34 /opt/devkitpro/portlibs/3ds/lib/libSDL.a(SDL_rwops.o)
 .text.stdio_close
                0x000000000012926c       0x34 /opt/devkitpro/portlibs/3ds/lib/libSDL.a(SDL_rwops.o)
 .text.SDL_RWFromFile
                0x00000000001292a0       0xbc /opt/devkitpro/portlibs/3ds/lib/libSDL.a(SDL_rwops.o)
                0x00000000001292a0                SDL_RWFromFile